******************************************************************************
                  TI ARM Linker PC v20.2.1                     
******************************************************************************
>> Linked Thu Sep 24 20:18:22 2020

OUTPUT FILE NAME:   <Assignment1_Task2.out>
ENTRY POINT SYMBOL: "_c_int00_noargs"  address: 00000f51


MEMORY CONFIGURATION

         name            origin    length      used     unused   attr    fill
----------------------  --------  ---------  --------  --------  ----  --------
  FLASH                 00000000   00040000  0000135a  0003eca6  R  X
  SRAM                  20000000   00008000  00000125  00007edb  RW X


SEGMENT ALLOCATION MAP

run origin  load origin   length   init length attrs members
----------  ----------- ---------- ----------- ----- -------
00000000    00000000    00001360   00001360    r-x
  00000000    00000000    0000026c   0000026c    r-- .intvecs
  0000026c    0000026c    00000f3a   00000f3a    r-x .text
  000011a8    000011a8    00000184   00000184    r-- .const
  00001330    00001330    00000030   00000030    r-- .cinit
20000000    20000000    00000125   00000000    rw-
  20000000    20000000    00000100   00000000    rw- .stack
  20000100    20000100    00000020   00000000    rw- .bss
  20000120    20000120    00000005   00000000    rw- .data


SECTION ALLOCATION MAP

 output                                  attributes/
section   page    origin      length       input sections
--------  ----  ----------  ----------   ----------------
.intvecs   0    00000000    0000026c     
                  00000000    0000026c     startup_ccs.obj (.intvecs)

.text      0    0000026c    00000f3a     
                  0000026c    0000023c     main.obj (.text:main)
                  000004a8    000001ee     uartstdio.obj (.text:UARTvprintf)
                  00000696    00000132     driverlib.lib : gpio.obj (.text:GPIOPadConfigSet)
                  000007c8    00000110                   : sysctl.obj (.text:SysCtlClockGet)
                  000008d8    000000f4                   : sysctl.obj (.text:SysCtlClockSet)
                  000009cc    000000c0     main.obj (.text:get_status)
                  00000a8c    0000009c     rtsv7M4_T_le_v4SPD16_eabi.lib : memcpy_t2.asm.obj (.text)
                  00000b28    00000084     main.obj (.text:Timer1IntHandler)
                  00000bac    0000007a     driverlib.lib : adc.obj (.text:ADCSequenceStepConfigure)
                  00000c26    00000002     startup_ccs.obj (.text:FaultISR)
                  00000c28    00000068     driverlib.lib : interrupt.obj (.text:IntEnable)
                  00000c90    00000068     rtsv7M4_T_le_v4SPD16_eabi.lib : copy_decompress_lzss.c.obj (.text:decompress:lzss:__TI_decompress_lzss)
                  00000cf8    00000060     driverlib.lib : timer.obj (.text:TimerConfigure)
                  00000d58    00000060     uartstdio.obj (.text:UARTStdioConfig)
                  00000db8    00000050     driverlib.lib : adc.obj (.text:ADCSequenceConfigure)
                  00000e08    00000048                   : gpio.obj (.text:GPIOPinConfigure)
                  00000e50    00000048     uartstdio.obj (.text:UARTwrite)
                  00000e98    00000044     rtsv7M4_T_le_v4SPD16_eabi.lib : autoinit.c.obj (.text:__TI_auto_init_nobinit_nopinit:__TI_auto_init_nobinit_nopinit)
                  00000edc    00000040                                   : u_divt2.asm.obj (.text)
                  00000f1c    00000034     driverlib.lib : sysctl.obj (.text:SysCtlPeripheralEnable)
                  00000f50    00000034     rtsv7M4_T_le_v4SPD16_eabi.lib : boot_cortex_m.c.obj (.text:_c_int00_noargs:_c_int00_noargs)
                  00000f84    0000002a     driverlib.lib : gpio.obj (.text:GPIODirModeSet)
                  00000fae    00000002     startup_ccs.obj (.text:IntDefaultHandler)
                  00000fb0    00000028     main.obj (.text:display_tem_c)
                  00000fd8    00000028     main.obj (.text:display_tem_f)
                  00001000    0000001e     driverlib.lib : adc.obj (.text:ADCSequenceDataGet)
                  0000101e    0000001c     rtsv7M4_T_le_v4SPD16_eabi.lib : copy_zero_init.c.obj (.text:decompress:ZI:__TI_zero_init_nomemset:__TI_zero_init_nomemset)
                  0000103a    0000001a     uartstdio.obj (.text:UARTprintf)
                  00001054    00000018     driverlib.lib : adc.obj (.text:ADCProcessorTrigger)
                  0000106c    00000018                   : gpio.obj (.text:GPIOPinTypeGPIOOutput)
                  00001084    00000012                   : gpio.obj (.text:GPIOPinTypeUART)
                  00001096    00000012                   : timer.obj (.text:TimerLoadSet)
                  000010a8    00000010                   : interrupt.obj (.text:IntMasterEnable)
                  000010b8    00000010     main.obj (.text:blue_off)
                  000010c8    00000010     main.obj (.text:blue_on)
                  000010d8    00000010     main.obj (.text:green_off)
                  000010e8    00000010     main.obj (.text:green_on)
                  000010f8    00000010     main.obj (.text:red_off)
                  00001108    00000010     main.obj (.text:red_on)
                  00001118    0000000e     driverlib.lib : adc.obj (.text:ADCHardwareOversampleConfigure)
                  00001126    0000000e                   : adc.obj (.text:ADCSequenceEnable)
                  00001134    0000000e                   : timer.obj (.text:TimerEnable)
                  00001142    0000000e     rtsv7M4_T_le_v4SPD16_eabi.lib : copy_decompress_none.c.obj (.text:decompress:none:__TI_decompress_none)
                  00001150    0000000c     driverlib.lib : cpu.obj (.text:CPUcpsie)
                  0000115c    0000000a                   : adc.obj (.text:ADCIntClear)
                  00001166    0000000a                   : uart.obj (.text:UARTCharGet)
                  00001170    00000008                   : timer.obj (.text:TimerIntEnable)
                  00001178    00000006                   : gpio.obj (.text:GPIOPinRead)
                  0000117e    00000006                   : gpio.obj (.text:GPIOPinWrite)
                  00001184    00000006     startup_ccs.obj (.text:ResetISR)
                  0000118a    00000006     driverlib.lib : sysctl.obj (.text:SysCtlDelay)
                  00001190    00000006                   : uart.obj (.text:UARTClockSourceSet)
                  00001196    00000004                   : timer.obj (.text:TimerIntClear)
                  0000119a    00000004     rtsv7M4_T_le_v4SPD16_eabi.lib : pre_init.c.obj (.text:_system_pre_init)
                  0000119e    00000004                                   : exit.c.obj (.text:abort:abort)
                  000011a2    00000002     startup_ccs.obj (.text:NmiSR)
                  000011a4    00000002     rtsv7M4_T_le_v4SPD16_eabi.lib : div0.asm.obj (.text)

.const     0    000011a8    00000184     
                  000011a8    00000090     driverlib.lib : gpio.obj (.const:g_pui32GPIOBaseAddrs)
                  00001238    00000070                   : interrupt.obj (.const)
                  000012a8    0000006c                   : sysctl.obj (.const:g_pui32Xtals)
                  00001314    0000000c     uartstdio.obj (.const:g_ui32UARTBase)
                  00001320    0000000c     uartstdio.obj (.const:g_ui32UARTPeriph)

.cinit     0    00001330    00000030     
                  00001330    0000000c     (__TI_handler_table)
                  0000133c    00000004     --HOLE-- [fill = 0]
                  00001340    00000008     (.cinit..bss.load) [load image, compression = zero_init]
                  00001348    00000007     (.cinit..data.load) [load image, compression = lzss]
                  0000134f    00000001     --HOLE-- [fill = 0]
                  00001350    00000010     (__TI_cinit_table)

.init_array 
*          0    00000000    00000000     UNINITIALIZED

.bss       0    20000100    00000020     UNINITIALIZED
                  20000100    00000010     (.common:ui32ADC0Value)
                  20000110    00000004     (.common:ui32Period)
                  20000114    00000004     (.common:ui32TempAvg)
                  20000118    00000004     (.common:ui32TempValueC)
                  2000011c    00000004     (.common:ui32TempValueF)

.data      0    20000120    00000005     UNINITIALIZED
                  20000120    00000005     uartstdio.obj (.data)

.stack     0    20000000    00000100     UNINITIALIZED
                  20000000    00000004     rtsv7M4_T_le_v4SPD16_eabi.lib : boot_cortex_m.c.obj (.stack)
                  20000004    000000fc     --HOLE--

__llvm_prf_cnts 
*          0    20000000    00000000     UNINITIALIZED

MODULE SUMMARY

       Module                       code   ro data   rw data
       ------                       ----   -------   -------
    .\
       main.obj                     1072   0         32     
       uartstdio.obj                688    24        5      
       startup_ccs.obj              12     620       0      
    +--+----------------------------+------+---------+---------+
       Total:                       1772   644       37     
                                                            
    C:/ti/tivaware_c_series_2_1_4_178/driverlib/ccs/Debug/driverlib.lib
       sysctl.obj                   574    108       0      
       gpio.obj                     474    144       0      
       adc.obj                      294    0         0      
       interrupt.obj                120    112       0      
       timer.obj                    140    0         0      
       uart.obj                     16     0         0      
       cpu.obj                      12     0         0      
    +--+----------------------------+------+---------+---------+
       Total:                       1630   364       0      
                                                            
    C:\ti\ccs1010\ccs\tools\compiler\ti-cgt-arm_20.2.1.LTS\lib\rtsv7M4_T_le_v4SPD16_eabi.lib
       memcpy_t2.asm.obj            156    0         0      
       copy_decompress_lzss.c.obj   104    0         0      
       autoinit.c.obj               68     0         0      
       u_divt2.asm.obj              64     0         0      
       boot_cortex_m.c.obj          52     0         0      
       copy_zero_init.c.obj         28     0         0      
       copy_decompress_none.c.obj   14     0         0      
       exit.c.obj                   4      0         0      
       pre_init.c.obj               4      0         0      
       div0.asm.obj                 2      0         0      
    +--+----------------------------+------+---------+---------+
       Total:                       496    0         0      
                                                            
       Stack:                       0      0         256    
       Linker Generated:            0      43        0      
    +--+----------------------------+------+---------+---------+
       Grand Total:                 3898   1051      293    


LINKER GENERATED COPY TABLES

__TI_cinit_table @ 00001350 records: 2, size/record: 8, table size: 16
	.bss: load addr=00001340, load size=00000008 bytes, run addr=20000100, run size=00000020 bytes, compression=zero_init
	.data: load addr=00001348, load size=00000007 bytes, run addr=20000120, run size=00000005 bytes, compression=lzss


LINKER GENERATED HANDLER TABLE

__TI_handler_table @ 00001330 records: 3, size/record: 4, table size: 12
	index: 0, handler: __TI_decompress_lzss
	index: 1, handler: __TI_decompress_none
	index: 2, handler: __TI_zero_init


GLOBAL SYMBOLS: SORTED ALPHABETICALLY BY Name 

address   name                          
-------   ----                          
00001119  ADCHardwareOversampleConfigure
0000115d  ADCIntClear                   
00001055  ADCProcessorTrigger           
00000db9  ADCSequenceConfigure          
00001001  ADCSequenceDataGet            
00001127  ADCSequenceEnable             
00000bad  ADCSequenceStepConfigure      
0000119f  C$$EXIT                       
00001151  CPUcpsie                      
00000f85  GPIODirModeSet                
00000697  GPIOPadConfigSet              
00000e09  GPIOPinConfigure              
00001179  GPIOPinRead                   
0000106d  GPIOPinTypeGPIOOutput         
00001085  GPIOPinTypeUART               
0000117f  GPIOPinWrite                  
00000c29  IntEnable                     
000010a9  IntMasterEnable               
00001185  ResetISR                      
000007c9  SysCtlClockGet                
000008d9  SysCtlClockSet                
0000118b  SysCtlDelay                   
00000f1d  SysCtlPeripheralEnable        
00000b29  Timer1IntHandler              
00000cf9  TimerConfigure                
00001135  TimerEnable                   
00001197  TimerIntClear                 
00001171  TimerIntEnable                
00001097  TimerLoadSet                  
00001167  UARTCharGet                   
00001191  UARTClockSourceSet            
00000d59  UARTStdioConfig               
0000103b  UARTprintf                    
000004a9  UARTvprintf                   
00000e51  UARTwrite                     
20000100  __STACK_END                   
00000100  __STACK_SIZE                  
20000100  __STACK_TOP                   
00001350  __TI_CINIT_Base               
00001360  __TI_CINIT_Limit              
00001330  __TI_Handler_Table_Base       
0000133c  __TI_Handler_Table_Limit      
00000e99  __TI_auto_init_nobinit_nopinit
00000c91  __TI_decompress_lzss          
00001143  __TI_decompress_none          
ffffffff  __TI_pprof_out_hndl           
ffffffff  __TI_prof_data_size           
ffffffff  __TI_prof_data_start          
00000000  __TI_static_base__            
0000101f  __TI_zero_init_nomemset       
000011a5  __aeabi_idiv0                 
000011a5  __aeabi_ldiv0                 
00000a8d  __aeabi_memcpy                
00000a8d  __aeabi_memcpy4               
00000a8d  __aeabi_memcpy8               
00000edd  __aeabi_uidiv                 
00000edd  __aeabi_uidivmod              
ffffffff  __binit__                     
ffffffff  __c_args__                    
UNDEFED   __mpu_init                    
20000000  __stack                       
20000000  __start___llvm_prf_cnts       
20000000  __stop___llvm_prf_cnts        
00000f51  _c_int00_noargs               
UNDEFED   _system_post_cinit            
0000119b  _system_pre_init              
0000119f  abort                         
ffffffff  binit                         
000010b9  blue_off                      
000010c9  blue_on                       
00000fb1  display_tem_c                 
00000fd9  display_tem_f                 
00000000  g_pfnVectors                  
000009cd  get_status                    
000010d9  green_off                     
000010e9  green_on                      
0000026d  main                          
00000a8d  memcpy                        
000010f9  red_off                       
00001109  red_on                        
20000100  ui32ADC0Value                 
20000110  ui32Period                    
20000114  ui32TempAvg                   
20000118  ui32TempValueC                
2000011c  ui32TempValueF                


GLOBAL SYMBOLS: SORTED BY Symbol Address 

address   name                          
-------   ----                          
00000000  __TI_static_base__            
00000000  g_pfnVectors                  
00000100  __STACK_SIZE                  
0000026d  main                          
000004a9  UARTvprintf                   
00000697  GPIOPadConfigSet              
000007c9  SysCtlClockGet                
000008d9  SysCtlClockSet                
000009cd  get_status                    
00000a8d  __aeabi_memcpy                
00000a8d  __aeabi_memcpy4               
00000a8d  __aeabi_memcpy8               
00000a8d  memcpy                        
00000b29  Timer1IntHandler              
00000bad  ADCSequenceStepConfigure      
00000c29  IntEnable                     
00000c91  __TI_decompress_lzss          
00000cf9  TimerConfigure                
00000d59  UARTStdioConfig               
00000db9  ADCSequenceConfigure          
00000e09  GPIOPinConfigure              
00000e51  UARTwrite                     
00000e99  __TI_auto_init_nobinit_nopinit
00000edd  __aeabi_uidiv                 
00000edd  __aeabi_uidivmod              
00000f1d  SysCtlPeripheralEnable        
00000f51  _c_int00_noargs               
00000f85  GPIODirModeSet                
00000fb1  display_tem_c                 
00000fd9  display_tem_f                 
00001001  ADCSequenceDataGet            
0000101f  __TI_zero_init_nomemset       
0000103b  UARTprintf                    
00001055  ADCProcessorTrigger           
0000106d  GPIOPinTypeGPIOOutput         
00001085  GPIOPinTypeUART               
00001097  TimerLoadSet                  
000010a9  IntMasterEnable               
000010b9  blue_off                      
000010c9  blue_on                       
000010d9  green_off                     
000010e9  green_on                      
000010f9  red_off                       
00001109  red_on                        
00001119  ADCHardwareOversampleConfigure
00001127  ADCSequenceEnable             
00001135  TimerEnable                   
00001143  __TI_decompress_none          
00001151  CPUcpsie                      
0000115d  ADCIntClear                   
00001167  UARTCharGet                   
00001171  TimerIntEnable                
00001179  GPIOPinRead                   
0000117f  GPIOPinWrite                  
00001185  ResetISR                      
0000118b  SysCtlDelay                   
00001191  UARTClockSourceSet            
00001197  TimerIntClear                 
0000119b  _system_pre_init              
0000119f  C$$EXIT                       
0000119f  abort                         
000011a5  __aeabi_idiv0                 
000011a5  __aeabi_ldiv0                 
00001330  __TI_Handler_Table_Base       
0000133c  __TI_Handler_Table_Limit      
00001350  __TI_CINIT_Base               
00001360  __TI_CINIT_Limit              
20000000  __stack                       
20000000  __start___llvm_prf_cnts       
20000000  __stop___llvm_prf_cnts        
20000100  __STACK_END                   
20000100  __STACK_TOP                   
20000100  ui32ADC0Value                 
20000110  ui32Period                    
20000114  ui32TempAvg                   
20000118  ui32TempValueC                
2000011c  ui32TempValueF                
ffffffff  __TI_pprof_out_hndl           
ffffffff  __TI_prof_data_size           
ffffffff  __TI_prof_data_start          
ffffffff  __binit__                     
ffffffff  __c_args__                    
ffffffff  binit                         
UNDEFED   __mpu_init                    
UNDEFED   _system_post_cinit            

[85 symbols]
