******************************************************************************
                  TI ARM Linker PC v20.2.1                     
******************************************************************************
>> Linked Thu Dec  3 20:18:17 2020

OUTPUT FILE NAME:   <sensor_CC1352R1_LAUNCHXL_tirtos_ccs.out>
ENTRY POINT SYMBOL: "ResetISR"  address: 00010d91


MEMORY CONFIGURATION

         name            origin    length      used     unused   attr    fill
----------------------  --------  ---------  --------  --------  ----  --------
  FLASH                 00000000   00052000  00015be0  0003c420  R  X
  FLASH_NV              00052000   00004000  00004000  00000000  RW X
  FLASH_LAST            00056000   00002000  00002000  00000000  R  X
  SRAM                  20000000   00014000  000043d5  0000fc2b  RW X


SEGMENT ALLOCATION MAP

run origin  load origin   length   init length attrs members
----------  ----------- ---------- ----------- ----- -------
00000000    00000000    00015be8   00015be8    r-x
  00000000    00000000    0000003c   0000003c    r-- .resetVecs
  0000003c    0000003c    00002010   00002010    r-- .const
  00002050    00002050    000136ec   000136ec    r-x .text.1
  00015740    00015740    000004a8   000004a8    r-- .cinit
00052000    00052000    00004000   00000000    rw-
  00052000    00052000    00004000   00000000    rw- .TI.bound:flashBuf0
00056000    00056000    00002000   00002000    r-x
  00056000    00056000    00001fa8   00001fa8    r-x .text.2
  00057fa8    00057fa8    00000058   00000058    r-- .ccfg
20000100    20000100    00003da1   00000000    rw-
  20000100    20000100    00000004   00000000    rw- .data:xdcRomConstPtr
  20000104    20000104    00000004   00000000    rw- .data:xdcRomExternFuncPtr
  20000108    20000108    00000004   00000000    rw- .data:xdcRomStatePtr
  2000010c    2000010c    00000010   00000000    rw- .data:RAM_MAC_BASE_ADDR
  20000120    20000120    00002819   00000000    rw- .data
  20002940    20002940    00001561   00000000    rw- .bss
20013aa0    20013aa0    00000560   00000000    rw-
  20013aa0    20013aa0    00000560   00000000    rw- .stack


SECTION ALLOCATION MAP

 output                                  attributes/
section   page    origin      length       input sections
--------  ----  ----------  ----------   ----------------
.const     0    0000003c    00002010     
                  0000003c    00000568     maclib_secure_cc13x2.a : hmac_rom_init.obj (.const:HMAC_ROM_Flash_JT)
                  000005a4    000003b8     app_pem4f.oem4f (.const:ROM_constStruct)
                  0000095c    00000258     maclib_secure_cc13x2.a : fh_rom_init.obj (.const:FH_ROM_Flash_JT)
                  00000bb4    000001f0     rf_multiMode_cc13x2.aem4f : rf_patch_cpe_prop.c.cc13x2.ccs.o (.const:patchImageProp)
                  00000da4    0000010c     <whole-program> (.const:.string)
                  00000eb0    00000101     rtsv7M4_T_le_v4SPD16_eabi.lib : ctype.c.obj (.const:.string:_ctypes_)
                  00000fb1    00000100     crc.obj (.const:.string:crc_table$13)
                  000010b1    000000fa     maclib_secure_cc13x2.a : fh_global.obj (.const:FH_stateMatrix)
                  000011ab    000000f8     mac_cfg.obj (.const:macPibTbl)
                  000012a3    00000001     ti_drivers_config.obj (.const:aesccmCC26XXHWAttrs)
                  000012a4    000000cc     maclib_secure_cc13x2.a : lmac_rom_init.obj (.const:LMAC_ROM_Flash_JT)
                  00001370    000000ac     ti_radio_config.obj (.const:$O3$$)
                  0000141c    0000008c     mac_cfg.obj (.const:FHPIB_defaults)
                  000014a8    00000088     mac_cfg.obj (.const:macPibDefaults)
                  00001530    00000080     drivers_cc13x2.a : Random.oem4f (.const:$P$T0$1)
                  000015b0    00000072     maclib_secure_cc13x2.a : hmac_global.obj (.const:macAssociatingSt)
                  00001622    00000072                            : hmac_global.obj (.const:macIdleSt)
                  00001694    00000072                            : hmac_global.obj (.const:macPollingSt)
                  00001706    00000072                            : hmac_global.obj (.const:macScanningSt)
                  00001778    00000072                            : hmac_global.obj (.const:macStartingSt)
                  000017ea    00000002     ti_drivers_config.obj (.const:ButtonHWAttrs)
                  000017ec    0000006c     maclib_secure_cc13x2.a : icall_osal_rom_init.obj (.const:ICALL_OSAL_ROM_Flash_JT)
                  00001858    0000006c     mac_user_config.obj (.const:macRfDriverTable)
                  000018c4    00000058     mac_cfg.obj (.const:macSecurityPibTbl)
                  0000191c    00000054     drivers_cc13x2.a : PowerCC26X2.oem4f (.const:resourceDB)
                  00001970    00000050     mac_cfg.obj (.const:macMRFSKStdPhyTable)
                  000019c0    00000048     app_pem4f.oem4f (.const:.string)
                  00001a08    00000048     app_pem4f.oem4f (.const:ROM_externFuncPtrs)
                  00001a50    00000040     mac_user_config.obj (.const:macCryptoDriverTable)
                  00001a90    00000040     maclib_secure_cc13x2.a : hmac_global.obj (.const:macTimerRolloverValue)
                  00001ad0    00000038     ti_drivers_config.obj (.const:$O1$$)
                  00001b08    00000038     jdllc.obj (.const:$O8$$)
                  00001b40    00000038     maclib_secure_cc13x2.a : hmac_global.obj (.const:macCmdIncludeFHIe)
                  00001b78    00000028     drivers_cc13x2.a : NVSCC26XX.oem4f (.const:NVSCC26XX_fxnTable)
                  00001ba0    00000028                      : UARTCC26XX.oem4f (.const:UARTCC26XX_fxnTable)
                  00001bc8    00000028     app_pem4f.oem4f (.const:ti_sysbios_heaps_HeapCallback_Module__FXNS__C)
                  00001bf0    00000028     ti_drivers_config.obj (.const:uartCC26XXHWAttrs)
                  00001c18    00000028     app_pem4f.oem4f (.const:xdc_runtime_Startup_sfxnTab__A)
                  00001c40    00000024     cui.obj (.const:$O5$$)
                  00001c64    00000024     drivers_cc13x2.a : UART.oem4f (.const:UART_defaultParams)
                  00001c88    00000024     app_pem4f.oem4f (.const:ti_sysbios_gates_GateMutexPri_Module__FXNS__C)
                  00001cac    00000020     ssf.obj (.const:$O11$$)
                  00001ccc    00000020     mac_user_config.obj (.const:$P$T0$1$12)
                  00001cec    00000020     rf_multiMode_cc13x2.aem4f : RFCC26X2_multiMode.c.cc13x2.ccs.o (.const:RF_defaultParams)
                  00001d0c    00000020     jdllc.obj (.const:keyDeviceList$5)
                  00001d2c    00000020     app_pem4f.oem4f (.const:ti_sysbios_gates_GateMutexPri_Object__DESC__C)
                  00001d4c    00000020     app_pem4f.oem4f (.const:ti_sysbios_heaps_HeapCallback_Object__DESC__C)
                  00001d6c    0000001c     CC1352R1_LAUNCHXL_fxns.obj (.const:$O1$$)
                  00001d88    0000001c     app_pem4f.oem4f (.const:ti_sysbios_heaps_HeapCallback_Object__PARAMS__C)
                  00001da4    00000018     drivers_cc13x2.a : PWM.oem4f (.const:PWM_defaultParams)
                  00001dbc    00000018                      : GPIOCC26XX.oem4f (.const:interruptType)
                  00001dd4    00000018     maclib_secure_cc13x2.a : hmac_global.obj (.const:macSendMsgBufSize)
                  00001dec    00000018     app_pem4f.oem4f (.const:ti_sysbios_gates_GateMutexPri_Object__PARAMS__C)
                  00001e04    00000014     ti_drivers_config.obj (.const:GPIOCC26XX_config)
                  00001e18    00000014     ti_drivers_config.obj (.const:PowerCC26X2_config)
                  00001e2c    00000014     drivers_cc13x2.a : UARTCC26XX.oem4f (.const:parityType)
                  00001e40    00000014     app_pem4f.oem4f (.const:xdc_runtime_Startup_sfxnRts__A)
                  00001e54    00000013     macTask.obj (.const:.string:msacbackSizeTable)
                  00001e67    00000011     ti_drivers_config.obj (.const)
                  00001e78    00000010     drivers_cc13x2.a : AESCCM.oem4f (.const:AESCCM_defaultParams)
                  00001e88    00000010     ti_drivers_config.obj (.const:Button_config)
                  00001e98    00000010     drivers_cc13x2.a : Button.oem4f (.const:Button_defaultParams)
                  00001ea8    00000010     ti_drivers_config.obj (.const:LED_config)
                  00001eb8    00000010     drivers_cc13x2.a : TRNG.oem4f (.const:TRNG_defaultParams)
                  00001ec8    00000010                      : UARTCC26XX.oem4f (.const:dataLength)
                  00001ed8    00000010     maclib_secure_cc13x2.a : hmac_global.obj (.const:macIEEEPhyTable)
                  00001ee8    00000010     drivers_cc13x2.a : GPIOCC26XX.oem4f (.const:outPinTypes)
                  00001ef8    0000000e     maclib_secure_cc13x2.a : hmac_global.obj (.const:.string:macCmdBufSize)
                  00001f06    0000000e                            : hmac_global.obj (.const:.string:macTxFrameFailed)
                  00001f14    0000000e                            : hmac_global.obj (.const:.string:macTxFrameSuccess)
                  00001f22    00000002     jdllc.obj (.const:keyUsageList$5)
                  00001f24    0000000c     drivers_cc13x2.a : Random.oem4f (.const:$P$T1$2)
                  00001f30    0000000c     maclib_secure_cc13x2.a : hmac_global.obj (.const:.string:macCbackEventTbl)
                  00001f3c    0000000c                            : hmac_global.obj (.const:.string:macSendMsgDataSize)
                  00001f48    0000000c     ti_drivers_config.obj (.const:NVS_config)
                  00001f54    0000000c     ti_drivers_config.obj (.const:RFCC26XX_hwAttrs)
                  00001f60    0000000c     ti_drivers_config.obj (.const:UART_config)
                  00001f6c    0000000c     drivers_cc13x2.a : GPIOCC26XX.oem4f (.const:inPinTypes)
                  00001f78    0000000c                      : GPIOCC26XX.oem4f (.const:outPinStrengths)
                  00001f84    0000000c     app_pem4f.oem4f (.const:xdc_runtime_Startup_firstFxns__A)
                  00001f90    00000009     maclib_secure_cc13x2.a : hmac_global.obj (.const:.string:macCmdLen)
                  00001f99    00000001     app_pem4f.oem4f (.const:xdc_runtime_Text_charTab__A)
                  00001f9a    00000002     --HOLE-- [fill = 0]
                  00001f9c    00000008     maclib_secure_cc13x2.a : mac_rx.obj (.const:$O21$$)
                  00001fa4    00000008     driverlib.lib : aux_sysif.obj (.const:$O29$$)
                  00001fac    00000008     main.obj (.const:.string:dummyExtAddr$4)
                  00001fb4    00000008     maclib_secure_cc13x2.a : fh_global.obj (.const:.string:fhSupFrameTypes)
                  00001fbc    00000008                            : hmac_global.obj (.const:.string:macAuthTagLen)
                  00001fc4    00000008     ti_drivers_config.obj (.const:AESCCM_config)
                  00001fcc    00000008     drivers_cc13x2.a : LED.oem4f (.const:LED_defaultParams)
                  00001fd4    00000008     ti_drivers_config.obj (.const:PINCC26XX_hwAttrs)
                  00001fdc    00000008     rf_multiMode_cc13x2.aem4f : RFCC26X2_multiMode.c.cc13x2.ccs.o (.const:RFCC26XX_schedulerPolicy)
                  00001fe4    00000008     ti_drivers_config.obj (.const:nvsCC26XXHWAttrs)
                  00001fec    00000008     drivers_cc13x2.a : UARTCC26XX.oem4f (.const:stopBits)
                  00001ff4    00000008     app_pem4f.oem4f (.const:ti_sysbios_family_arm_m3_Hwi_excHookFuncs__A)
                  00001ffc    00000006     drivers_cc13x2.a : UARTCC26XX.oem4f (.const:.string:rxFifoBytes)
                  00002002    00000006                      : UARTCC26XX.oem4f (.const:.string:rxFifoThreshold)
                  00002008    00000006                      : UARTCC26XX.oem4f (.const:.string:txFifoBytes)
                  0000200e    00000006                      : UARTCC26XX.oem4f (.const:.string:txFifoThreshold)
                  00002014    00000004     maclib_secure_cc13x2.a : hmac_global.obj (.const:.string:macKeySourceLen)
                  00002018    00000004     ti_drivers_config.obj (.const:LEDHWAttrs)
                  0000201c    00000004     drivers_cc13x2.a : NVS.oem4f (.const:NVS_defaultParams)
                  00002020    00000004     app_pem4f.oem4f (.const:ti_sysbios_gates_GateMutexPri_Instance_State_pendQ__O)
                  00002024    00000004     app_pem4f.oem4f (.const:ti_sysbios_heaps_HeapCallback_Object__count__C)
                  00002028    00000004     app_pem4f.oem4f (.const:ti_sysbios_heaps_HeapCallback_allocInstFxn__C)
                  0000202c    00000004     app_pem4f.oem4f (.const:ti_sysbios_heaps_HeapCallback_createInstFxn__C)
                  00002030    00000004     app_pem4f.oem4f (.const:ti_sysbios_heaps_HeapCallback_deleteInstFxn__C)
                  00002034    00000004     app_pem4f.oem4f (.const:ti_sysbios_heaps_HeapCallback_freeInstFxn__C)
                  00002038    00000004     app_pem4f.oem4f (.const:ti_sysbios_heaps_HeapCallback_getStatsInstFxn__C)
                  0000203c    00000004     app_pem4f.oem4f (.const:ti_sysbios_heaps_HeapCallback_initInstFxn__C)
                  00002040    00000004     app_pem4f.oem4f (.const:ti_sysbios_heaps_HeapCallback_isBlockingInstFxn__C)
                  00002044    00000004     app_pem4f.oem4f (.const:ti_sysbios_knl_Clock_tickPeriod__C)
                  00002048    00000004     app_pem4f.oem4f (.const:ti_sysbios_knl_Idle_funcList__A)

.cinit     0    00015740    000004a8     
                  00015740    0000043e     (.cinit..data.load) [load image, compression = lzss]
                  00015b7e    00000002     --HOLE-- [fill = 0]
                  00015b80    0000000c     (__TI_handler_table)
                  00015b8c    00000004     --HOLE-- [fill = 0]
                  00015b90    00000008     (.cinit..bss.load) [load image, compression = zero_init]
                  00015b98    00000008     (.cinit..data:RAM_MAC_BASE_ADDR.load) [load image, compression = zero_init]
                  00015ba0    00000008     (.cinit..data:xdcRomConstPtr.load) [load image, compression = lzss]
                  00015ba8    00000008     (.cinit..data:xdcRomExternFuncPtr.load) [load image, compression = lzss]
                  00015bb0    00000008     (.cinit..data:xdcRomStatePtr.load) [load image, compression = lzss]
                  00015bb8    00000030     (__TI_cinit_table)

.init_array 
*          0    00000000    00000000     UNINITIALIZED

.TI.bound:flashBuf0 
*          0    00052000    00004000     UNINITIALIZED
                  00052000    00004000     ti_drivers_config.obj (.TI.bound:flashBuf0)

.ccfg      0    00057fa8    00000058     
                  00057fa8    00000058     ti_devices_config.obj (.ccfg:retain)

.data:xdcRomConstPtr 
*          0    20000100    00000004     UNINITIALIZED
                  20000100    00000004     app_pem4f.oem4f (.data:xdcRomConstPtr)

.data:xdcRomExternFuncPtr 
*          0    20000104    00000004     UNINITIALIZED
                  20000104    00000004     app_pem4f.oem4f (.data:xdcRomExternFuncPtr)

.data:xdcRomStatePtr 
*          0    20000108    00000004     UNINITIALIZED
                  20000108    00000004     app_pem4f.oem4f (.data:xdcRomStatePtr)

.data      0    20000120    00002819     UNINITIALIZED
                  20000120    000008c4     macTask.obj (.data:$O13$$)
                  200009e4    000008c4     main.obj (.data:$O6$$)
                  200012a8    00000504     cui.obj (.data:$O4$$)
                  200017ac    000001b0     mac_settings.obj (.data:$O14$$)
                  2000195c    0000018c     maclib_osal_tirtos_cc13x2_26x2.a : osal_port.obj (.data:$O25$$)
                  20001ae8    00000170     drivers_cc13x2.a : PowerCC26X2.oem4f (.data:PowerCC26X2_module)
                  20001c58    0000015c     ssf.obj (.data:$O10$$)
                  20001db4    0000010c     app_pem4f.oem4f (.data:ROM_stateStruct)
                  20001ec0    000000f8     jdllc.obj (.data:$O7$$)
                  20001fb8    000000d8     sensor.obj (.data:$O9$$)
                  20002090    000000a8     maclib_secure_cc13x2.a : mac.obj (.data:$O17$$)
                  20002138    000000a0     mac_cfg.obj (.data:macMRFSKGenPhyTable)
                  200021d8    00000074     ti_radio_config.obj (.data:$O2$$)
                  2000224c    0000006c     maclib_secure_cc13x2.a : hmac_global.obj (.data:fhObject)
                  200022b8    00000060     nvocmp.obj (.data:$O15$$)
                  20002318    00000054     maclib_secure_cc13x2.a : fh_global.obj (.data:FHIE_channelPlan)
                  2000236c    0000004c     app_pem4f.oem4f (.data:ti_sysbios_knl_Task_Object__table__V)
                  200023b8    00000048     app_pem4f.oem4f (.data:ti_sysbios_family_arm_cc26xx_Timer_Object__table__V)
                  20002400    00000040     maclib_secure_cc13x2.a : mac_radio.obj (.data:$O19$$)
                  20002440    00000040     ssf.obj (.data:configureSubMenu)
                  20002480    00000040     ssf.obj (.data:ssfMainMenu)
                  200024c0    00000038     app_pem4f.oem4f (.data:ti_sysbios_gates_GateMutex_Object__table__V)
                  200024f8    00000034     api_mac.obj (.data:$O12$$)
                  2000252c    00000034     ssf.obj (.data:commissionSubMenu)
                  20002560    00000034     maclib_secure_cc13x2.a : hmac_global.obj (.data:macBeaconPayload)
                  20002594    00000030                            : hmac_global.obj (.data)
                  200025c4    00000030     app_pem4f.oem4f (.data:ti_sysbios_knl_Swi_Module_State_0_readyQ__A)
                  200025f4    00000030     app_pem4f.oem4f (.data:ti_sysbios_knl_Swi_Object__table__V)
                  20002624    00000030     app_pem4f.oem4f (.data:ti_sysbios_knl_Task_Module_State_0_readyQ__A)
                  20002654    00000028     maclib_secure_cc13x2.a : mac_symbol_timer.obj (.data:$O22$$)
                  2000267c    00000028     ssf.obj (.data:appSubMenu)
                  200026a4    00000028     ti_radio_config.obj (.data:pOverrides_2gfsk50kbps154g)
                  200026cc    00000024     maclib_secure_cc13x2.a : mac_tx.obj (.data:$O23$$)
                  200026f0    00000024     driverlib.lib : osc.obj (.data:$O27$$)
                  20002714    00000024     maclib_secure_cc13x2.a : hmac_global.obj (.data:macActionSet)
                  20002738    00000020     drivers_cc13x2.a : TRNGCC26XX.oem4f (.data:entropyPoolBuffer)
                  20002758    00000020     mac_cfg.obj (.data:macBeaconMargin)
                  20002778    00000020     app_pem4f.oem4f (.data:ti_sysbios_knl_Clock_Object__table__V)
                  20002798    00000020     app_pem4f.oem4f (.data:xdc_runtime_Error_IgnoreBlock)
                  200027b8    00000018     app_pem4f.oem4f (.data:ti_sysbios_family_arm_m3_Hwi_Object__table__V)
                  200027d0    00000014     maclib_secure_cc13x2.a : mac_radio_tx.obj (.data:$O24$$)
                  200027e4    00000014                            : hmac_global.obj (.data:macStateTbl)
                  200027f8    00000010     maclib_osal_tirtos_cc13x2_26x2.a : osal_port_timers.obj (.data:$O26$$)
                  20002808    00000010     ti_drivers_config.obj (.data:gpioCallbackFunctions)
                  20002818    00000010     ti_drivers_config.obj (.data:gpioPinConfigs)
                  20002828    00000010     mac_cfg.obj (.data:macCfg)
                  20002838    0000000f     maclib_secure_cc13x2.a : mac.obj (.data)
                  20002847    00000001     drivers_cc13x2.a : AESCCMCC26XX.oem4f (.data)
                  20002848    0000000c     maclib_secure_cc13x2.a : mac_hl_patch.obj (.data:$O16$$)
                  20002854    0000000c                            : fh_global.obj (.data:FH_FSM)
                  20002860    0000000c     app_pem4f.oem4f (.data:ti_sysbios_heaps_HeapCallback_Object__table__V)
                  2000286c    00000008     rtsv7M4_T_le_v4SPD16_eabi.lib : _lock.c.obj (.data:$O30$$)
                  20002874    00000008     maclib_secure_cc13x2.a : fh_global.obj (.data:FH_txTiming)
                  2000287c    00000008     drivers_cc13x2.a : PINCC26XX.oem4f (.data)
                  20002884    00000008                      : TRNGCC26XX.oem4f (.data:jobList)
                  2000288c    00000008     app_pem4f.oem4f (.data:ti_sysbios_family_arm_m3_Hwi_Module__root__V)
                  20002894    00000008     app_pem4f.oem4f (.data:ti_sysbios_gates_GateHwi_Module__root__V)
                  2000289c    00000008     app_pem4f.oem4f (.data:ti_sysbios_gates_GateMutexPri_Module__root__V)
                  200028a4    00000008     app_pem4f.oem4f (.data:ti_sysbios_gates_GateMutex_Module__root__V)
                  200028ac    00000008     app_pem4f.oem4f (.data:ti_sysbios_hal_Hwi_Module__root__V)
                  200028b4    00000008     app_pem4f.oem4f (.data:ti_sysbios_heaps_HeapCallback_Module__root__V)
                  200028bc    00000008     app_pem4f.oem4f (.data:ti_sysbios_heaps_HeapMem_Module__root__V)
                  200028c4    00000008     app_pem4f.oem4f (.data:ti_sysbios_knl_Clock_Module__root__V)
                  200028cc    00000008     app_pem4f.oem4f (.data:ti_sysbios_knl_Event_Module__root__V)
                  200028d4    00000008     app_pem4f.oem4f (.data:ti_sysbios_knl_Mailbox_Module__root__V)
                  200028dc    00000008     app_pem4f.oem4f (.data:ti_sysbios_knl_Queue_Module__root__V)
                  200028e4    00000008     app_pem4f.oem4f (.data:ti_sysbios_knl_Semaphore_Module__root__V)
                  200028ec    00000008     app_pem4f.oem4f (.data:ti_sysbios_knl_Swi_Module__root__V)
                  200028f4    00000008     app_pem4f.oem4f (.data:ti_sysbios_knl_Task_Module__root__V)
                  200028fc    00000005     drivers_cc13x2.a : GPIOCC26XX.oem4f (.data)
                  20002901    00000001                      : NVS.oem4f (.data)
                  20002902    00000005                      : TemperatureCC26X2.oem4f (.data)
                  20002907    00000001                      : PWM.oem4f (.data)
                  20002908    00000004     maclib_secure_cc13x2.a : mac_autopend.obj (.data:$O18$$)
                  2000290c    00000004     drivers_cc13x2.a : GPIOCC26XX.oem4f (.data:gpioPinTable)
                  20002910    00000004     maclib_secure_cc13x2.a : fh_global.obj (.data:macAddrSize)
                  20002914    00000004     maclib_osal_tirtos_cc13x2_26x2.a : osal_port.obj (.data)
                  20002918    00000004     maclib_secure_cc13x2.a : lmac_global.obj (.data)
                  2000291c    00000004     rtsv7M4_T_le_v4SPD16_eabi.lib : errno.c.obj (.data)
                  20002920    00000004                                   : stkdepth_vars.c.obj (.data)
                  20002924    00000004     app_pem4f.oem4f (.data:ti_sysbios_family_arm_m3_Hwi_Module_State_0_excContext__A)
                  20002928    00000004     app_pem4f.oem4f (.data:ti_sysbios_family_arm_m3_Hwi_Module_State_0_excStack__A)
                  2000292c    00000004     app_pem4f.oem4f (.data:ti_sysbios_knl_Task_Module_State_0_idleTask__A)
                  20002930    00000002     drivers_cc13x2.a : CryptoResourceCC26XX.oem4f (.data)
                  20002932    00000002                      : TRNGCC26XX.oem4f (.data)
                  20002934    00000002     app_pem4f.oem4f (.data:ti_sysbios_family_arm_m3_Hwi_Module_State_0_excActive__A)
                  20002936    00000001     drivers_cc13x2.a : UART.oem4f (.data)
                  20002937    00000001     maclib_secure_cc13x2.a : mac_sleep.obj (.data)
                  20002938    00000001     rf_multiMode_cc13x2.aem4f : rf_patch_cpe_prop.c.cc13x2.ccs.o (.data)

.bss       0    20002940    00001561     UNINITIALIZED
                  20002940    000004f0     rf_multiMode_cc13x2.aem4f : RFCC26X2_multiMode.c.cc13x2.ccs.o (.bss:$O1$$)
                  20002e30    00000200     app_pem4f.oem4f (.bss:taskStackSection)
                  20003030    000001b4     (.common:uartCC26XXObjects)
                  200031e4    000000fc     (.common:enhancedAckBuf)
                  200032e0    000000f8     maclib_secure_cc13x2.a : mac_radio.obj (.bss:RF_object$20)
                  200033d8    000000d8     (.common:ti_sysbios_family_arm_m3_Hwi_dispatchTable)
                  200034b0    000000b8     (.common:LEDObjects)
                  20003568    0000008c     (.common:FHPIB_db)
                  200035f4    00000088     (.common:FH_hnd)
                  2000367c    00000088     (.common:macPib)
                  20003704    0000007c     (.common:pinHandleTable)
                  20003780    0000007a     (.common:FHNT_tableOpt)
                  200037fa    00000001                            : mac_tx.obj (.bss)
                  200037fb    00000001     rf_multiMode_cc13x2.aem4f : RFCC26X2_multiMode.c.cc13x2.ccs.o (.bss)
                  200037fc    00000054     (.common:macScan)
                  20003850    00000050     drivers_cc13x2.a : PINCC26XX.oem4f (.bss:pinSemaphore)
                  200038a0    00000050     (.common:ButtonObjects)
                  200038f0    00000050     (.common:CryptoResourceCC26XX_accessSemaphore)
                  20003940    00000050     (.common:CryptoResourceCC26XX_operationSemaphore)
                  20003990    0000004c     (.common:cuiMultiMenuData)
                  200039dc    00000042     (.common:FHFSM_Dbg)
                  20003a1e    00000001     (.common:driverlib_release_0_58048)
                  20003a1f    00000001     (.common:macMgmt)
                  20003a20    00000040     (.common:macSecurityPib)
                  20003a60    0000003c     (.common:macBeaconCoord)
                  20003a9c    00000038     (.common:FHNT_hnd)
                  20003ad4    00000038     (.common:macDeviceAction1)
                  20003b0c    00000034                      : PINCC26XX.oem4f (.bss:pinSwi)
                  20003b40    00000034     (.common:macBeaconDevice)
                  20003b74    00000030     (.common:macMgmtAction1)
                  20003ba4    0000002c     (.common:macCoord)
                  20003bd0    0000002c     (.common:macDevice)
                  20003bfc    00000028     maclib_secure_cc13x2.a : mac_rx.obj (.bss:$O20$$)
                  20003c24    00000020     drivers_cc13x2.a : GPIOCC26XX.oem4f (.bss:gpioCallbackInfo)
                  20003c44    00000020                      : PINCC26XX.oem4f (.bss:pinGpioConfigTable)
                  20003c64    00000020     ti_drivers_config.obj (.bss:uartCC26XXRingBuffer0)
                  20003c84    00000020     (.common:macBeacon)
                  20003ca4    0000001c     drivers_cc13x2.a : TRNGCC26XX.oem4f (.bss:TRNGCC26XX_hwi)
                  20003cc0    0000001c                      : TRNGCC26XX.oem4f (.bss:entropyPool)
                  20003cdc    0000001c                      : PINCC26XX.oem4f (.bss:pinHwi)
                  20003cf8    0000001c     (.common:CryptoResourceCC26XX_hwi)
                  20003d14    0000001c     (.common:macCoordAction2)
                  20003d30    0000001c     (.common:macReset)
                  20003d4c    00000018     (.common:aesccmCC26XXObjects)
                  20003d64    00000018     (.common:macScanAction)
                  20003d7c    00000014     rf_multiMode_cc13x2.aem4f : RFCC26X2_multiMode.c.cc13x2.ccs.o (.bss:RF_ratSyncCmd)
                  20003d90    00000014     drivers_cc13x2.a : Random.oem4f (.bss:state)
                  20003da4    00000014     (.common:macDeviceAction2)
                  20003db8    00000014     (.common:macMgmtAction2)
                  20003dcc    00000010     (.common:macBeaconDeviceAction)
                  20003ddc    00000010     (.common:macCoordAction3)
                  20003dec    00000010     (.common:macData)
                  20003dfc    00000010     (.common:macDataTxDelay)
                  20003e0c    0000000c                      : NVSCC26XX.oem4f (.bss)
                  20003e18    0000000c                      : GPIOCC26XX.oem4f (.bss:gpioPinState)
                  20003e24    0000000c     (.common:FH_PibTbl)
                  20003e30    0000000c     (.common:macMain)
                  20003e3c    00000008                      : GPIOCC26XX.oem4f (.bss)
                  20003e44    00000008                      : TemperatureCC26X2.oem4f (.bss:notificationList)
                  20003e4c    00000008     (.common:FHNT_tempTable)
                  20003e54    00000008     (.common:macBeaconCoordAction1)
                  20003e5c    00000008     (.common:macCoordAction1)
                  20003e64    00000006     (.common:FHNT_Dbg)
                  20003e6a    00000001     (.common:macPanCoordinator)
                  20003e6b    00000001     (.common:macPhyChannel)
                  20003e6c    00000004                      : PINCC26XX.oem4f (.bss)
                  20003e70    00000004     (.common:AESCCM_handle)
                  20003e74    00000004     (.common:FH_test_var)
                  20003e78    00000004     (.common:PowerCC26XX_swiKey)
                  20003e7c    00000004     (.common:PowerCC26XX_taskKey)
                  20003e80    00000004     (.common:macCryptoDrvTblPtr)
                  20003e84    00000004     (.common:macRxSymbol)
                  20003e88    00000004     (.common:macTimerActive)
                  20003e8c    00000004     (.common:nvsCC26XXObjects)
                  20003e90    00000004     (.common:timerAlignedQ)
                  20003e94    00000004     (.common:timerUnalignedQ)
                  20003e98    00000001     (.common:macPwr)
                  20003e99    00000001     (.common:macRxActive)
                  20003e9a    00000001     (.common:macRxEnableFlags)
                  20003e9b    00000001     (.common:macRxOutgoingAckFlag)
                  20003e9c    00000001     (.common:macSymbolTimerImpending)
                  20003e9d    00000001     (.common:macTaskId)
                  20003e9e    00000001     (.common:macTxActive)
                  20003e9f    00000001     (.common:macUnitBackoffPeriod)
                  20003ea0    00000001     (.common:rxFhRsl)

.vtable    0    20003ea1    00000000     UNINITIALIZED

.vtable_ram 
*          0    20003ea1    00000000     UNINITIALIZED

vtable_ram 
*          0    20003ea1    00000000     UNINITIALIZED

.sysmem    0    20003ea1    00000000     UNINITIALIZED

.nonretenvar 
*          0    20003ea1    00000000     UNINITIALIZED

.stack     0    20013aa0    00000560     UNINITIALIZED
                  20013aa0    00000560     --HOLE--

.bootVecs 
*          0    00000000    00000008     DSECT
                  00000000    00000008     boot.aem4f : boot.oem4f (.bootVecs)

.resetVecs 
*          0    00000000    0000003c     
                  00000000    0000003c     app_pem4f.oem4f (.resetVecs)

.vecs      0    20000000    000000d8     NOLOAD SECTION
                  20000000    000000d8     app_pem4f.oem4f (.vecs)

xdc.meta   0    00000000    000000fa     COPY SECTION
                  00000000    000000fa     app_pem4f.oem4f (xdc.meta)

xdc.noload 
*          0    00000000    00000000     COPY SECTION

.data:RAM_MAC_BASE_ADDR 
*          0    2000010c    00000010     UNINITIALIZED
                  2000010c    00000010     maclib_secure_cc13x2.a : rom_init_154.obj (.data:RAM_MAC_BASE_ADDR)

.text.1    0    00002050    000136ec     
                  00002050    0000043c     macTask.obj (.text:macTaskFxn$9)
                  0000248c    000003f4     mac_user_config.obj (.text:rfSelect)
                  00002880    000003d8     ssf.obj (.text:Ssf_init)
                  00002c58    0000036e     api_mac.obj (.text:processIncomingICallMsg$8)
                  00002fc6    00000002     rf_multiMode_cc13x2.aem4f : rfc.c.cc13x2.ccs.o (.text:NOROM_RFCCpePatchReset)
                  00002fc8    00000354     maclib_secure_cc13x2.a : mac_rx.obj (.text:rxPayloadIsr$21)
                  0000331c    00000310                            : mac_radio_tx.obj (.text:macRadioCsmaTxCb)
                  0000362c    000002f0     sensor.obj (.text:dataIndCB$6)
                  0000391c    00000294     maclib_secure_cc13x2.a : mac_tx.obj (.text:macTxFrame)
                  00003bb0    00000280                            : mac_pwr.obj (.text:macPwrVote)
                  00003e30    00000278     sensor.obj (.text:processSensorMsgEvt$6)
                  000040a8    0000025c     maclib_secure_cc13x2.a : mac_tx.obj (.text:txCsmaPrep$24)
                  00004304    00000230     ssf.obj (.text:setChMaskAction$7)
                  00004534    0000021c     maclib_secure_cc13x2.a : mac.obj (.text:macSendReceiveCmdIeee)
                  00004750    00000218     nvocmp.obj (.text:NVOCMP_initNv$14)
                  00004968    00000218     maclib_secure_cc13x2.a : mac_radio.obj (.text:macRadioInitSubG)
                  00004b80    00000210     rf_multiMode_cc13x2.aem4f : RFCC26X2_multiMode.c.cc13x2.ccs.o (.text:RF_scheduleCmd)
                  00004d90    0000020c     maclib_secure_cc13x2.a : mac.obj (.text:macSendReceiveCmdSubG)
                  00004f9c    00000208     nvocmp.obj (.text:NVOCMP_addItem$14)
                  000051a4    00000200     rf_multiMode_cc13x2.aem4f : RFCC26X2_multiMode.c.cc13x2.ccs.o (.text:RF_open)
                  000053a4    000001e0     maclib_secure_cc13x2.a : mac_hl_patch.obj (.text:macWrapperAddKeyInitFCtr)
                  00005584    000001d4     rf_multiMode_cc13x2.aem4f : RFCC26X2_multiMode.c.cc13x2.ccs.o (.text:RF_dispatchNextCmd)
                  00005758    000001cc     drivers_cc13x2.a : PINCC26XX.oem4f (.text:PIN_init)
                  00005924    000001c4     ssf.obj (.text:setNwkKeyAction$7)
                  00005ae8    000001b4     maclib_secure_cc13x2.a : mac_radio_tx.obj (.text:macRadioTxAck$28)
                  00005c9c    000001ac                            : mac_hl_patch.obj (.text:macRxBeaconCritical)
                  00005e48    000001a4                            : mac_hl_patch.obj (.text:macWrapperDeleteKeyAndAssociatedDevices)
                  00005fec    0000019c                            : mac_hl_patch.obj (.text:macIncomingFrameSecurityMaterialRetrieval)
                  00006188    00000198     drivers_cc13x2.a : PowerCC26X2.oem4f (.text:Power_sleep)
                  00006320    00000198     maclib_secure_cc13x2.a : mac_hl_patch.obj (.text:macWrapperDeleteDevice)
                  000064b8    00000190     ssf.obj (.text:Ssf_networkUpdate)
                  00006648    00000190     drivers_cc13x2.a : PowerCC26X2_calibrateRCOSC.oem4f (.text:calibrateRcoscHf1)
                  000067d8    0000018c     maclib_secure_cc13x2.a : mac_hl_patch.obj (.text:macIncomingFrameSecurity)
                  00006964    0000018c     drivers_cc13x2.a : PowerCC26X2_calibrateRCOSC.oem4f (.text:runCalibrateFsm)
                  00006af0    00000188     nvocmp.obj (.text:NVOCMP_compact$14)
                  00006c78    00000188     maclib_secure_cc13x2.a : mac_radio_tx.obj (.text:macRadioTxGoIeee$28)
                  00006e00    00000186     drivers_cc13x2.a : Button.oem4f (.text:Button_clockTimeoutHandler)
                  00006f86    00000002     rf_multiMode_cc13x2.aem4f : RFCC26X2_multiMode.c.cc13x2.ccs.o (.text:RF_defaultCallback)
                  00006f88    00000180     ssf.obj (.text:setPanIdAction$7)
                  00007108    00000174     drivers_cc13x2.a : PowerCC26X2.oem4f (.text:Power_init)
                  0000727c    0000016c     maclib_secure_cc13x2.a : mac_radio_tx.obj (.text:macRadioTxPrepCsmaUnslotted)
                  000073e8    00000164     drivers_cc13x2.a : UARTCC26XX.oem4f (.text:UARTCC26XX_open)
                  0000754c    00000164     maclib_secure_cc13x2.a : mac_hl_patch.obj (.text:macWrapperDeleteAllDevices)
                  000076b0    00000164                            : mac_tx.obj (.text:txCsmaDelay)
                  00007814    00000160     driverlib.lib : sys_ctrl.obj (.text:NOROM_SysCtrlStandby)
                  00007974    00000154     rf_multiMode_cc13x2.aem4f : RFCC26X2_multiMode.c.cc13x2.ccs.o (.text:RF_radioOpDoneCb)
                  00007ac8    00000154     drivers_cc13x2.a : UARTCC26XX.oem4f (.text:UARTCC26XX_hwiIntFxn)
                  00007c1c    00000148     rf_multiMode_cc13x2.aem4f : RFCC26X2_multiMode.c.cc13x2.ccs.o (.text:RF_fsmSetupState)
                  00007d64    00000148     maclib_secure_cc13x2.a : mac_radio_tx.obj (.text:macRadioLbtTxCb)
                  00007eac    00000140     drivers_cc13x2.a : AESCCMCC26XX.oem4f (.text:AESCCM_startOperation)
                  00007fec    00000140     rf_multiMode_cc13x2.aem4f : RFCC26X2_multiMode.c.cc13x2.ccs.o (.text:RF_close)
                  0000812c    00000140     sensor.obj (.text:Sensor_init)
                  0000826c    0000013c     rf_multiMode_cc13x2.aem4f : RFCC26X2_multiMode.c.cc13x2.ccs.o (.text:RF_ratSetupChannel)
                  000083a8    0000013a     drivers_cc13x2.a : UARTCC26XX.oem4f (.text:UARTCC26XX_read)
                  000084e2    00000002     rtsv7M4_T_le_v4SPD16_eabi.lib : _lock.c.obj (.text:_nop)
                  000084e4    00000138     cui.obj (.text:CUI_dispMenu$3)
                  0000861c    00000138     drivers_cc13x2.a : NVSCC26XX.oem4f (.text:NVSCC26XX_write)
                  00008754    00000138     maclib_secure_cc13x2.a : mac_hl_patch.obj (.text:macBuildDataFrame)
                  0000888c    00000134     rf_multiMode_cc13x2.aem4f : RFCC26X2_multiMode.c.cc13x2.ccs.o (.text:RF_abortCmd)
                  000089c0    00000130     cui.obj (.text:CUI_init)
                  00008af0    00000130     sensor.obj (.text:Sensor_sendMsg)
                  00008c20    00000130     sensor.obj (.text:dataCnfCB$6)
                  00008d50    00000130     maclib_secure_cc13x2.a : mac_radio.obj (.text:macRadioInitIeee)
                  00008e80    00000130     rtsv7M4_T_le_v4SPD16_eabi.lib : strtol.c.obj (.text:strtol)
                  00008fb0    00000124     cui.obj (.text:CUI_statusLinePrintf)
                  000090d4    00000120     nvocmp.obj (.text:NVOCMP_compactPage$14)
                  000091f4    00000120     drivers_cc13x2.a : PowerCC26X2.oem4f (.text:configureXOSCHF)
                  00009314    0000011c     jdllc.obj (.text:assocCnfCb$5)
                  00009430    00000118     maclib_secure_cc13x2.a : mac_low_level.obj (.text:macLowLevelBufferInit)
                  00009548    00000118                            : mac.obj (.text:macSetupRATChanCompare)
                  00009660    00000114     macTask.obj (.text:MAC_CbackEvent)
                  00009774    00000112     rf_multiMode_cc13x2.aem4f : RFCC26X2_multiMode.c.cc13x2.ccs.o (.text:RF_decodeOverridePointers)
                  00009886    00000002     drivers_cc13x2.a : PowerCC26X2.oem4f (.text:emptyClockFunc)
                  00009888    00000110     cui.obj (.text:CUI_menuActionHelp)
                  00009998    00000110     drivers_cc13x2.a : GPIOCC26XX.oem4f (.text:GPIO_setConfig)
                  00009aa8    00000110                      : LED.oem4f (.text:LED_open)
                  00009bb8    00000110     rf_multiMode_cc13x2.aem4f : RFCC26X2_multiMode.c.cc13x2.ccs.o (.text:RF_initRadioSetup)
                  00009cc8    00000110     maclib_secure_cc13x2.a : mac_hl_patch.obj (.text:macEdScanISR)
                  00009dd8    00000110                            : mac_hl_patch.obj (.text:macScanNextChan)
                  00009ee8    00000106     app_pem4f.oem4f (.text:xdc_runtime_System_printfExtend__I)
                  00009fee    00000002     drivers_cc13x2.a : CryptoResourceCC26XX.oem4f (.text:errorSpin)
                  00009ff0    00000104     rf_multiMode_cc13x2.aem4f : RFCC26X2_multiMode.c.cc13x2.ccs.o (.text:RF_hwiCpe0Active)
                  0000a0f4    00000100     cui.obj (.text:CUI_statusLineResourceRequest)
                  0000a1f4    00000100     nvocmp.obj (.text:NVOCMP_findItem$14)
                  0000a2f4    000000fc     maclib_secure_cc13x2.a : mac_hl_patch.obj (.text:macOutgoingFrameKeyDescRetrieval)
                  0000a3f0    000000f8     drivers_cc13x2.a : PINCC26XX.oem4f (.text:PINCC26XX_setIoCfg)
                  0000a4e8    000000f0     rf_multiMode_cc13x2.aem4f : RFCC26X2_multiMode.c.cc13x2.ccs.o (.text:RF_fsmPowerUpState)
                  0000a5d8    000000f0     maclib_secure_cc13x2.a : mac_hl_patch.obj (.text:macScanRxCoordRealign)
                  0000a6c8    000000e8     drivers_cc13x2.a : Button.oem4f (.text:Button_open)
                  0000a7b0    000000e8     cui.obj (.text:CUI_writeString$3)
                  0000a898    000000e8     maclib_secure_cc13x2.a : mac.obj (.text:macSetupReceiveCmd)
                  0000a980    000000e4                            : mac_hl_patch.obj (.text:macOutgoingFrameSecurity)
                  0000aa64    000000e4                            : mac_tx.obj (.text:macTxChannelBusyCallback)
                  0000ab48    000000e4                            : mac_rx.obj (.text:rxPostRxUpdates$21)
                  0000ac2c    000000e0     drivers_cc13x2.a : UARTCC26XX.oem4f (.text:UARTCC26XX_write)
                  0000ad0c    000000dc     maclib_secure_cc13x2.a : mac_hl_patch.obj (.text:macBuildHeaderIes)
                  0000ade8    000000d8     rf_multiMode_cc13x2.aem4f : RFCC26X2_multiMode.c.cc13x2.ccs.o (.text:RF_control)
                  0000aec0    000000d8                               : RFCC26X2_multiMode.c.cc13x2.ccs.o (.text:RF_pendCmd)
                  0000af98    000000d8     driverlib.lib : setup.obj (.text:TrimAfterColdResetWakeupFromShutDown$47)
                  0000b070    000000d8     main.obj (.text:appTaskFxn)
                  0000b148    000000d8     maclib_secure_cc13x2.a : mac_hl_patch.obj (.text:macCcmStarTransform)
                  0000b220    000000d2     rf_multiMode_cc13x2.aem4f : RFCC26X2_multiMode.c.cc13x2.ccs.o (.text:RF_updatePaConfiguration)
                  0000b2f2    00000002     maclib_secure_cc13x2.a : mac_pwr.obj (.text:macApiPwrOnReq)
                  0000b2f4    000000d0     rf_multiMode_cc13x2.aem4f : RFCC26X2_multiMode.c.cc13x2.ccs.o (.text:RF_swiHw)
                  0000b3c4    000000cc     maclib_secure_cc13x2.a : mac_timer.obj (.text:macSymbolTimerTriggerCallback)
                  0000b490    000000c8     dpl_cc13x2.a : PowerCC26X2_tirtos.oem4f (.text:PowerCC26XX_standbyPolicy)
                  0000b558    000000c4     drivers_cc13x2.a : GPIOCC26XX.oem4f (.text:GPIO_init)
                  0000b61c    000000c4     jdllc.obj (.text:Jdllc_init)
                  0000b6e0    000000c4     maclib_secure_cc13x2.a : mac_hl_patch.obj (.text:macApiStartReq)
                  0000b7a4    000000c0     nvocmp.obj (.text:NVOCMP_erase$14)
                  0000b864    000000c0     drivers_cc13x2.a : PowerCC26X2.oem4f (.text:Power_releaseDependency)
                  0000b924    000000c0                      : UARTCC26XX.oem4f (.text:UARTCC26XX_initIO)
                  0000b9e4    000000c0     maclib_secure_cc13x2.a : mac_hl_patch.obj (.text:macMgmtReset)
                  0000baa4    000000bc                            : mac_hl_patch.obj (.text:macAutoPoll)
                  0000bb60    000000bc                            : mac.obj (.text:macGetRFCmdDuration)
                  0000bc1c    000000bc     jdllc.obj (.text:pollCnfCb$5)
                  0000bcd8    000000bc     jdllc.obj (.text:processCoordRealign$5)
                  0000bd94    000000b8     drivers_cc13x2.a : PowerCC26X2.oem4f (.text:Power_setDependency)
                  0000be4c    000000b8                      : UARTCC26XX.oem4f (.text:UARTCC26XX_initHw)
                  0000bf04    000000b4     maclib_secure_cc13x2.a : mac_pwr.obj (.text:MAC_PwrOffReq)
                  0000bfb8    000000b4     drivers_cc13x2.a : TRNGCC26XX.oem4f (.text:TRNG_generateEntropy)
                  0000c06c    000000b0     maclib_secure_cc13x2.a : mac_autopend.obj (.text:MAC_SrcMatchAddEntry)
                  0000c11c    000000b0                            : mac.obj (.text:macStopCmd)
                  0000c1cc    000000ac     nvocmp.obj (.text:NVOCMP_readContItemApi$14)
                  0000c278    000000ac     drivers_cc13x2.a : PINCC26XX.oem4f (.text:PIN_open)
                  0000c324    000000ac     maclib_secure_cc13x2.a : mac_hl_patch.obj (.text:macApiBeaconStartReq)
                  0000c3d0    000000ac                            : mac_hl_patch.obj (.text:macBeaconCheckTxTime)
                  0000c47c    000000ac     macTask.obj (.text:macTaskInit)
                  0000c528    000000ac     api_mac.obj (.text:processBeaconNotifyInd$8)
                  0000c5d4    000000a8     driverlib.lib : setup.obj (.text:NOROM_SetupTrimDevice)
                  0000c67c    000000a8     nvocmp.obj (.text:NVOCMP_initNvApi$14)
                  0000c724    000000a8     maclib_secure_cc13x2.a : mac_radio_tx.obj (.text:macRadioTxAckCb$28)
                  0000c7cc    000000a8                            : mac_hl_patch.obj (.text:macTrackTimeoutCallback)
                  0000c874    000000a4     rf_multiMode_cc13x2.aem4f : RFCC26X2_multiMode.c.cc13x2.ccs.o (.text:RF_ratRestartChannels)
                  0000c918    000000a4     jdllc.obj (.text:beaconNotifyIndCb$5)
                  0000c9bc    000000a4     sensor.obj (.text:jdllcJoinedCb$6)
                  0000ca60    000000a4     maclib_secure_cc13x2.a : mac_hl_patch.obj (.text:macCcmStarInverseTransform)
                  0000cb04    000000a4                            : mac_radio_tx.obj (.text:macRadioTxPrepLbt)
                  0000cba8    000000a4                            : mac_radio.obj (.text:macRadioUpdateTxPower)
                  0000cc4c    000000a0     rf_multiMode_cc13x2.aem4f : RFCC26X2_multiMode.c.cc13x2.ccs.o (.text:RF_requestAccess)
                  0000ccec    000000a0     auto_init.aem4f : auto_init.oem4f (.text)
                  0000cd8c    000000a0     maclib_secure_cc13x2.a : mac_hl_patch.obj (.text:macBlacklistChecking)
                  0000ce2c    000000a0     rom_sysbios.aem4f : rom_sysbios.obj (.text:ti_sysbios_knl_Task_setPri__E)
                  0000cecc    0000009c     nvocmp.obj (.text:NVOCMP_readHeader$14)
                  0000cf68    0000009c     maclib_secure_cc13x2.a : mac_radio.obj (.text:macRadioStartScan)
                  0000d004    0000009c                            : mac_timer.obj (.text:macTimerRealign)
                  0000d0a0    0000009c     rtsv7M4_T_le_v4SPD16_eabi.lib : memcpy_t2.asm.obj (.text)
                  0000d13c    0000009c     maclib_secure_cc13x2.a : mac_tx.obj (.text:txComplete)
                  0000d1d8    00000098     nvocmp.obj (.text:NVOCMP_updateItemApi$14)
                  0000d270    00000098     rf_multiMode_cc13x2.aem4f : RFCC26X2_multiMode.c.cc13x2.ccs.o (.text:RF_calculateDispatchTime)
                  0000d308    00000098     drivers_cc13x2.a : UARTCC26XX.oem4f (.text:writeTxFifoFlush)
                  0000d3a0    00000096     rtsv7M4_T_le_v4SPD16_eabi.lib : ull_div_t2.asm.obj (.text)
                  0000d436    00000002     maclib_secure_cc13x2.a : mac_mcu.obj (.text:macMcuBitReverse)
                  0000d438    00000094     rf_multiMode_cc13x2.aem4f : RFCC26X2_multiMode.c.cc13x2.ccs.o (.text:RF_getInfo)
                  0000d4cc    00000094     drivers_cc13x2.a : TRNGCC26XX.oem4f (.text:TRNGCC26XX_hwiFxn)
                  0000d560    00000094     maclib_secure_cc13x2.a : mac_hl_patch.obj (.text:macIncomingSecurityLevelChecking)
                  0000d5f4    00000094                            : mac_radio.obj (.text:macRadioUpdateChannel)
                  0000d688    00000094                            : mac_radio.obj (.text:macRadioUpdateChannelRx)
                  0000d71c    00000094                            : mac.obj (.text:macRatCb_A)
                  0000d7b0    00000094                            : mac.obj (.text:macSetupFsCmd)
                  0000d844    00000092     drivers_cc13x2.a : UARTCC26XX.oem4f (.text:UARTCC26XX_writeCancel)
                  0000d8d6    00000002     maclib_secure_cc13x2.a : mac_radio.obj (.text:macRadioSetRE)
                  0000d8d8    00000090     CC1352R1_LAUNCHXL_fxns.obj (.text:CC1352R1_LAUNCHXL_shutDownExtFlash)
                  0000d968    00000090     maclib_secure_cc13x2.a : mac_hl_patch.obj (.text:MAC_ResumeReq)
                  0000d9f8    00000090     rf_multiMode_cc13x2.aem4f : RFCC26X2_multiMode.c.cc13x2.ccs.o (.text:RF_discardPendCmd)
                  0000da88    00000090     jdllc.obj (.text:disassoCnfCb$5)
                  0000db18    00000090     maclib_secure_cc13x2.a : mac_hl_patch.obj (.text:macCcmDecrypt)
                  0000dba8    00000090                            : mac_hl_patch.obj (.text:macTrackStartCallback)
                  0000dc38    00000090     jdllc.obj (.text:scanCnfCb$5)
                  0000dcc8    0000008c     maclib_osal_tirtos_cc13x2_26x2.a : osal_port.obj (.text:OsalPort_heapMalloc$41)
                  0000dd54    0000008c                                      : osal_port.obj (.text:OsalPort_setTimer)
                  0000dde0    0000008c     api_mac.obj (.text:copyDataInd$8)
                  0000de6c    0000008c     maclib_secure_cc13x2.a : mac_hl_patch.obj (.text:macCcmEncrypt)
                  0000def8    0000008c                            : mac_radio_tx.obj (.text:macRadioTxEnhAckCb)
                  0000df84    0000008c     rom_sysbios.aem4f : rom_sysbios.obj (.text:ti_sysbios_gates_GateMutexPri_enter__E)
                  0000e010    00000088     maclib_secure_cc13x2.a : mac_autopend.obj (.text:MAC_SrcMatchEnable)
                  0000e098    00000088     driverlib.lib : osc.obj (.text:NOROM_OSCHF_AttemptToSwitchToXosc)
                  0000e120    00000088     nvocmp.obj (.text:NVOCMP_deleteItemApi$14)
                  0000e1a8    00000088     rf_multiMode_cc13x2.aem4f : RFCC26X2_multiMode.c.cc13x2.ccs.o (.text:RF_cmdDispatchTime)
                  0000e230    00000088                               : RFCC26X2_multiMode.c.cc13x2.ccs.o (.text:RF_getTxPower)
                  0000e2b8    00000088     drivers_cc13x2.a : PowerCC26X2_calibrateRCOSC.oem4f (.text:calibrateRcoscHf2)
                  0000e340    00000088                      : PowerCC26X2.oem4f (.text:disableLFClockQualifiers)
                  0000e3c8    00000088     maclib_secure_cc13x2.a : mac_hl_patch.obj (.text:macKeyDescriptorLookup)
                  0000e450    00000088                            : mac_mcu.obj (.text:macMcuOverflowSetPeriod)
                  0000e4d8    00000088                            : mac_symbol_timer.obj (.text:macSymbolTimerInit)
                  0000e560    00000088     drivers_cc13x2.a : PowerCC26X2_calibrateRCOSC.oem4f (.text:updateSubSecInc)
                  0000e5e8    00000084     api_mac.obj (.text:ApiMac_init)
                  0000e66c    00000084     jdllc.obj (.text:Jdllc_securityInit)
                  0000e6f0    00000084     nvocmp.obj (.text:NVOCMP_createItemApi$14)
                  0000e774    00000084     rf_multiMode_cc13x2.aem4f : RFCC26X2_multiMode.c.cc13x2.ccs.o (.text:RF_issueRadioFreeCb)
                  0000e7f8    00000084                               : RFCC26X2_multiMode.c.cc13x2.ccs.o (.text:RF_verifyGap)
                  0000e87c    00000084     ssf.obj (.text:Ssf_stateChangeUpdate)
                  0000e900    00000084     drivers_cc13x2.a : UARTCC26XX.oem4f (.text:UARTCC26XX_close)
                  0000e984    00000084     maclib_secure_cc13x2.a : mac_rx_onoff.obj (.text:macRxOffRequest)
                  0000ea08    00000084                            : mac_timer.obj (.text:macTimerUpdateSymbolTimer)
                  0000ea8c    00000084     jdllc.obj (.text:syncLossCb$5)
                  0000eb10    00000080     drivers_cc13x2.a : NVSCC26XX.oem4f (.text:NVSCC26XX_open)
                  0000eb90    00000080     jdllc.obj (.text:disassocIndCb$5)
                  0000ec10    00000080     maclib_secure_cc13x2.a : mac_mcu.obj (.text:macMcuOverflowSetCompare)
                  0000ec90    00000080                            : mac_radio.obj (.text:macRadioWakeupCb)
                  0000ed10    00000080                            : mac_autopend.obj (.text:macSrcMatchCheckSrcAddr$17)
                  0000ed90    00000080                            : mac_radio.obj (.text:scheduleNopWakeupCmd)
                  0000ee10    00000080     rom_sysbios.aem4f : rom_sysbios.obj (.text:ti_sysbios_family_arm_cc26xx_Timer_start__E)
                  0000ee90    00000080     maclib_secure_cc13x2.a : mac_tx.obj (.text:txGo$24)
                  0000ef10    0000007c     nvocmp.obj (.text:NVOCMP_readItemApi$14)
                  0000ef8c    0000007c     rf_multiMode_cc13x2.aem4f : RFCC26X2_multiMode.c.cc13x2.ccs.o (.text:RF_ratFreeChannel)
                  0000f008    0000007c     maclib_secure_cc13x2.a : mac_rx_onoff.obj (.text:macRxOn)
                  0000f084    0000007c     maclib_osal_tirtos_cc13x2_26x2.a : osal_port.obj (.text:osalHeapInitFxn)
                  0000f100    0000007a     rtsv7M4_T_le_v4SPD16_eabi.lib : memset_t2.asm.obj (.text)
                  0000f17a    00000002                                   : div0.asm.obj (.text)
                  0000f17c    00000078     nvocmp.obj (.text:NVOCMP_checkItem$14)
                  0000f1f4    00000078     jdllc.obj (.text:dataCnfCb$5)
                  0000f26c    00000078     maclib_secure_cc13x2.a : mac_timer.obj (.text:macTimerSetRollover)
                  0000f2e4    00000074     nvocmp.obj (.text:NVOCMP_writeItemApi$14)
                  0000f358    00000074     drivers_cc13x2.a : PowerCC26X2_calibrateRCOSC.oem4f (.text:PowerCC26X2_auxISR)
                  0000f3cc    00000074     rf_multiMode_cc13x2.aem4f : RFCC26X2_multiMode.c.cc13x2.ccs.o (.text:RF_yield)
                  0000f440    00000074     drivers_cc13x2.a : TRNGCC26XX.oem4f (.text:TRNG_construct)
                  0000f4b4    00000074     rom_sysbios.aem4f : rom_sysbios.obj (.text:ti_sysbios_gates_GateMutexPri_leave__E)
                  0000f528    00000072     rf_multiMode_cc13x2.aem4f : RFCC26X2_multiMode.c.cc13x2.ccs.o (.text:RF_detachOverrides)
                  0000f59a    00000002     app_pem4f.oem4f (.text:ti_sysbios_BIOS_nullFunc__I)
                  0000f59c    00000070     drivers_cc13x2.a : AESCCMCC26XX.oem4f (.text:AESCCM_cleanup)
                  0000f60c    00000070     rf_multiMode_cc13x2.aem4f : rfc.c.cc13x2.ccs.o (.text:NOROM_RFCAnaDivTxOverride)
                  0000f67c    00000070     nvocmp.obj (.text:NVOCMP_eraseNvApi$14)
                  0000f6ec    00000070     drivers_cc13x2.a : PINCC26XX.oem4f (.text:PIN_add)
                  0000f75c    00000070     rf_multiMode_cc13x2.aem4f : RFCC26X2_multiMode.c.cc13x2.ccs.o (.text:RF_ratDisableChannel)
                  0000f7cc    00000070     drivers_cc13x2.a : Random.oem4f (.text:Random_seedAutomatic)
                  0000f83c    00000070     jdllc.obj (.text:sendAssocReq$5)
                  0000f8ac    0000006e     rf_multiMode_cc13x2.aem4f : RFCC26X2_multiMode.c.cc13x2.ccs.o (.text:RF_attachOverrides)
                  0000f91a    0000006e                               : RFCC26X2_multiMode.c.cc13x2.ccs.o (.text:RF_howToSchedule)
                  0000f988    0000006e     rtsv7M4_T_le_v4SPD16_eabi.lib : ll_div_t2.asm.obj (.text)
                  0000f9f6    00000002     rom_sysbios.aem4f : rom_sysbios.obj (.text:ti_sysbios_heaps_HeapCallback_defaultDelete)
                  0000f9f8    0000006d                       : rom_sysbios.obj (.text:xdc_runtime_System_formatNum__I)
                  0000fa65    00000001     --HOLE-- [fill = 0]
                  0000fa66    00000002                       : rom_sysbios.obj (.text:xdc_runtime_SysCallback_defaultAbort)
                  0000fa68    0000006c     driverlib.lib : chipinfo.obj (.text:NOROM_ChipInfo_GetChipType)
                  0000fad4    0000006c     nvocmp.obj (.text:NVOCMP_getDstPage$14)
                  0000fb40    0000006c     rf_multiMode_cc13x2.aem4f : RFCC26X2_multiMode.c.cc13x2.ccs.o (.text:RF_getCurrentTime)
                  0000fbac    0000006c     maclib_secure_cc13x2.a : mac_radio_tx.obj (.text:macRadioTxBackoffBoundary)
                  0000fc18    0000006c                            : mac_hl_patch.obj (.text:macTrackPeriodCallback)
                  0000fc84    0000006c                            : mac_tx.obj (.text:macTxDoneCallback)
                  0000fcf0    00000068     driverlib.lib : osc.obj (.text:NOROM_OSCHF_SwitchToRcOscTurnOffXosc)
                  0000fd58    00000068     maclib_osal_tirtos_cc13x2_26x2.a : osal_port.obj (.text:OsalPort_registerTask)
                  0000fdc0    00000068     rf_multiMode_cc13x2.aem4f : RFCC26X2_multiMode.c.cc13x2.ccs.o (.text:RF_hwiHw)
                  0000fe28    00000068     rtsv7M4_T_le_v4SPD16_eabi.lib : copy_decompress_lzss.c.obj (.text:decompress:lzss:__TI_decompress_lzss)
                  0000fe90    00000068     maclib_secure_cc13x2.a : mac_rx.obj (.text:macRxHaltCleanup)
                  0000fef8    00000068     jdllc.obj (.text:sendScanReq$5)
                  0000ff60    00000068     jdllc.obj (.text:updateState$5)
                  0000ffc8    00000064     drivers_cc13x2.a : AESCCMCC26XX.oem4f (.text:AESCCM_waitForResult)
                  0001002c    00000064                      : Button.oem4f (.text:Button_gpioCallbackFxn)
                  00010090    00000064     nvocmp.obj (.text:NVOCMP_findSignature$14)
                  000100f4    00000064     maclib_osal_tirtos_cc13x2_26x2.a : osal_port.obj (.text:OsalPort_clearEvent)
                  00010158    00000064                                      : osal_port.obj (.text:OsalPort_pwrmgrTaskState)
                  000101bc    00000064     rf_multiMode_cc13x2.aem4f : RFCC26X2_multiMode.c.cc13x2.ccs.o (.text:RF_dispatchNextEvent)
                  00010220    00000064     drivers_cc13x2.a : UARTCC26XX.oem4f (.text:UARTCC26XX_control)
                  00010284    00000064     maclib_secure_cc13x2.a : mac.obj (.text:macRequestBackoff)
                  000102e8    00000064                            : mac_timer.obj (.text:macSymbolTimerRolloverCallback)
                  0001034c    00000064                            : mac_timer.obj (.text:macTimerAddTimer)
                  000103b0    00000064     main.obj (.text:main)
                  00010414    00000062     ti_drivers_config.obj (.text:Board_sendExtFlashByte)
                  00010476    00000062     rf_multiMode_cc13x2.aem4f : RFCC26X2_multiMode.c.cc13x2.ccs.o (.text:RF_syncCb)
                  000104d8    00000062     drivers_cc13x2.a : UARTCC26XX.oem4f (.text:UARTCC26XX_swiIntFxn)
                  0001053a    00000002     rom_sysbios.aem4f : rom_sysbios.obj (.text:xdc_runtime_SysCallback_defaultExit)
                  0001053c    00000060     drivers_cc13x2.a : AESCCMCC26XX.oem4f (.text:AESCCM_hwiFxn)
                  0001059c    00000060                      : CryptoResourceCC26XX.oem4f (.text:CryptoResourceCC26XX_constructRTOSObjects)
                  000105fc    00000060                      : GPIOCC26XX.oem4f (.text:GPIO_write)
                  0001065c    00000060     rf_multiMode_cc13x2.aem4f : RFCC26X2_multiMode.c.cc13x2.ccs.o (.text:RF_applyRfCorePatch)
                  000106bc    00000060     drivers_cc13x2.a : TRNGCC26XX.oem4f (.text:TRNGCC26XX_startTrng)
                  0001071c    00000060     maclib_secure_cc13x2.a : mac_radio.obj (.text:macGetRadioTxPowerReg)
                  0001077c    00000060                            : mac_timer.obj (.text:macTimerCancel)
                  000107dc    00000060                            : mac_timer.obj (.text:macTimerGetNextTimer)
                  0001083c    0000005e     api_mac.obj (.text:convertTxOptions)
                  0001089a    00000002     rom_sysbios.aem4f : rom_sysbios.obj (.text:xdc_runtime_SysCallback_defaultFlush)
                  0001089c    0000005c     nvocmp.obj (.text:NVOCMP_readItem$14)
                  000108f8    0000005c     maclib_osal_tirtos_cc13x2_26x2.a : osal_port.obj (.text:OsalPort_msgReceive)
                  00010954    0000005c                                      : osal_port.obj (.text:OsalPort_setEvent)
                  000109b0    0000005c     drivers_cc13x2.a : PINCC26XX.oem4f (.text:PIN_remove)
                  00010a0c    0000005c     ssf.obj (.text:Ssf_getNetworkInfo)
                  00010a68    0000005c     drivers_cc13x2.a : NVSCC26XX.oem4f (.text:doErase)
                  00010ac4    0000005c     maclib_secure_cc13x2.a : mac_hl_patch.obj (.text:macSetDefaultsByPatch)
                  00010b20    0000005c     drivers_cc13x2.a : UARTCC26XX.oem4f (.text:startTxFifoEmptyClk)
                  00010b7c    0000005c     app_pem4f.oem4f (.text:xdc_runtime_Startup_getState__I)
                  00010bd8    00000058     nvocmp.obj (.text:NVOCMP_getItemLenApi$14)
                  00010c30    00000058     drivers_cc13x2.a : PowerCC26X2_calibrateRCOSC.oem4f (.text:PowerCC26X2_initiateCalibration)
                  00010c88    00000058     rf_multiMode_cc13x2.aem4f : RFCC26X2_multiMode.c.cc13x2.ccs.o (.text:RF_TxPowerTable_findValue)
                  00010ce0    00000058                               : RFCC26X2_multiMode.c.cc13x2.ccs.o (.text:RF_hwiCpe0PowerFsm)
                  00010d38    00000058     drivers_cc13x2.a : TRNGCC26XX.oem4f (.text:TRNG_init)
                  00010d90    00000058     boot.aem4f : boot.oem4f (.text)
                  00010de8    00000058     maclib_secure_cc13x2.a : mac_radio_tx.obj (.text:macRadioTxRequestTxAck)
                  00010e40    00000056     drivers_cc13x2.a : LED.oem4f (.text:LED_startBlinking)
                  00010e96    00000056     rf_multiMode_cc13x2.aem4f : RFCC26X2_multiMode.c.cc13x2.ccs.o (.text:RF_defaultSubmitPolicy)
                  00010eec    00000054     drivers_cc13x2.a : AESCCMCC26XX.oem4f (.text:AESCCM_construct)
                  00010f40    00000054     jdllc.obj (.text:Jdllc_addSecDevice)
                  00010f94    00000054     driverlib.lib : prcm.obj (.text:NOROM_PRCMPowerDomainsAllOff)
                  00010fe8    00000054     nvocmp.obj (.text:NVOCMP_doNVCRC$14)
                  0001103c    00000054     drivers_cc13x2.a : NVSCC26XX.oem4f (.text:NVSCC26XX_init)
                  00011090    00000054     rf_multiMode_cc13x2.aem4f : RFCC26X2_multiMode.c.cc13x2.ccs.o (.text:RF_fsmXOSCState)
                  000110e4    00000054     drivers_cc13x2.a : StructRingBuf.oem4f (.text:StructRingBuf_put)
                  00011138    00000054     dpl_cc13x2.a : SwiP_tirtos.oem4f (.text:SwiP_construct)
                  0001118c    00000054     maclib_secure_cc13x2.a : mac_hl_patch.obj (.text:macIncomingKeyUsagePolicyChecking)
                  000111e0    00000054                            : mac_radio.obj (.text:macRadioSetChannel)
                  00011234    00000054                            : mac_radio.obj (.text:macRadioSetChannelRx)
                  00011288    00000054                            : mac_tx.obj (.text:macTxAckReceivedCallback)
                  000112dc    00000054     api_mac.obj (.text:processScanCnf$8)
                  00011330    00000050     drivers_cc13x2.a : GPIOCC26XX.oem4f (.text:GPIO_enableInt)
                  00011380    00000050     nvocmp.obj (.text:NVOCMP_compactNvApi$14)
                  000113d0    00000050     drivers_cc13x2.a : TRNGCC26XX.oem4f (.text:TRNGCC26XX_waitForResult)
                  00011420    00000050                      : TemperatureCC26X2.oem4f (.text:degreesToCode)
                  00011470    00000050     maclib_secure_cc13x2.a : mac_sleep.obj (.text:macCanSleep)
                  000114c0    00000050                            : mac_radio.obj (.text:macRadioSetPanCoordinator)
                  00011510    00000050                            : mac_rx_onoff.obj (.text:macRxDisable)
                  00011560    00000050                            : mac_timer.obj (.text:macTimerStart)
                  000115b0    0000004c     cui.obj (.text:CUI_updateCursor$3)
                  000115fc    0000004c     driverlib.lib : prcm.obj (.text:NOROM_PRCMPowerDomainsAllOn)
                  00011648    0000004c     nvocmp.obj (.text:NVOCMP_setItemInactive$14)
                  00011694    0000004c     maclib_osal_tirtos_cc13x2_26x2.a : osal_port.obj (.text:OsalPort_msgSend)
                  000116e0    0000004c     rf_multiMode_cc13x2.aem4f : RFCC26X2_multiMode.c.cc13x2.ccs.o (.text:RF_wakeupNotification)
                  0001172c    0000004c     drivers_cc13x2.a : StructRingBuf.oem4f (.text:StructRingBuf_get)
                  00011778    0000004c                      : UARTCC26XX.oem4f (.text:UARTCC26XX_readCancel)
                  000117c4    0000004c     rtsv7M4_T_le_v4SPD16_eabi.lib : cpy_tbl.c.obj (.text:copy_in)
                  00011810    0000004c     maclib_secure_cc13x2.a : mac_radio_tx.obj (.text:macRadioTxHandleAck)
                  0001185c    0000004c                            : mac.obj (.text:macSendFsCmd)
                  000118a8    0000004c     maclib_osal_tirtos_cc13x2_26x2.a : osal_port.obj (.text:osalHeapGetStatsFxn)
                  000118f4    00000048     ti_drivers_config.obj (.text:Board_wakeUpExtFlash)
                  0001193c    00000048     CC1352R1_LAUNCHXL_fxns.obj (.text:CC1352R1_LAUNCHXL_wakeUpExtFlash)
                  00011984    00000048     rf_multiMode_cc13x2.aem4f : rfc.c.cc13x2.ccs.o (.text:NOROM_RFCSynthPowerDown)
                  000119cc    00000048     nvocmp.obj (.text:NVOCMP_write$14)
                  00011a14    00000048     drivers_cc13x2.a : NVS.oem4f (.text:NVS_open)
                  00011a5c    00000048                      : PINCC26XX.oem4f (.text:PIN_setOutputEnable)
                  00011aa4    00000048                      : PowerCC26X2_calibrateRCOSC.oem4f (.text:PowerCC26X2_RCOSC_clockFunc)
                  00011aec    00000048                      : PowerCC26X2.oem4f (.text:PowerCC26XX_switchXOSC_HF)
                  00011b34    00000048     ssf.obj (.text:Ssf_configurationUpdate)
                  00011b7c    00000048     cui.obj (.text:UartReadCallback$3)
                  00011bc4    00000048     maclib_osal_tirtos_cc13x2_26x2.a : util_timer.obj (.text:UtilTimer_construct)
                  00011c0c    00000048     drivers_cc13x2.a : NVSCC26XX.oem4f (.text:disableFlashCache)
                  00011c54    00000048     maclib_secure_cc13x2.a : mac_radio.obj (.text:macRadioNeedAdjustPower)
                  00011c9c    00000048                            : mac_radio.obj (.text:macRadioStopScan)
                  00011ce4    00000048                            : mac_timer.obj (.text:macTimerUpdActive)
                  00011d2c    00000048     drivers_cc13x2.a : PowerCC26X2.oem4f (.text:switchXOSCHF)
                  00011d74    00000048     ssf.obj (.text:uintToString$7)
                  00011dbc    00000048     drivers_cc13x2.a : UARTCC26XX.oem4f (.text:writeFinishedDoCallback)
                  00011e04    00000046                      : RingBuf.oem4f (.text:RingBuf_put)
                  00011e4a    00000046     maclib_secure_cc13x2.a : mac_hl_patch.obj (.text:macDeviceDescriptorLookup)
                  00011e90    00000044     drivers_cc13x2.a : GPIOCC26XX.oem4f (.text:GPIO_disableInt)
                  00011ed4    00000044     maclib_secure_cc13x2.a : mac_timer.obj (.text:MAC_PwrNextTimeout)
                  00011f18    00000044     driverlib.lib : chipinfo.obj (.text:NOROM_ChipInfo_GetHwRevision)
                  00011f5c    00000044     nvocmp.obj (.text:NVOCMP_getFreeNvApi$14)
                  00011fa0    00000044     drivers_cc13x2.a : NVSCC26XX.oem4f (.text:NVSCC26XX_read)
                  00011fe4    00000044                      : PINCC26XX.oem4f (.text:PIN_swi)
                  00012028    00000044                      : PWM.oem4f (.text:PWM_init)
                  0001206c    00000044                      : UART.oem4f (.text:UART_init)
                  000120b0    00000044     maclib_secure_cc13x2.a : mac_tx.obj (.text:macTxTimestampCallback)
                  000120f4    00000044     jdllc.obj (.text:populateInfo$5)
                  00012138    00000042     api_mac.obj (.text:copyMacPanDescToApiMacPanDesc$8)
                  0001217a    00000040     dpl_cc13x2.a : ClockP_tirtos.oem4f (.text:ClockP_construct)
                  000121ba    00000002     rom_sysbios.aem4f : rom_sysbios.obj (.text:xdc_runtime_SysCallback_defaultPutch)
                  000121bc    00000040     dpl_cc13x2.a : ClockP_tirtos.oem4f (.text:ClockP_create)
                  000121fc    00000040     jdllc.obj (.text:Jdllc_sendDisassociationRequest)
                  0001223c    00000040     driverlib.lib : osc.obj (.text:NOROM_OSC_HPOSCRelativeFrequencyOffsetGet)
                  0001227c    00000040     maclib_osal_tirtos_cc13x2_26x2.a : osal_port.obj (.text:OsalPort_heapFree$41)
                  000122bc    00000040     drivers_cc13x2.a : PWM.oem4f (.text:PWM_open)
                  000122fc    00000040                      : PowerCC26X2.oem4f (.text:PowerCC26XX_isStableXOSC_HF)
                  0001233c    00000040                      : Random.oem4f (.text:Random_getNumber)
                  0001237c    00000040                      : RingBuf.oem4f (.text:RingBuf_get)
                  000123bc    00000040                      : TRNGCC26XX.oem4f (.text:TRNGCC26XX_copyToClient)
                  000123fc    00000040                      : UART.oem4f (.text:UART_open)
                  0001243c    00000040     rf_multiMode_cc13x2.aem4f : rf_patch_cpe_prop.c.cc13x2.ccs.o (.text:configurePropPatch)
                  0001247c    00000040     maclib_secure_cc13x2.a : mac_low_level.obj (.text:macLowLevelYield)
                  000124bc    00000040                            : mac.obj (.text:macRatCb_B)
                  000124fc    00000040                            : mac_rx.obj (.text:macRxNokIsr)
                  0001253c    00000040                            : mac_autopend.obj (.text:macSrcMatchSetEnableBit$17)
                  0001257c    00000040                            : mac_symbol_timer.obj (.text:macSymbolTimerSetTrigger)
                  000125bc    00000040                            : mac_tx.obj (.text:macTxUpdateIE)
                  000125fc    00000040     rtsv7M4_T_le_v4SPD16_eabi.lib : u_divt2.asm.obj (.text)
                  0001263c    00000040     drivers_cc13x2.a : TemperatureCC26X2.oem4f (.text:setNextThresholds)
                  0001267c    00000040     rom_sysbios.aem4f : rom_sysbios.obj (.text:ti_sysbios_family_arm_cc26xx_Timer_setThreshold__I)
                  000126bc    00000040                       : rom_sysbios.obj (.text:ti_sysbios_heaps_HeapCallback_Module_startup__E)
                  000126fc    0000003e     dpl_cc13x2.a : HwiP_tirtos.oem4f (.text:HwiP_construct)
                  0001273a    0000003e     drivers_cc13x2.a : LED.oem4f (.text:LED_setBrightnessLevel)
                  00012778    0000003e     maclib_osal_tirtos_cc13x2_26x2.a : osal_port.obj (.text:OsalPort_msgEnqueueMax)
                  000127b6    0000003e     drivers_cc13x2.a : LED.oem4f (.text:clockTimeoutHandler)
                  000127f4    0000003c     jdllc.obj (.text:Jdllc_getJoiningPanId)
                  00012830    0000003c     drivers_cc13x2.a : LED.oem4f (.text:LED_setOff)
                  0001286c    0000003c     maclib_secure_cc13x2.a : mac_pwr.obj (.text:MAC_PwrOnReq)
                  000128a8    0000003c     nvocmp.obj (.text:NVOCMP_disableCache$14)
                  000128e4    0000003c     drivers_cc13x2.a : PINCC26XX.oem4f (.text:PIN_setInterrupt)
                  00012920    0000003c                      : PINCC26XX.oem4f (.text:PIN_setOutputValue)
                  0001295c    0000003c     rf_multiMode_cc13x2.aem4f : RFCC26X2_multiMode.c.cc13x2.ccs.o (.text:RF_cmdGet)
                  00012998    0000003c                               : RFCC26X2_multiMode.c.cc13x2.ccs.o (.text:RF_cmdStoreEvents)
                  000129d4    0000003c     cui.obj (.text:UartWriteCallback$3)
                  00012a10    0000003c     drivers_cc13x2.a : NVSCC26XX.oem4f (.text:checkEraseRange)
                  00012a4c    0000003c     jdllc.obj (.text:handleMaxDataFail$5)
                  00012a88    0000003c     maclib_secure_cc13x2.a : mac_timer.obj (.text:macTimerRecalcUnaligned)
                  00012ac4    0000003c                            : mac_tx.obj (.text:macTxDecrypt)
                  00012b00    0000003c     rom_sysbios.aem4f : rom_sysbios.obj (.text:ti_sysbios_family_arm_m3_Hwi_construct2__E)
                  00012b3c    0000003a     maclib_osal_tirtos_cc13x2_26x2.a : mac_util.obj (.text:Util_bufferUint32)
                  00012b76    00000002     --HOLE-- [fill = 0]
                  00012b78    00000038     ti_drivers_config.obj (.text:Board_shutDownExtFlash)
                  00012bb0    00000038     drivers_cc13x2.a : PINCC26XX.oem4f (.text:PIN_setConfig)
                  00012be8    00000038     rf_multiMode_cc13x2.aem4f : RFCC26X2_multiMode.c.cc13x2.ccs.o (.text:RF_checkCmdFsError)
                  00012c20    00000038                               : RFCC26X2_multiMode.c.cc13x2.ccs.o (.text:RF_powerConstraintRelease)
                  00012c58    00000038     maclib_secure_cc13x2.a : mac_timer.obj (.text:macTimerAligned)
                  00012c90    00000038                            : mac_timer.obj (.text:macTimerInit)
                  00012cc8    00000038                            : mac_tx.obj (.text:macTxAckNotReceivedCallback)
                  00012d00    00000038                            : mac_tx.obj (.text:macTxFrameIsr)
                  00012d38    00000038     drivers_cc13x2.a : PowerCC26X2.oem4f (.text:notify)
                  00012d70    00000038                      : UARTCC26XX.oem4f (.text:readData)
                  00012da8    00000038     jdllc.obj (.text:sendPollReq$5)
                  00012de0    00000038     rom_sysbios.aem4f : rom_sysbios.obj (.text:ti_sysbios_family_arm_cc26xx_Timer_getCurrentTick__E)
                  00012e18    00000038     drivers_cc13x2.a : UARTCC26XX.oem4f (.text:writeData)
                  00012e50    00000036     api_mac.obj (.text:ApiMac_convertCapabilityInfo)
                  00012e86    00000036     drivers_cc13x2.a : LED.oem4f (.text:LED_setOn)
                  00012ebc    00000036     rom_sysbios.aem4f : rom_sysbios.obj (.text:ti_sysbios_family_arm_cc26xx_Timer_setNextTick__E)
                  00012ef2    00000002     --HOLE-- [fill = 0]
                  00012ef4    00000034     driverlib.lib : sys_ctrl.obj (.text:NOROM_SysCtrlIdle)
                  00012f28    00000034     nvocmp.obj (.text:NVOCMP_verifyCRC$14)
                  00012f5c    00000034     rf_multiMode_cc13x2.aem4f : RFCC26X2_multiMode.c.cc13x2.ccs.o (.text:RF_runDirectImmediateCmd)
                  00012f90    00000034     ssf.obj (.text:Ssf_setPollClock)
                  00012fc4    00000034     ssf.obj (.text:Ssf_setReadingClock)
                  00012ff8    00000034     ssf.obj (.text:Ssf_setScanBackoffClock)
                  0001302c    00000034     ssf.obj (.text:assocAction$7)
                  00013060    00000034     maclib_secure_cc13x2.a : mac_hl_patch.obj (.text:macCheckPhyRate)
                  00013094    00000034                            : mac_low_level.obj (.text:macLowLevelDiags)
                  000130c8    00000034                            : mac_radio.obj (.text:macRadioSetIEEEAddr)
                  000130fc    00000034                            : mac.obj (.text:macRatDisableChannelB)
                  00013130    00000034                            : mac_symbol_timer.obj (.text:macSymbolTimerCount)
                  00013164    00000034     drivers_cc13x2.a : UARTCC26XX.oem4f (.text:readData2RingBuf)
                  00013198    00000034     rtsv7M4_T_le_v4SPD16_eabi.lib : strncpy.c.obj (.text:strncpy)
                  000131cc    00000034     rom_sysbios.aem4f : rom_sysbios.obj (.text:ti_sysbios_knl_Swi_setPri__E)
                  00013200    00000034     drivers_cc13x2.a : TemperatureCC26X2.oem4f (.text:updateThresholds)
                  00013234    00000032     maclib_osal_tirtos_cc13x2_26x2.a : osal_port.obj (.text:OsalPort_msgExtract)
                  00013266    00000032     rom_sysbios.aem4f : rom_sysbios.obj (.text:ti_sysbios_gates_GateMutexPri_insertPri__I)
                  00013298    00000030     drivers_cc13x2.a : GPIOCC26XX.oem4f (.text:GPIO_hwiIntFxn)
                  000132c8    00000030                      : GPIOCC26XX.oem4f (.text:GPIO_setCallback)
                  000132f8    00000030     nvocmp.obj (.text:NVOCMP_changePageState$14)
                  00013328    00000030     drivers_cc13x2.a : NVSCC26XX.oem4f (.text:NVSCC26XX_erase)
                  00013358    00000030                      : PINCC26XX.oem4f (.text:PINCC26XX_setMux)
                  00013388    00000030                      : PowerCC26X2.oem4f (.text:Power_releaseConstraint)
                  000133b8    00000030                      : PowerCC26X2.oem4f (.text:Power_setConstraint)
                  000133e8    00000030                      : TRNGCC26XX.oem4f (.text:TRNGCC26XX_fillEntropyPool)
                  00013418    00000030                      : TemperatureCC26X2.oem4f (.text:Temperature_unregisterNotify)
                  00013448    00000030     ssf.obj (.text:disassocAction$7)
                  00013478    00000030     maclib_secure_cc13x2.a : mac_rx_onoff.obj (.text:macRxHardDisable)
                  000134a8    00000030                            : mac_rx_onoff.obj (.text:macRxSoftDisable)
                  000134d8    00000030                            : mac_symbol_timer.obj (.text:macSymbolTimerBCWakeUp)
                  00013508    00000030                            : mac_symbol_timer.obj (.text:macSymbolTimerICallTimerCback)
                  00013538    00000030                            : mac_timer.obj (.text:macTimerCheckUnAlignedQ)
                  00013568    00000030     app_pem4f.oem4f (.text:ti_sysbios_BIOS_atExitFunc__I)
                  00013598    00000030     app_pem4f.oem4f (.text:ti_sysbios_BIOS_startFunc__I)
                  000135c8    00000030     rom_sysbios.aem4f : rom_sysbios.obj (.text:ti_sysbios_family_arm_cc26xx_Timer_initDevice__I)
                  000135f8    00000030     app_pem4f.oem4f (.text:ti_sysbios_gates_GateMutexPri_Object__create__S)
                  00013628    00000030     app_pem4f.oem4f (.text:ti_sysbios_gates_GateMutexPri_create)
                  00013658    00000030     app_pem4f.oem4f (.text:ti_sysbios_heaps_HeapCallback_Object__create__S)
                  00013688    00000030     rom_sysbios.aem4f : rom_sysbios.obj (.text:ti_sysbios_knl_Clock_getTimeout__E)
                  000136b8    0000002e     maclib_osal_tirtos_cc13x2_26x2.a : osal_port.obj (.text:OsalPort_msgDequeue)
                  000136e6    0000002e                                      : osal_port.obj (.text:OsalPort_msgEnqueue)
                  00013714    0000002e     rf_multiMode_cc13x2.aem4f : RFCC26X2_multiMode.c.cc13x2.ccs.o (.text:RF_queueEnd)
                  00013742    0000002e     drivers_cc13x2.a : TRNGCC26XX.oem4f (.text:TRNGCC26XX_serviceJob)
[...]
200017bc  RF_cmdNopFg                                                     
200017cc  RF_cmdRxAckCmd                                                  
200017e0  RF_cmdFsRx                                                      
200017f8  RF_cmdFsTx                                                      
20001810  RF_cmdIEEETx                                                    
20001828  RF_cmdPropCs                                                    
20001844  RF_cmdPropCsSlotted                                             
20001860  RF_cmdRadioSetup                                                
20001880  RF_cmdIEEECsma                                                  
200018a0  RF_cmdPropTxAdv                                                 
200018c0  RF_cmdPropRadioDivSetup                                         
200018f0  RF_cmdPropRxAdv                                                 
20001920  RF_cmdIEEERx                                                    
2000195c  taskCnt                                                         
2000196c  heapmgrMemFreeTotal                                             
20001970  heapmgrMemFreeError                                             
2000197c  HEAPMGR_SIZE                                                    
20001980  taskTbl                                                         
20001ae8  PowerCC26X2_module                                              
20001c58  Ssf_resetReseason                                               
20001c5e  Ssf_resetCount                                                  
20001c60  generic_sensor_val                                              
20001c90  ssfCuiHndl                                                      
20001ca4  sensorStatusLine                                                
20001ca8  genericStatusLine                                               
20001db4  ROM_stateStruct                                                 
20001db4  ti_sysbios_knl_Clock_Module__state__V                           
20001de0  ti_sysbios_family_arm_cc26xx_TimestampProvider_Module__state__V 
20001de4  xdc_runtime_Startup_Module__state__V                            
20001dec  xdc_runtime_Registry_Module__state__V                           
20001df4  ti_sysbios_BIOS_Module__state__V                                
20001e18  ti_sysbios_knl_Swi_Module__state__V                             
20001e34  ti_sysbios_knl_Task_Module__state__V                            
20001e78  xdc_runtime_Memory_Module__state__V                             
20001e7c  xdc_runtime_System_Module__state__V                             
20001e84  ti_sysbios_family_arm_m3_Hwi_Module__state__V                   
20001eb8  ti_sysbios_family_arm_cc26xx_Timer_Module__state__V             
20001ec0  initBroadcastMsg                                                
20001ec2  parentFound                                                     
20001eca  Jdllc_events                                                    
20001f0c  Jdllc_statistics                                                
20001fbc  Sensor_events                                                   
20001fc4  totalE2EDelaySum                                                
20001fc8  endToEndDelay                                                   
20002018  Sensor_msgStats                                                 
20002090  reqAccessAlloc                                                  
20002092  rxCmdHandle                                                     
20002098  macRfDrvTblPtr                                                  
2000209c  lastPostCmd                                                     
200020a0  macSfdDetectCback                                               
200020a4  macTxTimestamp                                                  
200020a8  pMacRadioConfig                                                 
200020c0  macRxOutputSubG                                                 
200020cc  macRxOutputIeee                                                 
200020dc  macFrmFilter                                                    
200020ec  macSrcShortAddrList                                             
20002108  macSrcExtAddrList                                               
20002138  macMRFSKGenPhyTable                                             
200021d8  RF_prop_2gfsk50kbps154g                                         
200021e8  txPowerTable_868_pa13                                           
2000224c  fhObject                                                        
200022ba  gAction                                                         
200022bb  NVOCMP_size                                                     
200022e8  NVOCMP_nvHandle                                                 
20002318  FHIE_channelPlan                                                
2000236c  ti_sysbios_knl_Task_Object__table__V                            
200023b8  ti_sysbios_family_arm_cc26xx_Timer_Object__table__V             
20002408  pRfMode                                                         
2000240c  pRfPowerTable                                                   
20002410  pMaxPower                                                       
20002414  RF_handle                                                       
20002418  macPhyTxPower                                                   
20002420  RF_params                                                       
20002440  configureSubMenu                                                
20002480  ssfMainMenu                                                     
200024c0  ti_sysbios_gates_GateMutex_Object__table__V                     
200024f9  appTaskId                                                       
20002500  appEvents                                                       
20002508  ApiMac_extAddr                                                  
20002510  appSem                                                          
2000252c  commissionSubMenu                                               
20002560  macBeaconPayload                                                
20002594  pMacDataTx                                                      
20002598  macDataTxIndirect                                               
2000259c  macDataRequeueIndirect                                          
200025a0  macDataRxBeaconCritical                                         
200025a4  macDataTxBeaconComplete                                         
200025a8  macDataSetSched                                                 
200025ac  macDataCheckSched                                               
200025b0  macDataCheckTxTime                                              
200025b4  macDataBeaconRequeue                                            
200025b8  csmPhy                                                          
200025bc  macTimerRollover                                                
200025c0  macTimerNewRollover                                             
200025c4  ti_sysbios_knl_Swi_Module_State_0_readyQ__A                     
200025f4  ti_sysbios_knl_Swi_Object__table__V                             
20002624  ti_sysbios_knl_Task_Module_State_0_readyQ__A                    
20002654  macSpecUsecsPerSymbol                                           
20002658  macPrevPeriodRatCount                                           
2000265c  macSymbolTimerRollover                                          
20002660  macSymbolTimerTrigger                                           
2000267c  appSubMenu                                                      
200026a4  pOverrides_2gfsk50kbps154g                                      
200026cc  macTxSlottedDelayFactor                                         
200026cd  macTxType                                                       
200026ce  macTxBe                                                         
200026cf  macTxGpInterframeDelay                                          
200026d0  txAckReq                                                        
200026d3  txSeqn                                                          
200026d5  numTx                                                           
200026d6  macTxCsmaBackoffDelay                                           
200026d8  macCsmaRtcTimerId                                               
200026dc  macAckDbg                                                       
200026f0  _hposcCoeffs                                                    
20002714  macActionSet                                                    
20002758  macBeaconMargin                                                 
20002778  ti_sysbios_knl_Clock_Object__table__V                           
20002798  xdc_runtime_Error_IgnoreBlock                                   
200027b8  ti_sysbios_family_arm_m3_Hwi_Object__table__V                   
200027d0  txCmdHandle                                                     
200027d2  macRadioAckIeeeFrame                                            
200027d8  pMacEnhancedAck                                                 
200027dc  macRadioAckFrame                                                
200027e4  macStateTbl                                                     
20002808  gpioCallbackFunctions                                           
20002818  gpioPinConfigs                                                  
20002828  macCfg                                                          
20002838  lastRatChanA                                                    
20002839  lastRatChanB                                                    
2000283a  macRxCmdActive                                                  
2000283b  macTxCmdActive                                                  
2000283c  macFsCmdActive                                                  
2000283d  macRxPreempted                                                  
2000283e  macReqAccessCnt                                                 
20002840  macReqAccessTimeCnt                                             
20002842  macReqAccErrCnt                                                 
20002844  numRfCmd                                                        
20002845  numRxCmd                                                        
20002846  numRxPostCmd                                                    
20002850  pClockHandleEDScan                                              
20002854  FH_FSM                                                          
20002860  ti_sysbios_heaps_HeapCallback_Object__table__V                  
2000286c  _lock                                                           
20002870  _unlock                                                         
20002874  FH_txTiming                                                     
2000287c  pinUpperBound                                                   
20002880  pinLowerBound                                                   
2000288c  ti_sysbios_family_arm_m3_Hwi_Module__root__V                    
20002894  ti_sysbios_gates_GateHwi_Module__root__V                        
2000289c  ti_sysbios_gates_GateMutexPri_Module__root__V                   
200028a4  ti_sysbios_gates_GateMutex_Module__root__V                      
200028ac  ti_sysbios_hal_Hwi_Module__root__V                              
200028b4  ti_sysbios_heaps_HeapCallback_Module__root__V                   
200028bc  ti_sysbios_heaps_HeapMem_Module__root__V                        
200028c4  ti_sysbios_knl_Clock_Module__root__V                            
200028cc  ti_sysbios_knl_Event_Module__root__V                            
200028d4  ti_sysbios_knl_Mailbox_Module__root__V                          
200028dc  ti_sysbios_knl_Queue_Module__root__V                            
200028e4  ti_sysbios_knl_Semaphore_Module__root__V                        
200028ec  ti_sysbios_knl_Swi_Module__root__V                              
200028f4  ti_sysbios_knl_Task_Module__root__V                             
20002908  macSrcMatchIsAckAllPending                                      
20002909  macSrcResIndex                                                  
20002910  macAddrSize                                                     
20002914  macTasksEvents                                                  
20002918  macTxSlottedDelay                                               
20002919  bInSwi                                                          
2000291a  macSrcMatchIsEnabled                                            
2000291b  macRadioYielded                                                 
2000291c  errno                                                           
20002920  main_func_sp                                                    
20002924  ti_sysbios_family_arm_m3_Hwi_Module_State_0_excContext__A       
20002928  ti_sysbios_family_arm_m3_Hwi_Module_State_0_excStack__A         
2000292c  ti_sysbios_knl_Task_Module_State_0_idleTask__A                  
20002930  CryptoResourceCC26XX_pollingFlag                                
20002934  ti_sysbios_family_arm_m3_Hwi_Module_State_0_excActive__A        
20002937  macSleepState                                                   
20002e30  ti_sysbios_knl_Task_Instance_State_0_stack__A                   
20003030  uartCC26XXObjects                                               
200031e4  enhancedAckBuf                                                  
200033d8  ti_sysbios_family_arm_m3_Hwi_dispatchTable                      
200034b0  LEDObjects                                                      
20003568  FHPIB_db                                                        
200035f4  FH_hnd                                                          
2000367c  macPib                                                          
20003704  pinHandleTable                                                  
20003780  FHNT_tableOpt                                                   
200037fc  macScan                                                         
200038a0  ButtonObjects                                                   
200038f0  CryptoResourceCC26XX_accessSemaphore                            
20003940  CryptoResourceCC26XX_operationSemaphore                         
20003990  cuiMultiMenuData                                                
200039dc  FHFSM_Dbg                                                       
20003a1e  driverlib_release_0_58048                                       
20003a1f  macMgmt                                                         
20003a20  macSecurityPib                                                  
20003a60  macBeaconCoord                                                  
20003a9c  FHNT_hnd                                                        
20003ad4  macDeviceAction1                                                
20003b40  macBeaconDevice                                                 
20003b74  macMgmtAction1                                                  
20003ba4  macCoord                                                        
20003bd0  macDevice                                                       
20003bfc  macRxFilter                                                     
20003bfd  rxPromiscuousMode                                               
20003c00  rxSeqNum                                                        
20003c08  macRxDataEntryOffset                                            
20003c0c  rxRadioBufferPtr                                                
20003c1c  macRxDataEntryQueue                                             
20003c84  macBeacon                                                       
20003cf8  CryptoResourceCC26XX_hwi                                        
20003d14  macCoordAction2                                                 
20003d30  macReset                                                        
20003d4c  aesccmCC26XXObjects                                             
20003d64  macScanAction                                                   
20003da4  macDeviceAction2                                                
20003db8  macMgmtAction2                                                  
20003dcc  macBeaconDeviceAction                                           
20003ddc  macCoordAction3                                                 
20003dec  macData                                                         
20003dfc  macDataTxDelay                                                  
20003e24  FH_PibTbl                                                       
20003e30  macMain                                                         
20003e4c  FHNT_tempTable                                                  
20003e54  macBeaconCoordAction1                                           
20003e5c  macCoordAction1                                                 
20003e64  FHNT_Dbg                                                        
20003e6a  macPanCoordinator                                               
20003e6b  macPhyChannel                                                   
20003e70  AESCCM_handle                                                   
20003e74  FH_test_var                                                     
20003e78  PowerCC26XX_swiKey                                              
20003e7c  PowerCC26XX_taskKey                                             
20003e80  macCryptoDrvTblPtr                                              
20003e84  macRxSymbol                                                     
20003e88  macTimerActive                                                  
20003e8c  nvsCC26XXObjects                                                
20003e90  timerAlignedQ                                                   
20003e94  timerUnalignedQ                                                 
20003e98  macPwr                                                          
20003e99  macRxActive                                                     
20003e9a  macRxEnableFlags                                                
20003e9b  macRxOutgoingAckFlag                                            
20003e9c  macSymbolTimerImpending                                         
20003e9d  macTaskId                                                       
20003e9e  macTxActive                                                     
20003e9f  macUnitBackoffPeriod                                            
20003ea0  rxFhRsl                                                         
20003ea1  heapStart                                                       
20013aa0  __stack                                                         
20013aa0  heapEnd                                                         
20014000  __STACK_END                                                     
20014000  __STACK_TOP                                                     
e000e000  ti_sysbios_family_arm_m3_Hwi_nvic                               
ffffffff  __TI_pprof_out_hndl                                             
ffffffff  __TI_prof_data_size                                             
ffffffff  __TI_prof_data_start                                            
ffffffff  __binit__                                                       
ffffffff  __c_args__                                                      
ffffffff  binit                                                           
UNDEFED   ITM_flush                                                       
UNDEFED   ITM_restore                                                     
UNDEFED   PWM_config                                                      
UNDEFED   PWM_count                                                       
UNDEFED   SHT$$INIT_ARRAY$$Base                                           
UNDEFED   SHT$$INIT_ARRAY$$Limit                                          

[1879 symbols]
