******************************************************************************
                  TI ARM Linker PC v20.2.1                     
******************************************************************************
>> Linked Fri Dec  4 13:54:25 2020

OUTPUT FILE NAME:   <sensor_CC1352R1_LAUNCHXL_tirtos_ccs.out>
ENTRY POINT SYMBOL: "ResetISR"  address: 00010da9


MEMORY CONFIGURATION

         name            origin    length      used     unused   attr    fill
----------------------  --------  ---------  --------  --------  ----  --------
  FLASH                 00000000   00052000  00015c04  0003c3fc  R  X
  FLASH_NV              00052000   00004000  00004000  00000000  RW X
  FLASH_LAST            00056000   00002000  00002000  00000000  R  X
  SRAM                  20000000   00014000  000043e5  0000fc1b  RW X


SEGMENT ALLOCATION MAP

run origin  load origin   length   init length attrs members
----------  ----------- ---------- ----------- ----- -------
00000000    00000000    00015c08   00015c08    r-x
  00000000    00000000    0000003c   0000003c    r-- .resetVecs
  0000003c    0000003c    0000202c   0000202c    r-- .const
  00002068    00002068    000136ec   000136ec    r-x .text.1
  00015758    00015758    000004b0   000004b0    r-- .cinit
00052000    00052000    00004000   00000000    rw-
  00052000    00052000    00004000   00000000    rw- .TI.bound:flashBuf0
00056000    00056000    00002000   00002000    r-x
  00056000    00056000    00001fa8   00001fa8    r-x .text.2
  00057fa8    00057fa8    00000058   00000058    r-- .ccfg
20000100    20000100    00003db1   00000000    rw-
  20000100    20000100    00000004   00000000    rw- .data:xdcRomConstPtr
  20000104    20000104    00000004   00000000    rw- .data:xdcRomExternFuncPtr
  20000108    20000108    00000004   00000000    rw- .data:xdcRomStatePtr
  2000010c    2000010c    00000010   00000000    rw- .data:RAM_MAC_BASE_ADDR
  20000120    20000120    00002829   00000000    rw- .data
  20002950    20002950    00001561   00000000    rw- .bss
20013aa0    20013aa0    00000560   00000000    rw-
  20013aa0    20013aa0    00000560   00000000    rw- .stack


SECTION ALLOCATION MAP

 output                                  attributes/
section   page    origin      length       input sections
--------  ----  ----------  ----------   ----------------
.const     0    0000003c    0000202c     
                  0000003c    00000568     maclib_secure_cc13x2.a : hmac_rom_init.obj (.const:HMAC_ROM_Flash_JT)
                  000005a4    000003b8     app_pem4f.oem4f (.const:ROM_constStruct)
                  0000095c    00000258     maclib_secure_cc13x2.a : fh_rom_init.obj (.const:FH_ROM_Flash_JT)
                  00000bb4    000001f0     rf_multiMode_cc13x2.aem4f : rf_patch_cpe_prop.c.cc13x2.ccs.o (.const:patchImageProp)
                  00000da4    0000010c     <whole-program> (.const:.string)
                  00000eb0    00000101     rtsv7M4_T_le_v4SPD16_eabi.lib : ctype.c.obj (.const:.string:_ctypes_)
                  00000fb1    00000100     crc.obj (.const:.string:crc_table$21)
                  000010b1    000000fa     maclib_secure_cc13x2.a : fh_global.obj (.const:FH_stateMatrix)
                  000011ab    000000f8     mac_cfg.obj (.const:macPibTbl)
                  000012a3    00000001     ti_drivers_config.obj (.const:aesccmCC26XXHWAttrs)
                  000012a4    000000cc     maclib_secure_cc13x2.a : lmac_rom_init.obj (.const:LMAC_ROM_Flash_JT)
                  00001370    000000ac     ti_radio_config.obj (.const:$O3$$)
                  0000141c    0000008c     mac_cfg.obj (.const:FHPIB_defaults)
                  000014a8    00000088     mac_cfg.obj (.const:macPibDefaults)
                  00001530    00000080     drivers_cc13x2.a : Random.oem4f (.const:$P$T0$1)
                  000015b0    00000072     maclib_secure_cc13x2.a : hmac_global.obj (.const:macAssociatingSt)
                  00001622    00000072                            : hmac_global.obj (.const:macIdleSt)
                  00001694    00000072                            : hmac_global.obj (.const:macPollingSt)
                  00001706    00000072                            : hmac_global.obj (.const:macScanningSt)
                  00001778    00000072                            : hmac_global.obj (.const:macStartingSt)
                  000017ea    00000002     ti_drivers_config.obj (.const:ButtonHWAttrs)
                  000017ec    0000006c     maclib_secure_cc13x2.a : icall_osal_rom_init.obj (.const:ICALL_OSAL_ROM_Flash_JT)
                  00001858    0000006c     mac_user_config.obj (.const:macRfDriverTable)
                  000018c4    00000058     mac_cfg.obj (.const:macSecurityPibTbl)
                  0000191c    00000054     drivers_cc13x2.a : PowerCC26X2.oem4f (.const:resourceDB)
                  00001970    00000050     mac_cfg.obj (.const:macMRFSKStdPhyTable)
                  000019c0    0000004c     ti_drivers_config.obj (.const:$O1$$)
                  00001a0c    00000048     app_pem4f.oem4f (.const:.string)
                  00001a54    00000048     app_pem4f.oem4f (.const:ROM_externFuncPtrs)
                  00001a9c    00000040     mac_user_config.obj (.const:macCryptoDriverTable)
                  00001adc    00000040     maclib_secure_cc13x2.a : hmac_global.obj (.const:macTimerRolloverValue)
                  00001b1c    00000038     jdllc.obj (.const:$O11$$)
                  00001b54    00000038     maclib_secure_cc13x2.a : hmac_global.obj (.const:macCmdIncludeFHIe)
                  00001b8c    00000028     drivers_cc13x2.a : NVSCC26XX.oem4f (.const:NVSCC26XX_fxnTable)
                  00001bb4    00000028                      : UARTCC26XX.oem4f (.const:UARTCC26XX_fxnTable)
                  00001bdc    00000028     app_pem4f.oem4f (.const:ti_sysbios_heaps_HeapCallback_Module__FXNS__C)
                  00001c04    00000028     ti_drivers_config.obj (.const:uartCC26XXHWAttrs)
                  00001c2c    00000028     app_pem4f.oem4f (.const:xdc_runtime_Startup_sfxnTab__A)
                  00001c54    00000024     cui.obj (.const:$O5$$)
                  00001c78    00000024     drivers_cc13x2.a : UART.oem4f (.const:UART_defaultParams)
                  00001c9c    00000024     app_pem4f.oem4f (.const:ti_sysbios_gates_GateMutexPri_Module__FXNS__C)
                  00001cc0    00000020     ssf.obj (.const:$O14$$)
                  00001ce0    00000020     mac_user_config.obj (.const:$P$T0$1$20)
                  00001d00    00000020     rf_multiMode_cc13x2.aem4f : RFCC26X2_multiMode.c.cc13x2.ccs.o (.const:RF_defaultParams)
                  00001d20    00000020     jdllc.obj (.const:keyDeviceList$13)
                  00001d40    00000020     app_pem4f.oem4f (.const:ti_sysbios_gates_GateMutexPri_Object__DESC__C)
                  00001d60    00000020     app_pem4f.oem4f (.const:ti_sysbios_heaps_HeapCallback_Object__DESC__C)
                  00001d80    0000001c     CC1352R1_LAUNCHXL_fxns.obj (.const:$O1$$)
                  00001d9c    0000001c     app_pem4f.oem4f (.const:ti_sysbios_heaps_HeapCallback_Object__PARAMS__C)
                  00001db8    00000018     drivers_cc13x2.a : PWM.oem4f (.const:PWM_defaultParams)
                  00001dd0    00000018                      : GPIOCC26XX.oem4f (.const:interruptType)
                  00001de8    00000018     maclib_secure_cc13x2.a : hmac_global.obj (.const:macSendMsgBufSize)
                  00001e00    00000018     app_pem4f.oem4f (.const:ti_sysbios_gates_GateMutexPri_Object__PARAMS__C)
                  00001e18    00000017     ti_drivers_config.obj (.const)
                  00001e2f    00000001     app_pem4f.oem4f (.const:xdc_runtime_Text_charTab__A)
                  00001e30    00000014     ti_drivers_config.obj (.const:GPIOCC26XX_config)
                  00001e44    00000014     ti_drivers_config.obj (.const:PowerCC26X2_config)
                  00001e58    00000014     drivers_cc13x2.a : UARTCC26XX.oem4f (.const:parityType)
                  00001e6c    00000014     app_pem4f.oem4f (.const:xdc_runtime_Startup_sfxnRts__A)
                  00001e80    00000013     macTask.obj (.const:.string:msacbackSizeTable)
                  00001e93    00000001     --HOLE-- [fill = 0]
                  00001e94    00000010     drivers_cc13x2.a : AESCCM.oem4f (.const:AESCCM_defaultParams)
                  00001ea4    00000010     ti_drivers_config.obj (.const:Button_config)
                  00001eb4    00000010     drivers_cc13x2.a : Button.oem4f (.const:Button_defaultParams)
                  00001ec4    00000010     ti_drivers_config.obj (.const:LED_config)
                  00001ed4    00000010     drivers_cc13x2.a : TRNG.oem4f (.const:TRNG_defaultParams)
                  00001ee4    00000010                      : UARTCC26XX.oem4f (.const:dataLength)
                  00001ef4    00000010     maclib_secure_cc13x2.a : hmac_global.obj (.const:macIEEEPhyTable)
                  00001f04    00000010     drivers_cc13x2.a : GPIOCC26XX.oem4f (.const:outPinTypes)
                  00001f14    0000000e     maclib_secure_cc13x2.a : hmac_global.obj (.const:.string:macCmdBufSize)
                  00001f22    0000000e                            : hmac_global.obj (.const:.string:macTxFrameFailed)
                  00001f30    0000000e                            : hmac_global.obj (.const:.string:macTxFrameSuccess)
                  00001f3e    00000002     jdllc.obj (.const:keyUsageList$13)
                  00001f40    0000000c     drivers_cc13x2.a : Random.oem4f (.const:$P$T1$2)
                  00001f4c    0000000c     maclib_secure_cc13x2.a : hmac_global.obj (.const:.string:macCbackEventTbl)
                  00001f58    0000000c                            : hmac_global.obj (.const:.string:macSendMsgDataSize)
                  00001f64    0000000c     ti_drivers_config.obj (.const:NVS_config)
                  00001f70    0000000c     ti_drivers_config.obj (.const:RFCC26XX_hwAttrs)
                  00001f7c    0000000c     ti_drivers_config.obj (.const:UART_config)
                  00001f88    0000000c     drivers_cc13x2.a : GPIOCC26XX.oem4f (.const:inPinTypes)
                  00001f94    0000000c                      : GPIOCC26XX.oem4f (.const:outPinStrengths)
                  00001fa0    0000000c     app_pem4f.oem4f (.const:xdc_runtime_Startup_firstFxns__A)
                  00001fac    00000009     maclib_secure_cc13x2.a : hmac_global.obj (.const:.string:macCmdLen)
                  00001fb5    00000003     --HOLE-- [fill = 0]
                  00001fb8    00000008                            : mac_rx.obj (.const:$O24$$)
                  00001fc0    00000008     driverlib.lib : aux_sysif.obj (.const:$O32$$)
                  00001fc8    00000008     main.obj (.const:.string:dummyExtAddr$9)
                  00001fd0    00000008     maclib_secure_cc13x2.a : fh_global.obj (.const:.string:fhSupFrameTypes)
                  00001fd8    00000008                            : hmac_global.obj (.const:.string:macAuthTagLen)
                  00001fe0    00000008     ti_drivers_config.obj (.const:AESCCM_config)
                  00001fe8    00000008     drivers_cc13x2.a : LED.oem4f (.const:LED_defaultParams)
                  00001ff0    00000008     ti_drivers_config.obj (.const:PINCC26XX_hwAttrs)
                  00001ff8    00000008     rf_multiMode_cc13x2.aem4f : RFCC26X2_multiMode.c.cc13x2.ccs.o (.const:RFCC26XX_schedulerPolicy)
                  00002000    00000008     ti_drivers_config.obj (.const:nvsCC26XXHWAttrs)
                  00002008    00000008     drivers_cc13x2.a : UARTCC26XX.oem4f (.const:stopBits)
                  00002010    00000008     app_pem4f.oem4f (.const:ti_sysbios_family_arm_m3_Hwi_excHookFuncs__A)
                  00002018    00000006     drivers_cc13x2.a : UARTCC26XX.oem4f (.const:.string:rxFifoBytes)
                  0000201e    00000006                      : UARTCC26XX.oem4f (.const:.string:rxFifoThreshold)
                  00002024    00000006                      : UARTCC26XX.oem4f (.const:.string:txFifoBytes)
                  0000202a    00000006                      : UARTCC26XX.oem4f (.const:.string:txFifoThreshold)
                  00002030    00000004     maclib_secure_cc13x2.a : hmac_global.obj (.const:.string:macKeySourceLen)
                  00002034    00000004     ti_drivers_config.obj (.const:LEDHWAttrs)
                  00002038    00000004     drivers_cc13x2.a : NVS.oem4f (.const:NVS_defaultParams)
                  0000203c    00000004     app_pem4f.oem4f (.const:ti_sysbios_gates_GateMutexPri_Instance_State_pendQ__O)
                  00002040    00000004     app_pem4f.oem4f (.const:ti_sysbios_heaps_HeapCallback_Object__count__C)
                  00002044    00000004     app_pem4f.oem4f (.const:ti_sysbios_heaps_HeapCallback_allocInstFxn__C)
                  00002048    00000004     app_pem4f.oem4f (.const:ti_sysbios_heaps_HeapCallback_createInstFxn__C)
                  0000204c    00000004     app_pem4f.oem4f (.const:ti_sysbios_heaps_HeapCallback_deleteInstFxn__C)
                  00002050    00000004     app_pem4f.oem4f (.const:ti_sysbios_heaps_HeapCallback_freeInstFxn__C)
                  00002054    00000004     app_pem4f.oem4f (.const:ti_sysbios_heaps_HeapCallback_getStatsInstFxn__C)
                  00002058    00000004     app_pem4f.oem4f (.const:ti_sysbios_heaps_HeapCallback_initInstFxn__C)
                  0000205c    00000004     app_pem4f.oem4f (.const:ti_sysbios_heaps_HeapCallback_isBlockingInstFxn__C)
                  00002060    00000004     app_pem4f.oem4f (.const:ti_sysbios_knl_Clock_tickPeriod__C)
                  00002064    00000004     app_pem4f.oem4f (.const:ti_sysbios_knl_Idle_funcList__A)

.cinit     0    00015758    000004b0     
                  00015758    00000445     (.cinit..data.load) [load image, compression = lzss]
                  00015b9d    00000003     --HOLE-- [fill = 0]
                  00015ba0    0000000c     (__TI_handler_table)
                  00015bac    00000004     --HOLE-- [fill = 0]
                  00015bb0    00000008     (.cinit..bss.load) [load image, compression = zero_init]
                  00015bb8    00000008     (.cinit..data:RAM_MAC_BASE_ADDR.load) [load image, compression = zero_init]
                  00015bc0    00000008     (.cinit..data:xdcRomConstPtr.load) [load image, compression = lzss]
                  00015bc8    00000008     (.cinit..data:xdcRomExternFuncPtr.load) [load image, compression = lzss]
                  00015bd0    00000008     (.cinit..data:xdcRomStatePtr.load) [load image, compression = lzss]
                  00015bd8    00000030     (__TI_cinit_table)

.init_array 
*          0    00000000    00000000     UNINITIALIZED

.TI.bound:flashBuf0 
*          0    00052000    00004000     UNINITIALIZED
                  00052000    00004000     ti_drivers_config.obj (.TI.bound:flashBuf0)

.ccfg      0    00057fa8    00000058     
                  00057fa8    00000058     ti_devices_config.obj (.ccfg:retain)

.data:xdcRomConstPtr 
*          0    20000100    00000004     UNINITIALIZED
                  20000100    00000004     app_pem4f.oem4f (.data:xdcRomConstPtr)

.data:xdcRomExternFuncPtr 
*          0    20000104    00000004     UNINITIALIZED
                  20000104    00000004     app_pem4f.oem4f (.data:xdcRomExternFuncPtr)

.data:xdcRomStatePtr 
*          0    20000108    00000004     UNINITIALIZED
                  20000108    00000004     app_pem4f.oem4f (.data:xdcRomStatePtr)

.data      0    20000120    00002829     UNINITIALIZED
                  20000120    000008c4     macTask.obj (.data:$O16$$)
                  200009e4    000008c4     main.obj (.data:$O9$$)
                  200012a8    00000504     cui.obj (.data:$O4$$)
                  200017ac    000001b0     mac_settings.obj (.data:$O17$$)
                  2000195c    0000018c     maclib_osal_tirtos_cc13x2_26x2.a : osal_port.obj (.data:$O28$$)
                  20001ae8    00000170     drivers_cc13x2.a : PowerCC26X2.oem4f (.data:PowerCC26X2_module)
                  20001c58    0000015c     ssf.obj (.data:$O13$$)
                  20001db4    0000010c     app_pem4f.oem4f (.data:ROM_stateStruct)
                  20001ec0    000000f8     jdllc.obj (.data:$O10$$)
                  20001fb8    000000d8     sensor.obj (.data:$O12$$)
                  20002090    000000a8     maclib_secure_cc13x2.a : mac.obj (.data:$O20$$)
                  20002138    000000a0     mac_cfg.obj (.data:macMRFSKGenPhyTable)
                  200021d8    00000074     ti_radio_config.obj (.data:$O2$$)
                  2000224c    0000006c     maclib_secure_cc13x2.a : hmac_global.obj (.data:fhObject)
                  200022b8    00000060     nvocmp.obj (.data:$O18$$)
                  20002318    00000054     maclib_secure_cc13x2.a : fh_global.obj (.data:FHIE_channelPlan)
                  2000236c    0000004c     app_pem4f.oem4f (.data:ti_sysbios_knl_Task_Object__table__V)
                  200023b8    00000048     app_pem4f.oem4f (.data:ti_sysbios_family_arm_cc26xx_Timer_Object__table__V)
                  20002400    00000040     maclib_secure_cc13x2.a : mac_radio.obj (.data:$O22$$)
                  20002440    00000040     ssf.obj (.data:configureSubMenu)
                  20002480    00000040     ssf.obj (.data:ssfMainMenu)
                  200024c0    00000038     app_pem4f.oem4f (.data:ti_sysbios_gates_GateMutex_Object__table__V)
                  200024f8    00000034     api_mac.obj (.data:$O15$$)
                  2000252c    00000034     ssf.obj (.data:commissionSubMenu)
                  20002560    00000034     maclib_secure_cc13x2.a : hmac_global.obj (.data:macBeaconPayload)
                  20002594    00000030                            : hmac_global.obj (.data)
                  200025c4    00000030     app_pem4f.oem4f (.data:ti_sysbios_knl_Swi_Module_State_0_readyQ__A)
                  200025f4    00000030     app_pem4f.oem4f (.data:ti_sysbios_knl_Swi_Object__table__V)
                  20002624    00000030     app_pem4f.oem4f (.data:ti_sysbios_knl_Task_Module_State_0_readyQ__A)
                  20002654    00000028     maclib_secure_cc13x2.a : mac_symbol_timer.obj (.data:$O25$$)
                  2000267c    00000028     ssf.obj (.data:appSubMenu)
                  200026a4    00000028     ti_radio_config.obj (.data:pOverrides_2gfsk50kbps154g)
                  200026cc    00000024     maclib_secure_cc13x2.a : mac_tx.obj (.data:$O26$$)
                  200026f0    00000024     driverlib.lib : osc.obj (.data:$O30$$)
                  20002714    00000024     maclib_secure_cc13x2.a : hmac_global.obj (.data:macActionSet)
                  20002738    00000020     drivers_cc13x2.a : TRNGCC26XX.oem4f (.data:entropyPoolBuffer)
                  20002758    00000020     mac_cfg.obj (.data:macBeaconMargin)
                  20002778    00000020     app_pem4f.oem4f (.data:ti_sysbios_knl_Clock_Object__table__V)
                  20002798    00000020     app_pem4f.oem4f (.data:xdc_runtime_Error_IgnoreBlock)
                  200027b8    00000018     ti_drivers_config.obj (.data:gpioCallbackFunctions)
                  200027d0    00000018     ti_drivers_config.obj (.data:gpioPinConfigs)
                  200027e8    00000018     app_pem4f.oem4f (.data:ti_sysbios_family_arm_m3_Hwi_Object__table__V)
                  20002800    00000014     maclib_secure_cc13x2.a : mac_radio_tx.obj (.data:$O27$$)
                  20002814    00000014                            : hmac_global.obj (.data:macStateTbl)
                  20002828    00000010     maclib_osal_tirtos_cc13x2_26x2.a : osal_port_timers.obj (.data:$O29$$)
                  20002838    00000010     mac_cfg.obj (.data:macCfg)
                  20002848    0000000f     maclib_secure_cc13x2.a : mac.obj (.data)
                  20002857    00000001     drivers_cc13x2.a : AESCCMCC26XX.oem4f (.data)
                  20002858    0000000c     maclib_secure_cc13x2.a : mac_hl_patch.obj (.data:$O19$$)
                  20002864    0000000c                            : fh_global.obj (.data:FH_FSM)
                  20002870    0000000c     app_pem4f.oem4f (.data:ti_sysbios_heaps_HeapCallback_Object__table__V)
                  2000287c    00000008     rtsv7M4_T_le_v4SPD16_eabi.lib : _lock.c.obj (.data:$O33$$)
                  20002884    00000008     maclib_secure_cc13x2.a : fh_global.obj (.data:FH_txTiming)
                  2000288c    00000008     drivers_cc13x2.a : PINCC26XX.oem4f (.data)
                  20002894    00000008                      : TRNGCC26XX.oem4f (.data:jobList)
                  2000289c    00000008     app_pem4f.oem4f (.data:ti_sysbios_family_arm_m3_Hwi_Module__root__V)
                  200028a4    00000008     app_pem4f.oem4f (.data:ti_sysbios_gates_GateHwi_Module__root__V)
                  200028ac    00000008     app_pem4f.oem4f (.data:ti_sysbios_gates_GateMutexPri_Module__root__V)
                  200028b4    00000008     app_pem4f.oem4f (.data:ti_sysbios_gates_GateMutex_Module__root__V)
                  200028bc    00000008     app_pem4f.oem4f (.data:ti_sysbios_hal_Hwi_Module__root__V)
                  200028c4    00000008     app_pem4f.oem4f (.data:ti_sysbios_heaps_HeapCallback_Module__root__V)
                  200028cc    00000008     app_pem4f.oem4f (.data:ti_sysbios_heaps_HeapMem_Module__root__V)
                  200028d4    00000008     app_pem4f.oem4f (.data:ti_sysbios_knl_Clock_Module__root__V)
                  200028dc    00000008     app_pem4f.oem4f (.data:ti_sysbios_knl_Event_Module__root__V)
                  200028e4    00000008     app_pem4f.oem4f (.data:ti_sysbios_knl_Mailbox_Module__root__V)
                  200028ec    00000008     app_pem4f.oem4f (.data:ti_sysbios_knl_Queue_Module__root__V)
                  200028f4    00000008     app_pem4f.oem4f (.data:ti_sysbios_knl_Semaphore_Module__root__V)
                  200028fc    00000008     app_pem4f.oem4f (.data:ti_sysbios_knl_Swi_Module__root__V)
                  20002904    00000008     app_pem4f.oem4f (.data:ti_sysbios_knl_Task_Module__root__V)
                  2000290c    00000005     drivers_cc13x2.a : GPIOCC26XX.oem4f (.data)
                  20002911    00000001                      : NVS.oem4f (.data)
                  20002912    00000005                      : TemperatureCC26X2.oem4f (.data)
                  20002917    00000001                      : PWM.oem4f (.data)
                  20002918    00000004     maclib_secure_cc13x2.a : mac_autopend.obj (.data:$O21$$)
                  2000291c    00000004     drivers_cc13x2.a : GPIOCC26XX.oem4f (.data:gpioPinTable)
                  20002920    00000004     maclib_secure_cc13x2.a : fh_global.obj (.data:macAddrSize)
                  20002924    00000004     maclib_osal_tirtos_cc13x2_26x2.a : osal_port.obj (.data)
                  20002928    00000004     maclib_secure_cc13x2.a : lmac_global.obj (.data)
                  2000292c    00000004     rtsv7M4_T_le_v4SPD16_eabi.lib : errno.c.obj (.data)
                  20002930    00000004                                   : stkdepth_vars.c.obj (.data)
                  20002934    00000004     app_pem4f.oem4f (.data:ti_sysbios_family_arm_m3_Hwi_Module_State_0_excContext__A)
                  20002938    00000004     app_pem4f.oem4f (.data:ti_sysbios_family_arm_m3_Hwi_Module_State_0_excStack__A)
                  2000293c    00000004     app_pem4f.oem4f (.data:ti_sysbios_knl_Task_Module_State_0_idleTask__A)
                  20002940    00000002     drivers_cc13x2.a : CryptoResourceCC26XX.oem4f (.data)
                  20002942    00000002                      : TRNGCC26XX.oem4f (.data)
                  20002944    00000002     app_pem4f.oem4f (.data:ti_sysbios_family_arm_m3_Hwi_Module_State_0_excActive__A)
                  20002946    00000001     drivers_cc13x2.a : UART.oem4f (.data)
                  20002947    00000001     maclib_secure_cc13x2.a : mac_sleep.obj (.data)
                  20002948    00000001     rf_multiMode_cc13x2.aem4f : rf_patch_cpe_prop.c.cc13x2.ccs.o (.data)

.bss       0    20002950    00001561     UNINITIALIZED
                  20002950    000004f0     rf_multiMode_cc13x2.aem4f : RFCC26X2_multiMode.c.cc13x2.ccs.o (.bss:$O1$$)
                  20002e40    00000200     app_pem4f.oem4f (.bss:taskStackSection)
                  20003040    000001b4     (.common:uartCC26XXObjects)
                  200031f4    000000fc     (.common:enhancedAckBuf)
                  200032f0    000000f8     maclib_secure_cc13x2.a : mac_radio.obj (.bss:RF_object$28)
                  200033e8    000000d8     (.common:ti_sysbios_family_arm_m3_Hwi_dispatchTable)
                  200034c0    000000b8     (.common:LEDObjects)
                  20003578    0000008c     (.common:FHPIB_db)
                  20003604    00000088     (.common:FH_hnd)
                  2000368c    00000088     (.common:macPib)
                  20003714    0000007c     (.common:pinHandleTable)
                  20003790    0000007a     (.common:FHNT_tableOpt)
                  2000380a    00000001                            : mac_tx.obj (.bss)
                  2000380b    00000001     rf_multiMode_cc13x2.aem4f : RFCC26X2_multiMode.c.cc13x2.ccs.o (.bss)
                  2000380c    00000054     (.common:macScan)
                  20003860    00000050     drivers_cc13x2.a : PINCC26XX.oem4f (.bss:pinSemaphore)
                  200038b0    00000050     (.common:ButtonObjects)
                  20003900    00000050     (.common:CryptoResourceCC26XX_accessSemaphore)
                  20003950    00000050     (.common:CryptoResourceCC26XX_operationSemaphore)
                  200039a0    0000004c     (.common:cuiMultiMenuData)
                  200039ec    00000042     (.common:FHFSM_Dbg)
                  20003a2e    00000001     (.common:driverlib_release_0_58048)
                  20003a2f    00000001     (.common:macMgmt)
                  20003a30    00000040     (.common:macSecurityPib)
                  20003a70    0000003c     (.common:macBeaconCoord)
                  20003aac    00000038     (.common:FHNT_hnd)
                  20003ae4    00000038     (.common:macDeviceAction1)
                  20003b1c    00000034                      : PINCC26XX.oem4f (.bss:pinSwi)
                  20003b50    00000034     (.common:macBeaconDevice)
                  20003b84    00000030     (.common:macMgmtAction1)
                  20003bb4    0000002c     (.common:macCoord)
                  20003be0    0000002c     (.common:macDevice)
                  20003c0c    00000028     maclib_secure_cc13x2.a : mac_rx.obj (.bss:$O23$$)
                  20003c34    00000020     drivers_cc13x2.a : GPIOCC26XX.oem4f (.bss:gpioCallbackInfo)
                  20003c54    00000020                      : PINCC26XX.oem4f (.bss:pinGpioConfigTable)
                  20003c74    00000020     ti_drivers_config.obj (.bss:uartCC26XXRingBuffer0)
                  20003c94    00000020     (.common:macBeacon)
                  20003cb4    0000001c     drivers_cc13x2.a : TRNGCC26XX.oem4f (.bss:TRNGCC26XX_hwi)
                  20003cd0    0000001c                      : TRNGCC26XX.oem4f (.bss:entropyPool)
                  20003cec    0000001c                      : PINCC26XX.oem4f (.bss:pinHwi)
                  20003d08    0000001c     (.common:CryptoResourceCC26XX_hwi)
                  20003d24    0000001c     (.common:macCoordAction2)
                  20003d40    0000001c     (.common:macReset)
                  20003d5c    00000018     (.common:aesccmCC26XXObjects)
                  20003d74    00000018     (.common:macScanAction)
                  20003d8c    00000014     rf_multiMode_cc13x2.aem4f : RFCC26X2_multiMode.c.cc13x2.ccs.o (.bss:RF_ratSyncCmd)
                  20003da0    00000014     drivers_cc13x2.a : Random.oem4f (.bss:state)
                  20003db4    00000014     (.common:macDeviceAction2)
                  20003dc8    00000014     (.common:macMgmtAction2)
                  20003ddc    00000010     (.common:macBeaconDeviceAction)
                  20003dec    00000010     (.common:macCoordAction3)
                  20003dfc    00000010     (.common:macData)
                  20003e0c    00000010     (.common:macDataTxDelay)
                  20003e1c    0000000c                      : NVSCC26XX.oem4f (.bss)
                  20003e28    0000000c                      : GPIOCC26XX.oem4f (.bss:gpioPinState)
                  20003e34    0000000c     (.common:FH_PibTbl)
                  20003e40    0000000c     (.common:macMain)
                  20003e4c    00000008                      : GPIOCC26XX.oem4f (.bss)
                  20003e54    00000008                      : TemperatureCC26X2.oem4f (.bss:notificationList)
                  20003e5c    00000008     (.common:FHNT_tempTable)
                  20003e64    00000008     (.common:macBeaconCoordAction1)
                  20003e6c    00000008     (.common:macCoordAction1)
                  20003e74    00000006     (.common:FHNT_Dbg)
                  20003e7a    00000001     (.common:macPanCoordinator)
                  20003e7b    00000001     (.common:macPhyChannel)
                  20003e7c    00000004                      : PINCC26XX.oem4f (.bss)
                  20003e80    00000004     (.common:AESCCM_handle)
                  20003e84    00000004     (.common:FH_test_var)
                  20003e88    00000004     (.common:PowerCC26XX_swiKey)
                  20003e8c    00000004     (.common:PowerCC26XX_taskKey)
                  20003e90    00000004     (.common:macCryptoDrvTblPtr)
                  20003e94    00000004     (.common:macRxSymbol)
                  20003e98    00000004     (.common:macTimerActive)
                  20003e9c    00000004     (.common:nvsCC26XXObjects)
                  20003ea0    00000004     (.common:timerAlignedQ)
                  20003ea4    00000004     (.common:timerUnalignedQ)
                  20003ea8    00000001     (.common:macPwr)
                  20003ea9    00000001     (.common:macRxActive)
                  20003eaa    00000001     (.common:macRxEnableFlags)
                  20003eab    00000001     (.common:macRxOutgoingAckFlag)
                  20003eac    00000001     (.common:macSymbolTimerImpending)
                  20003ead    00000001     (.common:macTaskId)
                  20003eae    00000001     (.common:macTxActive)
                  20003eaf    00000001     (.common:macUnitBackoffPeriod)
                  20003eb0    00000001     (.common:rxFhRsl)

.vtable    0    20003eb1    00000000     UNINITIALIZED

.vtable_ram 
*          0    20003eb1    00000000     UNINITIALIZED

vtable_ram 
*          0    20003eb1    00000000     UNINITIALIZED

.sysmem    0    20003eb1    00000000     UNINITIALIZED

.nonretenvar 
*          0    20003eb1    00000000     UNINITIALIZED

.stack     0    20013aa0    00000560     UNINITIALIZED
                  20013aa0    00000560     --HOLE--

.bootVecs 
*          0    00000000    00000008     DSECT
                  00000000    00000008     boot.aem4f : boot.oem4f (.bootVecs)

.resetVecs 
*          0    00000000    0000003c     
                  00000000    0000003c     app_pem4f.oem4f (.resetVecs)

.vecs      0    20000000    000000d8     NOLOAD SECTION
                  20000000    000000d8     app_pem4f.oem4f (.vecs)

xdc.meta   0    00000000    000000fa     COPY SECTION
                  00000000    000000fa     app_pem4f.oem4f (xdc.meta)

xdc.noload 
*          0    00000000    00000000     COPY SECTION

.data:RAM_MAC_BASE_ADDR 
*          0    2000010c    00000010     UNINITIALIZED
                  2000010c    00000010     maclib_secure_cc13x2.a : rom_init_154.obj (.data:RAM_MAC_BASE_ADDR)

.text.1    0    00002068    000136ec     
                  00002068    0000043c     macTask.obj (.text:macTaskFxn$17)
                  000024a4    000003f4     mac_user_config.obj (.text:rfSelect)
                  00002898    000003d8     ssf.obj (.text:Ssf_init)
                  00002c70    0000036e     api_mac.obj (.text:processIncomingICallMsg$16)
                  00002fde    00000002     rf_multiMode_cc13x2.aem4f : rfc.c.cc13x2.ccs.o (.text:NOROM_RFCCpePatchReset)
                  00002fe0    00000354     maclib_secure_cc13x2.a : mac_rx.obj (.text:rxPayloadIsr$29)
                  00003334    00000310                            : mac_radio_tx.obj (.text:macRadioCsmaTxCb)
                  00003644    000002f0     sensor.obj (.text:dataIndCB$14)
                  00003934    00000294     maclib_secure_cc13x2.a : mac_tx.obj (.text:macTxFrame)
                  00003bc8    00000280                            : mac_pwr.obj (.text:macPwrVote)
                  00003e48    00000278     sensor.obj (.text:processSensorMsgEvt$14)
                  000040c0    0000025c     maclib_secure_cc13x2.a : mac_tx.obj (.text:txCsmaPrep$32)
                  0000431c    00000230     ssf.obj (.text:setChMaskAction$15)
                  0000454c    0000021c     maclib_secure_cc13x2.a : mac.obj (.text:macSendReceiveCmdIeee)
                  00004768    00000218     nvocmp.obj (.text:NVOCMP_initNv$22)
                  00004980    00000218     maclib_secure_cc13x2.a : mac_radio.obj (.text:macRadioInitSubG)
                  00004b98    00000210     rf_multiMode_cc13x2.aem4f : RFCC26X2_multiMode.c.cc13x2.ccs.o (.text:RF_scheduleCmd)
                  00004da8    0000020c     maclib_secure_cc13x2.a : mac.obj (.text:macSendReceiveCmdSubG)
                  00004fb4    00000208     nvocmp.obj (.text:NVOCMP_addItem$22)
                  000051bc    00000200     rf_multiMode_cc13x2.aem4f : RFCC26X2_multiMode.c.cc13x2.ccs.o (.text:RF_open)
                  000053bc    000001e0     maclib_secure_cc13x2.a : mac_hl_patch.obj (.text:macWrapperAddKeyInitFCtr)
                  0000559c    000001d4     rf_multiMode_cc13x2.aem4f : RFCC26X2_multiMode.c.cc13x2.ccs.o (.text:RF_dispatchNextCmd)
                  00005770    000001cc     drivers_cc13x2.a : PINCC26XX.oem4f (.text:PIN_init)
                  0000593c    000001c4     ssf.obj (.text:setNwkKeyAction$15)
                  00005b00    000001b4     maclib_secure_cc13x2.a : mac_radio_tx.obj (.text:macRadioTxAck$36)
                  00005cb4    000001ac                            : mac_hl_patch.obj (.text:macRxBeaconCritical)
                  00005e60    000001a4                            : mac_hl_patch.obj (.text:macWrapperDeleteKeyAndAssociatedDevices)
                  00006004    0000019c                            : mac_hl_patch.obj (.text:macIncomingFrameSecurityMaterialRetrieval)
                  000061a0    00000198     drivers_cc13x2.a : PowerCC26X2.oem4f (.text:Power_sleep)
                  00006338    00000198     maclib_secure_cc13x2.a : mac_hl_patch.obj (.text:macWrapperDeleteDevice)
                  000064d0    00000190     ssf.obj (.text:Ssf_networkUpdate)
                  00006660    00000190     drivers_cc13x2.a : PowerCC26X2_calibrateRCOSC.oem4f (.text:calibrateRcoscHf1)
                  000067f0    0000018c     maclib_secure_cc13x2.a : mac_hl_patch.obj (.text:macIncomingFrameSecurity)
                  0000697c    0000018c     drivers_cc13x2.a : PowerCC26X2_calibrateRCOSC.oem4f (.text:runCalibrateFsm)
                  00006b08    00000188     nvocmp.obj (.text:NVOCMP_compact$22)
                  00006c90    00000188     maclib_secure_cc13x2.a : mac_radio_tx.obj (.text:macRadioTxGoIeee$36)
                  00006e18    00000186     drivers_cc13x2.a : Button.oem4f (.text:Button_clockTimeoutHandler)
                  00006f9e    00000002     rf_multiMode_cc13x2.aem4f : RFCC26X2_multiMode.c.cc13x2.ccs.o (.text:RF_defaultCallback)
                  00006fa0    00000180     ssf.obj (.text:setPanIdAction$15)
                  00007120    00000174     drivers_cc13x2.a : PowerCC26X2.oem4f (.text:Power_init)
                  00007294    0000016c     maclib_secure_cc13x2.a : mac_radio_tx.obj (.text:macRadioTxPrepCsmaUnslotted)
                  00007400    00000164     drivers_cc13x2.a : UARTCC26XX.oem4f (.text:UARTCC26XX_open)
                  00007564    00000164     maclib_secure_cc13x2.a : mac_hl_patch.obj (.text:macWrapperDeleteAllDevices)
                  000076c8    00000164                            : mac_tx.obj (.text:txCsmaDelay)
                  0000782c    00000160     driverlib.lib : sys_ctrl.obj (.text:NOROM_SysCtrlStandby)
                  0000798c    00000154     rf_multiMode_cc13x2.aem4f : RFCC26X2_multiMode.c.cc13x2.ccs.o (.text:RF_radioOpDoneCb)
                  00007ae0    00000154     drivers_cc13x2.a : UARTCC26XX.oem4f (.text:UARTCC26XX_hwiIntFxn)
                  00007c34    00000148     rf_multiMode_cc13x2.aem4f : RFCC26X2_multiMode.c.cc13x2.ccs.o (.text:RF_fsmSetupState)
                  00007d7c    00000148     maclib_secure_cc13x2.a : mac_radio_tx.obj (.text:macRadioLbtTxCb)
                  00007ec4    00000140     drivers_cc13x2.a : AESCCMCC26XX.oem4f (.text:AESCCM_startOperation)
                  00008004    00000140     rf_multiMode_cc13x2.aem4f : RFCC26X2_multiMode.c.cc13x2.ccs.o (.text:RF_close)
                  00008144    00000140     sensor.obj (.text:Sensor_init)
                  00008284    0000013c     rf_multiMode_cc13x2.aem4f : RFCC26X2_multiMode.c.cc13x2.ccs.o (.text:RF_ratSetupChannel)
                  000083c0    0000013a     drivers_cc13x2.a : UARTCC26XX.oem4f (.text:UARTCC26XX_read)
                  000084fa    00000002     rtsv7M4_T_le_v4SPD16_eabi.lib : _lock.c.obj (.text:_nop)
                  000084fc    00000138     cui.obj (.text:CUI_dispMenu$3)
                  00008634    00000138     drivers_cc13x2.a : NVSCC26XX.oem4f (.text:NVSCC26XX_write)
                  0000876c    00000138     maclib_secure_cc13x2.a : mac_hl_patch.obj (.text:macBuildDataFrame)
                  000088a4    00000134     rf_multiMode_cc13x2.aem4f : RFCC26X2_multiMode.c.cc13x2.ccs.o (.text:RF_abortCmd)
                  000089d8    00000130     cui.obj (.text:CUI_init)
                  00008b08    00000130     sensor.obj (.text:Sensor_sendMsg)
                  00008c38    00000130     sensor.obj (.text:dataCnfCB$14)
                  00008d68    00000130     maclib_secure_cc13x2.a : mac_radio.obj (.text:macRadioInitIeee)
                  00008e98    00000130     rtsv7M4_T_le_v4SPD16_eabi.lib : strtol.c.obj (.text:strtol)
                  00008fc8    00000124     cui.obj (.text:CUI_statusLinePrintf)
                  000090ec    00000120     nvocmp.obj (.text:NVOCMP_compactPage$22)
                  0000920c    00000120     drivers_cc13x2.a : PowerCC26X2.oem4f (.text:configureXOSCHF)
                  0000932c    0000011c     jdllc.obj (.text:assocCnfCb$13)
                  00009448    00000118     maclib_secure_cc13x2.a : mac_low_level.obj (.text:macLowLevelBufferInit)
                  00009560    00000118                            : mac.obj (.text:macSetupRATChanCompare)
                  00009678    00000114     macTask.obj (.text:MAC_CbackEvent)
                  0000978c    00000112     rf_multiMode_cc13x2.aem4f : RFCC26X2_multiMode.c.cc13x2.ccs.o (.text:RF_decodeOverridePointers)
                  0000989e    00000002     drivers_cc13x2.a : PowerCC26X2.oem4f (.text:emptyClockFunc)
                  000098a0    00000110     cui.obj (.text:CUI_menuActionHelp)
                  000099b0    00000110     drivers_cc13x2.a : GPIOCC26XX.oem4f (.text:GPIO_setConfig)
                  00009ac0    00000110                      : LED.oem4f (.text:LED_open)
                  00009bd0    00000110     rf_multiMode_cc13x2.aem4f : RFCC26X2_multiMode.c.cc13x2.ccs.o (.text:RF_initRadioSetup)
                  00009ce0    00000110     maclib_secure_cc13x2.a : mac_hl_patch.obj (.text:macEdScanISR)
                  00009df0    00000110                            : mac_hl_patch.obj (.text:macScanNextChan)
                  00009f00    00000106     app_pem4f.oem4f (.text:xdc_runtime_System_printfExtend__I)
                  0000a006    00000002     drivers_cc13x2.a : CryptoResourceCC26XX.oem4f (.text:errorSpin)
                  0000a008    00000104     rf_multiMode_cc13x2.aem4f : RFCC26X2_multiMode.c.cc13x2.ccs.o (.text:RF_hwiCpe0Active)
                  0000a10c    00000100     cui.obj (.text:CUI_statusLineResourceRequest)
                  0000a20c    00000100     nvocmp.obj (.text:NVOCMP_findItem$22)
                  0000a30c    000000fc     maclib_secure_cc13x2.a : mac_hl_patch.obj (.text:macOutgoingFrameKeyDescRetrieval)
                  0000a408    000000f8     drivers_cc13x2.a : PINCC26XX.oem4f (.text:PINCC26XX_setIoCfg)
                  0000a500    000000f0     rf_multiMode_cc13x2.aem4f : RFCC26X2_multiMode.c.cc13x2.ccs.o (.text:RF_fsmPowerUpState)
                  0000a5f0    000000f0     maclib_secure_cc13x2.a : mac_hl_patch.obj (.text:macScanRxCoordRealign)
                  0000a6e0    000000e8     drivers_cc13x2.a : Button.oem4f (.text:Button_open)
                  0000a7c8    000000e8     cui.obj (.text:CUI_writeString$3)
                  0000a8b0    000000e8     maclib_secure_cc13x2.a : mac.obj (.text:macSetupReceiveCmd)
                  0000a998    000000e4                            : mac_hl_patch.obj (.text:macOutgoingFrameSecurity)
                  0000aa7c    000000e4                            : mac_tx.obj (.text:macTxChannelBusyCallback)
                  0000ab60    000000e4                            : mac_rx.obj (.text:rxPostRxUpdates$29)
                  0000ac44    000000e0     drivers_cc13x2.a : UARTCC26XX.oem4f (.text:UARTCC26XX_write)
                  0000ad24    000000dc     maclib_secure_cc13x2.a : mac_hl_patch.obj (.text:macBuildHeaderIes)
                  0000ae00    000000d8     rf_multiMode_cc13x2.aem4f : RFCC26X2_multiMode.c.cc13x2.ccs.o (.text:RF_control)
                  0000aed8    000000d8                               : RFCC26X2_multiMode.c.cc13x2.ccs.o (.text:RF_pendCmd)
                  0000afb0    000000d8     driverlib.lib : setup.obj (.text:TrimAfterColdResetWakeupFromShutDown$56)
                  0000b088    000000d8     main.obj (.text:appTaskFxn)
                  0000b160    000000d8     maclib_secure_cc13x2.a : mac_hl_patch.obj (.text:macCcmStarTransform)
                  0000b238    000000d2     rf_multiMode_cc13x2.aem4f : RFCC26X2_multiMode.c.cc13x2.ccs.o (.text:RF_updatePaConfiguration)
                  0000b30a    00000002     maclib_secure_cc13x2.a : mac_pwr.obj (.text:macApiPwrOnReq)
                  0000b30c    000000d0     rf_multiMode_cc13x2.aem4f : RFCC26X2_multiMode.c.cc13x2.ccs.o (.text:RF_swiHw)
                  0000b3dc    000000cc     maclib_secure_cc13x2.a : mac_timer.obj (.text:macSymbolTimerTriggerCallback)
                  0000b4a8    000000c8     dpl_cc13x2.a : PowerCC26X2_tirtos.oem4f (.text:PowerCC26XX_standbyPolicy)
                  0000b570    000000c4     drivers_cc13x2.a : GPIOCC26XX.oem4f (.text:GPIO_init)
                  0000b634    000000c4     jdllc.obj (.text:Jdllc_init)
                  0000b6f8    000000c4     maclib_secure_cc13x2.a : mac_hl_patch.obj (.text:macApiStartReq)
                  0000b7bc    000000c0     nvocmp.obj (.text:NVOCMP_erase$22)
                  0000b87c    000000c0     drivers_cc13x2.a : PowerCC26X2.oem4f (.text:Power_releaseDependency)
                  0000b93c    000000c0                      : UARTCC26XX.oem4f (.text:UARTCC26XX_initIO)
                  0000b9fc    000000c0     maclib_secure_cc13x2.a : mac_hl_patch.obj (.text:macMgmtReset)
                  0000babc    000000bc                            : mac_hl_patch.obj (.text:macAutoPoll)
                  0000bb78    000000bc                            : mac.obj (.text:macGetRFCmdDuration)
                  0000bc34    000000bc     jdllc.obj (.text:pollCnfCb$13)
                  0000bcf0    000000bc     jdllc.obj (.text:processCoordRealign$13)
                  0000bdac    000000b8     drivers_cc13x2.a : PowerCC26X2.oem4f (.text:Power_setDependency)
                  0000be64    000000b8                      : UARTCC26XX.oem4f (.text:UARTCC26XX_initHw)
                  0000bf1c    000000b4     maclib_secure_cc13x2.a : mac_pwr.obj (.text:MAC_PwrOffReq)
                  0000bfd0    000000b4     drivers_cc13x2.a : TRNGCC26XX.oem4f (.text:TRNG_generateEntropy)
                  0000c084    000000b0     maclib_secure_cc13x2.a : mac_autopend.obj (.text:MAC_SrcMatchAddEntry)
                  0000c134    000000b0                            : mac.obj (.text:macStopCmd)
                  0000c1e4    000000ac     nvocmp.obj (.text:NVOCMP_readContItemApi$22)
                  0000c290    000000ac     drivers_cc13x2.a : PINCC26XX.oem4f (.text:PIN_open)
                  0000c33c    000000ac     maclib_secure_cc13x2.a : mac_hl_patch.obj (.text:macApiBeaconStartReq)
                  0000c3e8    000000ac                            : mac_hl_patch.obj (.text:macBeaconCheckTxTime)
                  0000c494    000000ac     macTask.obj (.text:macTaskInit)
                  0000c540    000000ac     api_mac.obj (.text:processBeaconNotifyInd$16)
                  0000c5ec    000000a8     driverlib.lib : setup.obj (.text:NOROM_SetupTrimDevice)
                  0000c694    000000a8     nvocmp.obj (.text:NVOCMP_initNvApi$22)
                  0000c73c    000000a8     maclib_secure_cc13x2.a : mac_radio_tx.obj (.text:macRadioTxAckCb$36)
                  0000c7e4    000000a8                            : mac_hl_patch.obj (.text:macTrackTimeoutCallback)
                  0000c88c    000000a4     rf_multiMode_cc13x2.aem4f : RFCC26X2_multiMode.c.cc13x2.ccs.o (.text:RF_ratRestartChannels)
                  0000c930    000000a4     jdllc.obj (.text:beaconNotifyIndCb$13)
                  0000c9d4    000000a4     sensor.obj (.text:jdllcJoinedCb$14)
                  0000ca78    000000a4     maclib_secure_cc13x2.a : mac_hl_patch.obj (.text:macCcmStarInverseTransform)
                  0000cb1c    000000a4                            : mac_radio_tx.obj (.text:macRadioTxPrepLbt)
                  0000cbc0    000000a4                            : mac_radio.obj (.text:macRadioUpdateTxPower)
                  0000cc64    000000a0     rf_multiMode_cc13x2.aem4f : RFCC26X2_multiMode.c.cc13x2.ccs.o (.text:RF_requestAccess)
                  0000cd04    000000a0     auto_init.aem4f : auto_init.oem4f (.text)
                  0000cda4    000000a0     maclib_secure_cc13x2.a : mac_hl_patch.obj (.text:macBlacklistChecking)
                  0000ce44    000000a0     rom_sysbios.aem4f : rom_sysbios.obj (.text:ti_sysbios_knl_Task_setPri__E)
                  0000cee4    0000009c     nvocmp.obj (.text:NVOCMP_readHeader$22)
                  0000cf80    0000009c     maclib_secure_cc13x2.a : mac_radio.obj (.text:macRadioStartScan)
                  0000d01c    0000009c                            : mac_timer.obj (.text:macTimerRealign)
                  0000d0b8    0000009c     rtsv7M4_T_le_v4SPD16_eabi.lib : memcpy_t2.asm.obj (.text)
                  0000d154    0000009c     maclib_secure_cc13x2.a : mac_tx.obj (.text:txComplete)
                  0000d1f0    00000098     nvocmp.obj (.text:NVOCMP_updateItemApi$22)
                  0000d288    00000098     rf_multiMode_cc13x2.aem4f : RFCC26X2_multiMode.c.cc13x2.ccs.o (.text:RF_calculateDispatchTime)
                  0000d320    00000098     drivers_cc13x2.a : UARTCC26XX.oem4f (.text:writeTxFifoFlush)
                  0000d3b8    00000096     rtsv7M4_T_le_v4SPD16_eabi.lib : ull_div_t2.asm.obj (.text)
                  0000d44e    00000002     maclib_secure_cc13x2.a : mac_mcu.obj (.text:macMcuBitReverse)
                  0000d450    00000094     rf_multiMode_cc13x2.aem4f : RFCC26X2_multiMode.c.cc13x2.ccs.o (.text:RF_getInfo)
                  0000d4e4    00000094     drivers_cc13x2.a : TRNGCC26XX.oem4f (.text:TRNGCC26XX_hwiFxn)
                  0000d578    00000094     maclib_secure_cc13x2.a : mac_hl_patch.obj (.text:macIncomingSecurityLevelChecking)
                  0000d60c    00000094                            : mac_radio.obj (.text:macRadioUpdateChannel)
                  0000d6a0    00000094                            : mac_radio.obj (.text:macRadioUpdateChannelRx)
                  0000d734    00000094                            : mac.obj (.text:macRatCb_A)
                  0000d7c8    00000094                            : mac.obj (.text:macSetupFsCmd)
                  0000d85c    00000092     drivers_cc13x2.a : UARTCC26XX.oem4f (.text:UARTCC26XX_writeCancel)
                  0000d8ee    00000002     maclib_secure_cc13x2.a : mac_radio.obj (.text:macRadioSetRE)
                  0000d8f0    00000090     CC1352R1_LAUNCHXL_fxns.obj (.text:CC1352R1_LAUNCHXL_shutDownExtFlash)
                  0000d980    00000090     maclib_secure_cc13x2.a : mac_hl_patch.obj (.text:MAC_ResumeReq)
                  0000da10    00000090     rf_multiMode_cc13x2.aem4f : RFCC26X2_multiMode.c.cc13x2.ccs.o (.text:RF_discardPendCmd)
                  0000daa0    00000090     jdllc.obj (.text:disassoCnfCb$13)
                  0000db30    00000090     maclib_secure_cc13x2.a : mac_hl_patch.obj (.text:macCcmDecrypt)
                  0000dbc0    00000090                            : mac_hl_patch.obj (.text:macTrackStartCallback)
                  0000dc50    00000090     jdllc.obj (.text:scanCnfCb$13)
                  0000dce0    0000008c     maclib_osal_tirtos_cc13x2_26x2.a : osal_port.obj (.text:OsalPort_heapMalloc$49)
                  0000dd6c    0000008c                                      : osal_port.obj (.text:OsalPort_setTimer)
                  0000ddf8    0000008c     api_mac.obj (.text:copyDataInd$16)
                  0000de84    0000008c     maclib_secure_cc13x2.a : mac_hl_patch.obj (.text:macCcmEncrypt)
                  0000df10    0000008c                            : mac_radio_tx.obj (.text:macRadioTxEnhAckCb)
                  0000df9c    0000008c     rom_sysbios.aem4f : rom_sysbios.obj (.text:ti_sysbios_gates_GateMutexPri_enter__E)
                  0000e028    00000088     maclib_secure_cc13x2.a : mac_autopend.obj (.text:MAC_SrcMatchEnable)
                  0000e0b0    00000088     driverlib.lib : osc.obj (.text:NOROM_OSCHF_AttemptToSwitchToXosc)
                  0000e138    00000088     nvocmp.obj (.text:NVOCMP_deleteItemApi$22)
                  0000e1c0    00000088     rf_multiMode_cc13x2.aem4f : RFCC26X2_multiMode.c.cc13x2.ccs.o (.text:RF_cmdDispatchTime)
                  0000e248    00000088                               : RFCC26X2_multiMode.c.cc13x2.ccs.o (.text:RF_getTxPower)
                  0000e2d0    00000088     drivers_cc13x2.a : PowerCC26X2_calibrateRCOSC.oem4f (.text:calibrateRcoscHf2)
                  0000e358    00000088                      : PowerCC26X2.oem4f (.text:disableLFClockQualifiers)
                  0000e3e0    00000088     maclib_secure_cc13x2.a : mac_hl_patch.obj (.text:macKeyDescriptorLookup)
                  0000e468    00000088                            : mac_mcu.obj (.text:macMcuOverflowSetPeriod)
                  0000e4f0    00000088                            : mac_symbol_timer.obj (.text:macSymbolTimerInit)
                  0000e578    00000088     drivers_cc13x2.a : PowerCC26X2_calibrateRCOSC.oem4f (.text:updateSubSecInc)
                  0000e600    00000084     api_mac.obj (.text:ApiMac_init)
                  0000e684    00000084     jdllc.obj (.text:Jdllc_securityInit)
                  0000e708    00000084     nvocmp.obj (.text:NVOCMP_createItemApi$22)
                  0000e78c    00000084     rf_multiMode_cc13x2.aem4f : RFCC26X2_multiMode.c.cc13x2.ccs.o (.text:RF_issueRadioFreeCb)
                  0000e810    00000084                               : RFCC26X2_multiMode.c.cc13x2.ccs.o (.text:RF_verifyGap)
                  0000e894    00000084     ssf.obj (.text:Ssf_stateChangeUpdate)
                  0000e918    00000084     drivers_cc13x2.a : UARTCC26XX.oem4f (.text:UARTCC26XX_close)
                  0000e99c    00000084     maclib_secure_cc13x2.a : mac_rx_onoff.obj (.text:macRxOffRequest)
                  0000ea20    00000084                            : mac_timer.obj (.text:macTimerUpdateSymbolTimer)
                  0000eaa4    00000084     jdllc.obj (.text:syncLossCb$13)
                  0000eb28    00000080     drivers_cc13x2.a : NVSCC26XX.oem4f (.text:NVSCC26XX_open)
                  0000eba8    00000080     jdllc.obj (.text:disassocIndCb$13)
                  0000ec28    00000080     maclib_secure_cc13x2.a : mac_mcu.obj (.text:macMcuOverflowSetCompare)
                  0000eca8    00000080                            : mac_radio.obj (.text:macRadioWakeupCb)
                  0000ed28    00000080                            : mac_autopend.obj (.text:macSrcMatchCheckSrcAddr$25)
                  0000eda8    00000080                            : mac_radio.obj (.text:scheduleNopWakeupCmd)
                  0000ee28    00000080     rom_sysbios.aem4f : rom_sysbios.obj (.text:ti_sysbios_family_arm_cc26xx_Timer_start__E)
                  0000eea8    00000080     maclib_secure_cc13x2.a : mac_tx.obj (.text:txGo$32)
                  0000ef28    0000007c     nvocmp.obj (.text:NVOCMP_readItemApi$22)
                  0000efa4    0000007c     rf_multiMode_cc13x2.aem4f : RFCC26X2_multiMode.c.cc13x2.ccs.o (.text:RF_ratFreeChannel)
                  0000f020    0000007c     maclib_secure_cc13x2.a : mac_rx_onoff.obj (.text:macRxOn)
                  0000f09c    0000007c     maclib_osal_tirtos_cc13x2_26x2.a : osal_port.obj (.text:osalHeapInitFxn)
                  0000f118    0000007a     rtsv7M4_T_le_v4SPD16_eabi.lib : memset_t2.asm.obj (.text)
                  0000f192    00000002                                   : div0.asm.obj (.text)
                  0000f194    00000078     nvocmp.obj (.text:NVOCMP_checkItem$22)
                  0000f20c    00000078     jdllc.obj (.text:dataCnfCb$13)
                  0000f284    00000078     maclib_secure_cc13x2.a : mac_timer.obj (.text:macTimerSetRollover)
                  0000f2fc    00000074     nvocmp.obj (.text:NVOCMP_writeItemApi$22)
                  0000f370    00000074     drivers_cc13x2.a : PowerCC26X2_calibrateRCOSC.oem4f (.text:PowerCC26X2_auxISR)
                  0000f3e4    00000074     rf_multiMode_cc13x2.aem4f : RFCC26X2_multiMode.c.cc13x2.ccs.o (.text:RF_yield)
                  0000f458    00000074     drivers_cc13x2.a : TRNGCC26XX.oem4f (.text:TRNG_construct)
                  0000f4cc    00000074     rom_sysbios.aem4f : rom_sysbios.obj (.text:ti_sysbios_gates_GateMutexPri_leave__E)
                  0000f540    00000072     rf_multiMode_cc13x2.aem4f : RFCC26X2_multiMode.c.cc13x2.ccs.o (.text:RF_detachOverrides)
                  0000f5b2    00000002     app_pem4f.oem4f (.text:ti_sysbios_BIOS_nullFunc__I)
                  0000f5b4    00000070     drivers_cc13x2.a : AESCCMCC26XX.oem4f (.text:AESCCM_cleanup)
                  0000f624    00000070     rf_multiMode_cc13x2.aem4f : rfc.c.cc13x2.ccs.o (.text:NOROM_RFCAnaDivTxOverride)
                  0000f694    00000070     nvocmp.obj (.text:NVOCMP_eraseNvApi$22)
                  0000f704    00000070     drivers_cc13x2.a : PINCC26XX.oem4f (.text:PIN_add)
                  0000f774    00000070     rf_multiMode_cc13x2.aem4f : RFCC26X2_multiMode.c.cc13x2.ccs.o (.text:RF_ratDisableChannel)
                  0000f7e4    00000070     drivers_cc13x2.a : Random.oem4f (.text:Random_seedAutomatic)
                  0000f854    00000070     jdllc.obj (.text:sendAssocReq$13)
                  0000f8c4    0000006e     rf_multiMode_cc13x2.aem4f : RFCC26X2_multiMode.c.cc13x2.ccs.o (.text:RF_attachOverrides)
                  0000f932    0000006e                               : RFCC26X2_multiMode.c.cc13x2.ccs.o (.text:RF_howToSchedule)
                  0000f9a0    0000006e     rtsv7M4_T_le_v4SPD16_eabi.lib : ll_div_t2.asm.obj (.text)
                  0000fa0e    00000002     rom_sysbios.aem4f : rom_sysbios.obj (.text:ti_sysbios_heaps_HeapCallback_defaultDelete)
                  0000fa10    0000006d                       : rom_sysbios.obj (.text:xdc_runtime_System_formatNum__I)
                  0000fa7d    00000001     --HOLE-- [fill = 0]
                  0000fa7e    00000002                       : rom_sysbios.obj (.text:xdc_runtime_SysCallback_defaultAbort)
                  0000fa80    0000006c     driverlib.lib : chipinfo.obj (.text:NOROM_ChipInfo_GetChipType)
                  0000faec    0000006c     nvocmp.obj (.text:NVOCMP_getDstPage$22)
                  0000fb58    0000006c     rf_multiMode_cc13x2.aem4f : RFCC26X2_multiMode.c.cc13x2.ccs.o (.text:RF_getCurrentTime)
                  0000fbc4    0000006c     maclib_secure_cc13x2.a : mac_radio_tx.obj (.text:macRadioTxBackoffBoundary)
                  0000fc30    0000006c                            : mac_hl_patch.obj (.text:macTrackPeriodCallback)
                  0000fc9c    0000006c                            : mac_tx.obj (.text:macTxDoneCallback)
                  0000fd08    00000068     driverlib.lib : osc.obj (.text:NOROM_OSCHF_SwitchToRcOscTurnOffXosc)
                  0000fd70    00000068     maclib_osal_tirtos_cc13x2_26x2.a : osal_port.obj (.text:OsalPort_registerTask)
                  0000fdd8    00000068     rf_multiMode_cc13x2.aem4f : RFCC26X2_multiMode.c.cc13x2.ccs.o (.text:RF_hwiHw)
                  0000fe40    00000068     rtsv7M4_T_le_v4SPD16_eabi.lib : copy_decompress_lzss.c.obj (.text:decompress:lzss:__TI_decompress_lzss)
                  0000fea8    00000068     maclib_secure_cc13x2.a : mac_rx.obj (.text:macRxHaltCleanup)
                  0000ff10    00000068     jdllc.obj (.text:sendScanReq$13)
                  0000ff78    00000068     jdllc.obj (.text:updateState$13)
                  0000ffe0    00000064     drivers_cc13x2.a : AESCCMCC26XX.oem4f (.text:AESCCM_waitForResult)
                  00010044    00000064                      : Button.oem4f (.text:Button_gpioCallbackFxn)
                  000100a8    00000064     nvocmp.obj (.text:NVOCMP_findSignature$22)
                  0001010c    00000064     maclib_osal_tirtos_cc13x2_26x2.a : osal_port.obj (.text:OsalPort_clearEvent)
                  00010170    00000064                                      : osal_port.obj (.text:OsalPort_pwrmgrTaskState)
                  000101d4    00000064     rf_multiMode_cc13x2.aem4f : RFCC26X2_multiMode.c.cc13x2.ccs.o (.text:RF_dispatchNextEvent)
                  00010238    00000064     drivers_cc13x2.a : UARTCC26XX.oem4f (.text:UARTCC26XX_control)
                  0001029c    00000064     maclib_secure_cc13x2.a : mac.obj (.text:macRequestBackoff)
                  00010300    00000064                            : mac_timer.obj (.text:macSymbolTimerRolloverCallback)
                  00010364    00000064                            : mac_timer.obj (.text:macTimerAddTimer)
                  000103c8    00000064     main.obj (.text:main)
                  0001042c    00000062     ti_drivers_config.obj (.text:Board_sendExtFlashByte)
                  0001048e    00000062     rf_multiMode_cc13x2.aem4f : RFCC26X2_multiMode.c.cc13x2.ccs.o (.text:RF_syncCb)
                  000104f0    00000062     drivers_cc13x2.a : UARTCC26XX.oem4f (.text:UARTCC26XX_swiIntFxn)
                  00010552    00000002     rom_sysbios.aem4f : rom_sysbios.obj (.text:xdc_runtime_SysCallback_defaultExit)
                  00010554    00000060     drivers_cc13x2.a : AESCCMCC26XX.oem4f (.text:AESCCM_hwiFxn)
                  000105b4    00000060                      : CryptoResourceCC26XX.oem4f (.text:CryptoResourceCC26XX_constructRTOSObjects)
                  00010614    00000060                      : GPIOCC26XX.oem4f (.text:GPIO_write)
                  00010674    00000060     rf_multiMode_cc13x2.aem4f : RFCC26X2_multiMode.c.cc13x2.ccs.o (.text:RF_applyRfCorePatch)
                  000106d4    00000060     drivers_cc13x2.a : TRNGCC26XX.oem4f (.text:TRNGCC26XX_startTrng)
                  00010734    00000060     maclib_secure_cc13x2.a : mac_radio.obj (.text:macGetRadioTxPowerReg)
                  00010794    00000060                            : mac_timer.obj (.text:macTimerCancel)
                  000107f4    00000060                            : mac_timer.obj (.text:macTimerGetNextTimer)
                  00010854    0000005e     api_mac.obj (.text:convertTxOptions)
                  000108b2    00000002     rom_sysbios.aem4f : rom_sysbios.obj (.text:xdc_runtime_SysCallback_defaultFlush)
                  000108b4    0000005c     nvocmp.obj (.text:NVOCMP_readItem$22)
                  00010910    0000005c     maclib_osal_tirtos_cc13x2_26x2.a : osal_port.obj (.text:OsalPort_msgReceive)
                  0001096c    0000005c                                      : osal_port.obj (.text:OsalPort_setEvent)
                  000109c8    0000005c     drivers_cc13x2.a : PINCC26XX.oem4f (.text:PIN_remove)
                  00010a24    0000005c     ssf.obj (.text:Ssf_getNetworkInfo)
                  00010a80    0000005c     drivers_cc13x2.a : NVSCC26XX.oem4f (.text:doErase)
                  00010adc    0000005c     maclib_secure_cc13x2.a : mac_hl_patch.obj (.text:macSetDefaultsByPatch)
                  00010b38    0000005c     drivers_cc13x2.a : UARTCC26XX.oem4f (.text:startTxFifoEmptyClk)
                  00010b94    0000005c     app_pem4f.oem4f (.text:xdc_runtime_Startup_getState__I)
                  00010bf0    00000058     nvocmp.obj (.text:NVOCMP_getItemLenApi$22)
                  00010c48    00000058     drivers_cc13x2.a : PowerCC26X2_calibrateRCOSC.oem4f (.text:PowerCC26X2_initiateCalibration)
                  00010ca0    00000058     rf_multiMode_cc13x2.aem4f : RFCC26X2_multiMode.c.cc13x2.ccs.o (.text:RF_TxPowerTable_findValue)
                  00010cf8    00000058                               : RFCC26X2_multiMode.c.cc13x2.ccs.o (.text:RF_hwiCpe0PowerFsm)
                  00010d50    00000058     drivers_cc13x2.a : TRNGCC26XX.oem4f (.text:TRNG_init)
                  00010da8    00000058     boot.aem4f : boot.oem4f (.text)
                  00010e00    00000058     maclib_secure_cc13x2.a : mac_radio_tx.obj (.text:macRadioTxRequestTxAck)
                  00010e58    00000056     drivers_cc13x2.a : LED.oem4f (.text:LED_startBlinking)
                  00010eae    00000056     rf_multiMode_cc13x2.aem4f : RFCC26X2_multiMode.c.cc13x2.ccs.o (.text:RF_defaultSubmitPolicy)
                  00010f04    00000054     drivers_cc13x2.a : AESCCMCC26XX.oem4f (.text:AESCCM_construct)
                  00010f58    00000054     jdllc.obj (.text:Jdllc_addSecDevice)
                  00010fac    00000054     driverlib.lib : prcm.obj (.text:NOROM_PRCMPowerDomainsAllOff)
                  00011000    00000054     nvocmp.obj (.text:NVOCMP_doNVCRC$22)
                  00011054    00000054     drivers_cc13x2.a : NVSCC26XX.oem4f (.text:NVSCC26XX_init)
                  000110a8    00000054     rf_multiMode_cc13x2.aem4f : RFCC26X2_multiMode.c.cc13x2.ccs.o (.text:RF_fsmXOSCState)
                  000110fc    00000054     drivers_cc13x2.a : StructRingBuf.oem4f (.text:StructRingBuf_put)
                  00011150    00000054     dpl_cc13x2.a : SwiP_tirtos.oem4f (.text:SwiP_construct)
                  000111a4    00000054     maclib_secure_cc13x2.a : mac_hl_patch.obj (.text:macIncomingKeyUsagePolicyChecking)
                  000111f8    00000054                            : mac_radio.obj (.text:macRadioSetChannel)
                  0001124c    00000054                            : mac_radio.obj (.text:macRadioSetChannelRx)
                  000112a0    00000054                            : mac_tx.obj (.text:macTxAckReceivedCallback)
                  000112f4    00000054     api_mac.obj (.text:processScanCnf$16)
                  00011348    00000050     drivers_cc13x2.a : GPIOCC26XX.oem4f (.text:GPIO_enableInt)
                  00011398    00000050     nvocmp.obj (.text:NVOCMP_compactNvApi$22)
                  000113e8    00000050     drivers_cc13x2.a : TRNGCC26XX.oem4f (.text:TRNGCC26XX_waitForResult)
                  00011438    00000050                      : TemperatureCC26X2.oem4f (.text:degreesToCode)
                  00011488    00000050     maclib_secure_cc13x2.a : mac_sleep.obj (.text:macCanSleep)
                  000114d8    00000050                            : mac_radio.obj (.text:macRadioSetPanCoordinator)
                  00011528    00000050                            : mac_rx_onoff.obj (.text:macRxDisable)
                  00011578    00000050                            : mac_timer.obj (.text:macTimerStart)
                  000115c8    0000004c     cui.obj (.text:CUI_updateCursor$3)
                  00011614    0000004c     driverlib.lib : prcm.obj (.text:NOROM_PRCMPowerDomainsAllOn)
                  00011660    0000004c     nvocmp.obj (.text:NVOCMP_setItemInactive$22)
                  000116ac    0000004c     maclib_osal_tirtos_cc13x2_26x2.a : osal_port.obj (.text:OsalPort_msgSend)
                  000116f8    0000004c     rf_multiMode_cc13x2.aem4f : RFCC26X2_multiMode.c.cc13x2.ccs.o (.text:RF_wakeupNotification)
                  00011744    0000004c     drivers_cc13x2.a : StructRingBuf.oem4f (.text:StructRingBuf_get)
                  00011790    0000004c                      : UARTCC26XX.oem4f (.text:UARTCC26XX_readCancel)
                  000117dc    0000004c     rtsv7M4_T_le_v4SPD16_eabi.lib : cpy_tbl.c.obj (.text:copy_in)
                  00011828    0000004c     maclib_secure_cc13x2.a : mac_radio_tx.obj (.text:macRadioTxHandleAck)
                  00011874    0000004c                            : mac.obj (.text:macSendFsCmd)
                  000118c0    0000004c     maclib_osal_tirtos_cc13x2_26x2.a : osal_port.obj (.text:osalHeapGetStatsFxn)
                  0001190c    00000048     ti_drivers_config.obj (.text:Board_wakeUpExtFlash)
                  00011954    00000048     CC1352R1_LAUNCHXL_fxns.obj (.text:CC1352R1_LAUNCHXL_wakeUpExtFlash)
                  0001199c    00000048     rf_multiMode_cc13x2.aem4f : rfc.c.cc13x2.ccs.o (.text:NOROM_RFCSynthPowerDown)
                  000119e4    00000048     nvocmp.obj (.text:NVOCMP_write$22)
                  00011a2c    00000048     drivers_cc13x2.a : NVS.oem4f (.text:NVS_open)
                  00011a74    00000048                      : PINCC26XX.oem4f (.text:PIN_setOutputEnable)
                  00011abc    00000048                      : PowerCC26X2_calibrateRCOSC.oem4f (.text:PowerCC26X2_RCOSC_clockFunc)
                  00011b04    00000048                      : PowerCC26X2.oem4f (.text:PowerCC26XX_switchXOSC_HF)
                  00011b4c    00000048     ssf.obj (.text:Ssf_configurationUpdate)
                  00011b94    00000048     cui.obj (.text:UartReadCallback$3)
                  00011bdc    00000048     maclib_osal_tirtos_cc13x2_26x2.a : util_timer.obj (.text:UtilTimer_construct)
                  00011c24    00000048     drivers_cc13x2.a : NVSCC26XX.oem4f (.text:disableFlashCache)
                  00011c6c    00000048     maclib_secure_cc13x2.a : mac_radio.obj (.text:macRadioNeedAdjustPower)
                  00011cb4    00000048                            : mac_radio.obj (.text:macRadioStopScan)
                  00011cfc    00000048                            : mac_timer.obj (.text:macTimerUpdActive)
                  00011d44    00000048     drivers_cc13x2.a : PowerCC26X2.oem4f (.text:switchXOSCHF)
                  00011d8c    00000048     ssf.obj (.text:uintToString$15)
                  00011dd4    00000048     drivers_cc13x2.a : UARTCC26XX.oem4f (.text:writeFinishedDoCallback)
                  00011e1c    00000046                      : RingBuf.oem4f (.text:RingBuf_put)
                  00011e62    00000046     maclib_secure_cc13x2.a : mac_hl_patch.obj (.text:macDeviceDescriptorLookup)
                  00011ea8    00000044     drivers_cc13x2.a : GPIOCC26XX.oem4f (.text:GPIO_disableInt)
                  00011eec    00000044     maclib_secure_cc13x2.a : mac_timer.obj (.text:MAC_PwrNextTimeout)
                  00011f30    00000044     driverlib.lib : chipinfo.obj (.text:NOROM_ChipInfo_GetHwRevision)
                  00011f74    00000044     nvocmp.obj (.text:NVOCMP_getFreeNvApi$22)
                  00011fb8    00000044     drivers_cc13x2.a : NVSCC26XX.oem4f (.text:NVSCC26XX_read)
                  00011ffc    00000044                      : PINCC26XX.oem4f (.text:PIN_swi)
                  00012040    00000044                      : PWM.oem4f (.text:PWM_init)
                  00012084    00000044                      : UART.oem4f (.text:UART_init)
                  000120c8    00000044     maclib_secure_cc13x2.a : mac_tx.obj (.text:macTxTimestampCallback)
                  0001210c    00000044     jdllc.obj (.text:populateInfo$13)
                  00012150    00000042     api_mac.obj (.text:copyMacPanDescToApiMacPanDesc$16)
                  00012192    00000040     dpl_cc13x2.a : ClockP_tirtos.oem4f (.text:ClockP_construct)
                  000121d2    00000002     rom_sysbios.aem4f : rom_sysbios.obj (.text:xdc_runtime_SysCallback_defaultPutch)
                  000121d4    00000040     dpl_cc13x2.a : ClockP_tirtos.oem4f (.text:ClockP_create)
                  00012214    00000040     jdllc.obj (.text:Jdllc_sendDisassociationRequest)
                  00012254    00000040     driverlib.lib : osc.obj (.text:NOROM_OSC_HPOSCRelativeFrequencyOffsetGet)
                  00012294    00000040     maclib_osal_tirtos_cc13x2_26x2.a : osal_port.obj (.text:OsalPort_heapFree$49)
                  000122d4    00000040     drivers_cc13x2.a : PWM.oem4f (.text:PWM_open)
                  00012314    00000040                      : PowerCC26X2.oem4f (.text:PowerCC26XX_isStableXOSC_HF)
                  00012354    00000040                      : Random.oem4f (.text:Random_getNumber)
                  00012394    00000040                      : RingBuf.oem4f (.text:RingBuf_get)
                  000123d4    00000040                      : TRNGCC26XX.oem4f (.text:TRNGCC26XX_copyToClient)
                  00012414    00000040                      : UART.oem4f (.text:UART_open)
                  00012454    00000040     rf_multiMode_cc13x2.aem4f : rf_patch_cpe_prop.c.cc13x2.ccs.o (.text:configurePropPatch)
                  00012494    00000040     maclib_secure_cc13x2.a : mac_low_level.obj (.text:macLowLevelYield)
                  000124d4    00000040                            : mac.obj (.text:macRatCb_B)
                  00012514    00000040                            : mac_rx.obj (.text:macRxNokIsr)
                  00012554    00000040                            : mac_autopend.obj (.text:macSrcMatchSetEnableBit$25)
                  00012594    00000040                            : mac_symbol_timer.obj (.text:macSymbolTimerSetTrigger)
                  000125d4    00000040                            : mac_tx.obj (.text:macTxUpdateIE)
                  00012614    00000040     rtsv7M4_T_le_v4SPD16_eabi.lib : u_divt2.asm.obj (.text)
                  00012654    00000040     drivers_cc13x2.a : TemperatureCC26X2.oem4f (.text:setNextThresholds)
                  00012694    00000040     rom_sysbios.aem4f : rom_sysbios.obj (.text:ti_sysbios_family_arm_cc26xx_Timer_setThreshold__I)
                  000126d4    00000040                       : rom_sysbios.obj (.text:ti_sysbios_heaps_HeapCallback_Module_startup__E)
                  00012714    0000003e     dpl_cc13x2.a : HwiP_tirtos.oem4f (.text:HwiP_construct)
                  00012752    0000003e     drivers_cc13x2.a : LED.oem4f (.text:LED_setBrightnessLevel)
                  00012790    0000003e     maclib_osal_tirtos_cc13x2_26x2.a : osal_port.obj (.text:OsalPort_msgEnqueueMax)
                  000127ce    0000003e     drivers_cc13x2.a : LED.oem4f (.text:clockTimeoutHandler)
                  0001280c    0000003c     jdllc.obj (.text:Jdllc_getJoiningPanId)
                  00012848    0000003c     drivers_cc13x2.a : LED.oem4f (.text:LED_setOff)
                  00012884    0000003c     maclib_secure_cc13x2.a : mac_pwr.obj (.text:MAC_PwrOnReq)
                  000128c0    0000003c     nvocmp.obj (.text:NVOCMP_disableCache$22)
                  000128fc    0000003c     drivers_cc13x2.a : PINCC26XX.oem4f (.text:PIN_setInterrupt)
                  00012938    0000003c                      : PINCC26XX.oem4f (.text:PIN_setOutputValue)
                  00012974    0000003c     rf_multiMode_cc13x2.aem4f : RFCC26X2_multiMode.c.cc13x2.ccs.o (.text:RF_cmdGet)
                  000129b0    0000003c                               : RFCC26X2_multiMode.c.cc13x2.ccs.o (.text:RF_cmdStoreEvents)
                  000129ec    0000003c     cui.obj (.text:UartWriteCallback$3)
                  00012a28    0000003c     drivers_cc13x2.a : NVSCC26XX.oem4f (.text:checkEraseRange)
                  00012a64    0000003c     jdllc.obj (.text:handleMaxDataFail$13)
                  00012aa0    0000003c     maclib_secure_cc13x2.a : mac_timer.obj (.text:macTimerRecalcUnaligned)
                  00012adc    0000003c                            : mac_tx.obj (.text:macTxDecrypt)
                  00012b18    0000003c     rom_sysbios.aem4f : rom_sysbios.obj (.text:ti_sysbios_family_arm_m3_Hwi_construct2__E)
                  00012b54    0000003a     maclib_osal_tirtos_cc13x2_26x2.a : mac_util.obj (.text:Util_bufferUint32)
                  00012b8e    00000002     --HOLE-- [fill = 0]
                  00012b90    00000038     ti_drivers_config.obj (.text:Board_shutDownExtFlash)
                  00012bc8    00000038     drivers_cc13x2.a : PINCC26XX.oem4f (.text:PIN_setConfig)
                  00012c00    00000038     rf_multiMode_cc13x2.aem4f : RFCC26X2_multiMode.c.cc13x2.ccs.o (.text:RF_checkCmdFsError)
                  00012c38    00000038                               : RFCC26X2_multiMode.c.cc13x2.ccs.o (.text:RF_powerConstraintRelease)
                  00012c70    00000038     maclib_secure_cc13x2.a : mac_timer.obj (.text:macTimerAligned)
                  00012ca8    00000038                            : mac_timer.obj (.text:macTimerInit)
                  00012ce0    00000038                            : mac_tx.obj (.text:macTxAckNotReceivedCallback)
                  00012d18    00000038                            : mac_tx.obj (.text:macTxFrameIsr)
                  00012d50    00000038     drivers_cc13x2.a : PowerCC26X2.oem4f (.text:notify)
                  00012d88    00000038                      : UARTCC26XX.oem4f (.text:readData)
                  00012dc0    00000038     jdllc.obj (.text:sendPollReq$13)
                  00012df8    00000038     rom_sysbios.aem4f : rom_sysbios.obj (.text:ti_sysbios_family_arm_cc26xx_Timer_getCurrentTick__E)
                  00012e30    00000038     drivers_cc13x2.a : UARTCC26XX.oem4f (.text:writeData)
                  00012e68    00000036     api_mac.obj (.text:ApiMac_convertCapabilityInfo)
                  00012e9e    00000036     drivers_cc13x2.a : LED.oem4f (.text:LED_setOn)
                  00012ed4    00000036     rom_sysbios.aem4f : rom_sysbios.obj (.text:ti_sysbios_family_arm_cc26xx_Timer_setNextTick__E)
                  00012f0a    00000002     --HOLE-- [fill = 0]
                  00012f0c    00000034     driverlib.lib : sys_ctrl.obj (.text:NOROM_SysCtrlIdle)
                  00012f40    00000034     nvocmp.obj (.text:NVOCMP_verifyCRC$22)
                  00012f74    00000034     rf_multiMode_cc13x2.aem4f : RFCC26X2_multiMode.c.cc13x2.ccs.o (.text:RF_runDirectImmediateCmd)
                  00012fa8    00000034     ssf.obj (.text:Ssf_setPollClock)
                  00012fdc    00000034     ssf.obj (.text:Ssf_setReadingClock)
                  00013010    00000034     ssf.obj (.text:Ssf_setScanBackoffClock)
                  00013044    00000034     ssf.obj (.text:assocAction$15)
                  00013078    00000034     maclib_secure_cc13x2.a : mac_hl_patch.obj (.text:macCheckPhyRate)
                  000130ac    00000034                            : mac_low_level.obj (.text:macLowLevelDiags)
                  000130e0    00000034                            : mac_radio.obj (.text:macRadioSetIEEEAddr)
                  00013114    00000034                            : mac.obj (.text:macRatDisableChannelB)
                  00013148    00000034                            : mac_symbol_timer.obj (.text:macSymbolTimerCount)
                  0001317c    00000034     drivers_cc13x2.a : UARTCC26XX.oem4f (.text:readData2RingBuf)
                  000131b0    00000034     rtsv7M4_T_le_v4SPD16_eabi.lib : strncpy.c.obj (.text:strncpy)
                  000131e4    00000034     rom_sysbios.aem4f : rom_sysbios.obj (.text:ti_sysbios_knl_Swi_setPri__E)
                  00013218    00000034     drivers_cc13x2.a : TemperatureCC26X2.oem4f (.text:updateThresholds)
                  0001324c    00000032     maclib_osal_tirtos_cc13x2_26x2.a : osal_port.obj (.text:OsalPort_msgExtract)
                  0001327e    00000032     rom_sysbios.aem4f : rom_sysbios.obj (.text:ti_sysbios_gates_GateMutexPri_insertPri__I)
                  000132b0    00000030     drivers_cc13x2.a : GPIOCC26XX.oem4f (.text:GPIO_hwiIntFxn)
                  000132e0    00000030                      : GPIOCC26XX.oem4f (.text:GPIO_setCallback)
                  00013310    00000030     nvocmp.obj (.text:NVOCMP_changePageState$22)
                  00013340    00000030     drivers_cc13x2.a : NVSCC26XX.oem4f (.text:NVSCC26XX_erase)
                  00013370    00000030                      : PINCC26XX.oem4f (.text:PINCC26XX_setMux)
                  000133a0    00000030                      : PowerCC26X2.oem4f (.text:Power_releaseConstraint)
                  000133d0    00000030                      : PowerCC26X2.oem4f (.text:Power_setConstraint)
                  00013400    00000030                      : TRNGCC26XX.oem4f (.text:TRNGCC26XX_fillEntropyPool)
                  00013430    00000030                      : TemperatureCC26X2.oem4f (.text:Temperature_unregisterNotify)
                  00013460    00000030     ssf.obj (.text:disassocAction$15)
                  00013490    00000030     maclib_secure_cc13x2.a : mac_rx_onoff.obj (.text:macRxHardDisable)
                  000134c0    00000030                            : mac_rx_onoff.obj (.text:macRxSoftDisable)
                  000134f0    00000030                            : mac_symbol_timer.obj (.text:macSymbolTimerBCWakeUp)
                  00013520    00000030                            : mac_symbol_timer.obj (.text:macSymbolTimerICallTimerCback)
                  00013550    00000030                            : mac_timer.obj (.text:macTimerCheckUnAlignedQ)
                  00013580    00000030     app_pem4f.oem4f (.text:ti_sysbios_BIOS_atExitFunc__I)
                  000135b0    00000030     app_pem4f.oem4f (.text:ti_sysbios_BIOS_startFunc__I)
                  000135e0    00000030     rom_sysbios.aem4f : rom_sysbios.obj (.text:ti_sysbios_family_arm_cc26xx_Timer_initDevice__I)
                  00013610    00000030     app_pem4f.oem4f (.text:ti_sysbios_gates_GateMutexPri_Object__create__S)
                  00013640    00000030     app_pem4f.oem4f (.text:ti_sysbios_gates_GateMutexPri_create)
                  00013670    00000030     app_pem4f.oem4f (.text:ti_sysbios_heaps_HeapCallback_Object__create__S)
                  000136a0    00000030     rom_sysbios.aem4f : rom_sysbios.obj (.text:ti_sysbios_knl_Clock_getTimeout__E)
                  000136d0    0000002e     maclib_osal_tirtos_cc13x2_26x2.a : osal_port.obj (.text:OsalPort_msgDequeue)
                  000136fe    0000002e                                      : osal_port.obj (.text:OsalPort_msgEnqueue)
                  0001372c    0000002e     rf_multiMode_cc13x2.aem4f : RFCC26X2_multiMode.c.cc13x2.ccs.o (.text:RF_queueEnd)
[...]
200017bc  RF_cmdNopFg                                                     
200017cc  RF_cmdRxAckCmd                                                  
200017e0  RF_cmdFsRx                                                      
200017f8  RF_cmdFsTx                                                      
20001810  RF_cmdIEEETx                                                    
20001828  RF_cmdPropCs                                                    
20001844  RF_cmdPropCsSlotted                                             
20001860  RF_cmdRadioSetup                                                
20001880  RF_cmdIEEECsma                                                  
200018a0  RF_cmdPropTxAdv                                                 
200018c0  RF_cmdPropRadioDivSetup                                         
200018f0  RF_cmdPropRxAdv                                                 
20001920  RF_cmdIEEERx                                                    
2000195c  taskCnt                                                         
2000196c  heapmgrMemFreeTotal                                             
20001970  heapmgrMemFreeError                                             
2000197c  HEAPMGR_SIZE                                                    
20001980  taskTbl                                                         
20001ae8  PowerCC26X2_module                                              
20001c58  Ssf_resetReseason                                               
20001c5e  Ssf_resetCount                                                  
20001c60  generic_sensor_val                                              
20001c90  ssfCuiHndl                                                      
20001ca4  sensorStatusLine                                                
20001ca8  genericStatusLine                                               
20001db4  ROM_stateStruct                                                 
20001db4  ti_sysbios_knl_Clock_Module__state__V                           
20001de0  ti_sysbios_family_arm_cc26xx_TimestampProvider_Module__state__V 
20001de4  xdc_runtime_Startup_Module__state__V                            
20001dec  xdc_runtime_Registry_Module__state__V                           
20001df4  ti_sysbios_BIOS_Module__state__V                                
20001e18  ti_sysbios_knl_Swi_Module__state__V                             
20001e34  ti_sysbios_knl_Task_Module__state__V                            
20001e78  xdc_runtime_Memory_Module__state__V                             
20001e7c  xdc_runtime_System_Module__state__V                             
20001e84  ti_sysbios_family_arm_m3_Hwi_Module__state__V                   
20001eb8  ti_sysbios_family_arm_cc26xx_Timer_Module__state__V             
20001ec0  initBroadcastMsg                                                
20001ec2  parentFound                                                     
20001eca  Jdllc_events                                                    
20001f0c  Jdllc_statistics                                                
20001fbc  Sensor_events                                                   
20001fc4  totalE2EDelaySum                                                
20001fc8  endToEndDelay                                                   
20002018  Sensor_msgStats                                                 
20002090  reqAccessAlloc                                                  
20002092  rxCmdHandle                                                     
20002098  macRfDrvTblPtr                                                  
2000209c  lastPostCmd                                                     
200020a0  macSfdDetectCback                                               
200020a4  macTxTimestamp                                                  
200020a8  pMacRadioConfig                                                 
200020c0  macRxOutputSubG                                                 
200020cc  macRxOutputIeee                                                 
200020dc  macFrmFilter                                                    
200020ec  macSrcShortAddrList                                             
20002108  macSrcExtAddrList                                               
20002138  macMRFSKGenPhyTable                                             
200021d8  RF_prop_2gfsk50kbps154g                                         
200021e8  txPowerTable_868_pa13                                           
2000224c  fhObject                                                        
200022ba  gAction                                                         
200022bb  NVOCMP_size                                                     
200022e8  NVOCMP_nvHandle                                                 
20002318  FHIE_channelPlan                                                
2000236c  ti_sysbios_knl_Task_Object__table__V                            
200023b8  ti_sysbios_family_arm_cc26xx_Timer_Object__table__V             
20002408  pRfMode                                                         
2000240c  pRfPowerTable                                                   
20002410  pMaxPower                                                       
20002414  RF_handle                                                       
20002418  macPhyTxPower                                                   
20002420  RF_params                                                       
20002440  configureSubMenu                                                
20002480  ssfMainMenu                                                     
200024c0  ti_sysbios_gates_GateMutex_Object__table__V                     
200024f9  appTaskId                                                       
20002500  appEvents                                                       
20002508  ApiMac_extAddr                                                  
20002510  appSem                                                          
2000252c  commissionSubMenu                                               
20002560  macBeaconPayload                                                
20002594  pMacDataTx                                                      
20002598  macDataTxIndirect                                               
2000259c  macDataRequeueIndirect                                          
200025a0  macDataRxBeaconCritical                                         
200025a4  macDataTxBeaconComplete                                         
200025a8  macDataSetSched                                                 
200025ac  macDataCheckSched                                               
200025b0  macDataCheckTxTime                                              
200025b4  macDataBeaconRequeue                                            
200025b8  csmPhy                                                          
200025bc  macTimerRollover                                                
200025c0  macTimerNewRollover                                             
200025c4  ti_sysbios_knl_Swi_Module_State_0_readyQ__A                     
200025f4  ti_sysbios_knl_Swi_Object__table__V                             
20002624  ti_sysbios_knl_Task_Module_State_0_readyQ__A                    
20002654  macSpecUsecsPerSymbol                                           
20002658  macPrevPeriodRatCount                                           
2000265c  macSymbolTimerRollover                                          
20002660  macSymbolTimerTrigger                                           
2000267c  appSubMenu                                                      
200026a4  pOverrides_2gfsk50kbps154g                                      
200026cc  macTxSlottedDelayFactor                                         
200026cd  macTxType                                                       
200026ce  macTxBe                                                         
200026cf  macTxGpInterframeDelay                                          
200026d0  txAckReq                                                        
200026d3  txSeqn                                                          
200026d5  numTx                                                           
200026d6  macTxCsmaBackoffDelay                                           
200026d8  macCsmaRtcTimerId                                               
200026dc  macAckDbg                                                       
200026f0  _hposcCoeffs                                                    
20002714  macActionSet                                                    
20002758  macBeaconMargin                                                 
20002778  ti_sysbios_knl_Clock_Object__table__V                           
20002798  xdc_runtime_Error_IgnoreBlock                                   
200027b8  gpioCallbackFunctions                                           
200027d0  gpioPinConfigs                                                  
200027e8  ti_sysbios_family_arm_m3_Hwi_Object__table__V                   
20002800  txCmdHandle                                                     
20002802  macRadioAckIeeeFrame                                            
20002808  pMacEnhancedAck                                                 
2000280c  macRadioAckFrame                                                
20002814  macStateTbl                                                     
20002838  macCfg                                                          
20002848  lastRatChanA                                                    
20002849  lastRatChanB                                                    
2000284a  macRxCmdActive                                                  
2000284b  macTxCmdActive                                                  
2000284c  macFsCmdActive                                                  
2000284d  macRxPreempted                                                  
2000284e  macReqAccessCnt                                                 
20002850  macReqAccessTimeCnt                                             
20002852  macReqAccErrCnt                                                 
20002854  numRfCmd                                                        
20002855  numRxCmd                                                        
20002856  numRxPostCmd                                                    
20002860  pClockHandleEDScan                                              
20002864  FH_FSM                                                          
20002870  ti_sysbios_heaps_HeapCallback_Object__table__V                  
2000287c  _lock                                                           
20002880  _unlock                                                         
20002884  FH_txTiming                                                     
2000288c  pinUpperBound                                                   
20002890  pinLowerBound                                                   
2000289c  ti_sysbios_family_arm_m3_Hwi_Module__root__V                    
200028a4  ti_sysbios_gates_GateHwi_Module__root__V                        
200028ac  ti_sysbios_gates_GateMutexPri_Module__root__V                   
200028b4  ti_sysbios_gates_GateMutex_Module__root__V                      
200028bc  ti_sysbios_hal_Hwi_Module__root__V                              
200028c4  ti_sysbios_heaps_HeapCallback_Module__root__V                   
200028cc  ti_sysbios_heaps_HeapMem_Module__root__V                        
200028d4  ti_sysbios_knl_Clock_Module__root__V                            
200028dc  ti_sysbios_knl_Event_Module__root__V                            
200028e4  ti_sysbios_knl_Mailbox_Module__root__V                          
200028ec  ti_sysbios_knl_Queue_Module__root__V                            
200028f4  ti_sysbios_knl_Semaphore_Module__root__V                        
200028fc  ti_sysbios_knl_Swi_Module__root__V                              
20002904  ti_sysbios_knl_Task_Module__root__V                             
20002918  macSrcMatchIsAckAllPending                                      
20002919  macSrcResIndex                                                  
20002920  macAddrSize                                                     
20002924  macTasksEvents                                                  
20002928  macTxSlottedDelay                                               
20002929  bInSwi                                                          
2000292a  macSrcMatchIsEnabled                                            
2000292b  macRadioYielded                                                 
2000292c  errno                                                           
20002930  main_func_sp                                                    
20002934  ti_sysbios_family_arm_m3_Hwi_Module_State_0_excContext__A       
20002938  ti_sysbios_family_arm_m3_Hwi_Module_State_0_excStack__A         
2000293c  ti_sysbios_knl_Task_Module_State_0_idleTask__A                  
20002940  CryptoResourceCC26XX_pollingFlag                                
20002944  ti_sysbios_family_arm_m3_Hwi_Module_State_0_excActive__A        
20002947  macSleepState                                                   
20002e40  ti_sysbios_knl_Task_Instance_State_0_stack__A                   
20003040  uartCC26XXObjects                                               
200031f4  enhancedAckBuf                                                  
200033e8  ti_sysbios_family_arm_m3_Hwi_dispatchTable                      
200034c0  LEDObjects                                                      
20003578  FHPIB_db                                                        
20003604  FH_hnd                                                          
2000368c  macPib                                                          
20003714  pinHandleTable                                                  
20003790  FHNT_tableOpt                                                   
2000380c  macScan                                                         
200038b0  ButtonObjects                                                   
20003900  CryptoResourceCC26XX_accessSemaphore                            
20003950  CryptoResourceCC26XX_operationSemaphore                         
200039a0  cuiMultiMenuData                                                
200039ec  FHFSM_Dbg                                                       
20003a2e  driverlib_release_0_58048                                       
20003a2f  macMgmt                                                         
20003a30  macSecurityPib                                                  
20003a70  macBeaconCoord                                                  
20003aac  FHNT_hnd                                                        
20003ae4  macDeviceAction1                                                
20003b50  macBeaconDevice                                                 
20003b84  macMgmtAction1                                                  
20003bb4  macCoord                                                        
20003be0  macDevice                                                       
20003c0c  macRxFilter                                                     
20003c0d  rxPromiscuousMode                                               
20003c10  rxSeqNum                                                        
20003c18  macRxDataEntryOffset                                            
20003c1c  rxRadioBufferPtr                                                
20003c2c  macRxDataEntryQueue                                             
20003c94  macBeacon                                                       
20003d08  CryptoResourceCC26XX_hwi                                        
20003d24  macCoordAction2                                                 
20003d40  macReset                                                        
20003d5c  aesccmCC26XXObjects                                             
20003d74  macScanAction                                                   
20003db4  macDeviceAction2                                                
20003dc8  macMgmtAction2                                                  
20003ddc  macBeaconDeviceAction                                           
20003dec  macCoordAction3                                                 
20003dfc  macData                                                         
20003e0c  macDataTxDelay                                                  
20003e34  FH_PibTbl                                                       
20003e40  macMain                                                         
20003e5c  FHNT_tempTable                                                  
20003e64  macBeaconCoordAction1                                           
20003e6c  macCoordAction1                                                 
20003e74  FHNT_Dbg                                                        
20003e7a  macPanCoordinator                                               
20003e7b  macPhyChannel                                                   
20003e80  AESCCM_handle                                                   
20003e84  FH_test_var                                                     
20003e88  PowerCC26XX_swiKey                                              
20003e8c  PowerCC26XX_taskKey                                             
20003e90  macCryptoDrvTblPtr                                              
20003e94  macRxSymbol                                                     
20003e98  macTimerActive                                                  
20003e9c  nvsCC26XXObjects                                                
20003ea0  timerAlignedQ                                                   
20003ea4  timerUnalignedQ                                                 
20003ea8  macPwr                                                          
20003ea9  macRxActive                                                     
20003eaa  macRxEnableFlags                                                
20003eab  macRxOutgoingAckFlag                                            
20003eac  macSymbolTimerImpending                                         
20003ead  macTaskId                                                       
20003eae  macTxActive                                                     
20003eaf  macUnitBackoffPeriod                                            
20003eb0  rxFhRsl                                                         
20003eb1  heapStart                                                       
20013aa0  __stack                                                         
20013aa0  heapEnd                                                         
20014000  __STACK_END                                                     
20014000  __STACK_TOP                                                     
e000e000  ti_sysbios_family_arm_m3_Hwi_nvic                               
ffffffff  __TI_pprof_out_hndl                                             
ffffffff  __TI_prof_data_size                                             
ffffffff  __TI_prof_data_start                                            
ffffffff  __binit__                                                       
ffffffff  __c_args__                                                      
ffffffff  binit                                                           
UNDEFED   ITM_flush                                                       
UNDEFED   ITM_restore                                                     
UNDEFED   PWM_config                                                      
UNDEFED   PWM_count                                                       
UNDEFED   SHT$$INIT_ARRAY$$Base                                           
UNDEFED   SHT$$INIT_ARRAY$$Limit                                          

[1885 symbols]
