******************************************************************************
                  TI ARM Linker PC v20.2.1                     
******************************************************************************
>> Linked Wed Oct 21 19:23:07 2020

OUTPUT FILE NAME:   <empty_min_EK_TM4C123GXL_TI.out>
ENTRY POINT SYMBOL: "_c_int00"  address: 00005f81


MEMORY CONFIGURATION

         name            origin    length      used     unused   attr    fill
----------------------  --------  ---------  --------  --------  ----  --------
  FLASH                 00000000   00040000  0000b4ae  00034b52  R  X
  SRAM                  20000000   00008000  000026ce  00005932  RW X


SEGMENT ALLOCATION MAP

run origin  load origin   length   init length attrs members
----------  ----------- ---------- ----------- ----- -------
00000000    00000000    0000b4b8   0000b4b8    r-x
  00000000    00000000    0000003c   0000003c    r-- .resetVecs
  00000040    00000040    000087fa   000087fa    r-x .text
  0000883c    0000883c    00002a00   00002a00    r-- .const
  0000b240    0000b240    00000278   00000278    r-- .cinit
20000000    20000000    00000360   00000000    rw-
  20000000    20000000    00000360   00000000    rw- .vecs
20000380    20000380    00002370   00000000    rw-
  20000380    20000380    00001ab0   00000000    rw- .bss
  20001e30    20001e30    000005be   00000000    rw- .data
  200023f0    200023f0    00000300   00000000    rw- .stack


SECTION ALLOCATION MAP

 output                                  attributes/
section   page    origin      length       input sections
--------  ----  ----------  ----------   ----------------
.text      0    00000040    000087fa     
                  00000040    00000a4e     rtsv7M4_T_le_v4SPD16_eabi.lib : _printfi.c.obj (.text:__TI_printfi)
                  00000a8e    00000002                                   : _lock.c.obj (.text:_nop)
                  00000a90    00000430     sysbios.aem4f : BIOS.obj (.text:ti_sysbios_family_arm_m3_Hwi_excDumpRegs__I)
                  00000ec0    0000034c     ti.targets.arm.rtsarm.aem4f : System.oem4f (.text:xdc_runtime_System_doPrint__I)
                  0000120c    00000270     rtsv7M4_T_le_v4SPD16_eabi.lib : _printfi.c.obj (.text:_pconv_a)
                  0000147c    0000020c     drivers_tivaware.aem4f : UARTTiva.oem4f (.text:UARTTiva_open)
                  00001688    000001f4     sysbios.aem4f : BIOS.obj (.text:ti_sysbios_family_arm_m3_Hwi_excHandlerMax__I)
                  0000187c    000001d0     rtsv7M4_T_le_v4SPD16_eabi.lib : _printfi.c.obj (.text:_pconv_g)
                  00001a4c    000001b6                                   : fd_add_t2.asm.obj (.text)
                  00001c02    00000006     driverlib.lib : gpio.obj (.text:GPIOIntClear)
                  00001c08    00000174     sysbios.aem4f : BIOS.obj (.text:ti_sysbios_family_arm_m3_Hwi_excBusFault__I)
                  00001d7c    00000170     drivers_tivaware.aem4f : PWMTiva.oem4f (.text:PWMTiva_open)
                  00001eec    00000004     driverlib.lib : timer.obj (.text:TimerIntClear)
                  00001ef0    00000164     sysbios.aem4f : BIOS.obj (.text:ti_sysbios_family_arm_m3_Hwi_excUsageFault__I)
                  00002054    00000150     drivers_tivaware.aem4f : GPIOTiva.oem4f (.text:GPIO_setConfig)
                  000021a4    00000004     driverlib.lib : uart.obj (.text:UARTIntClear)
                  000021a8    00000148     sysbios.aem4f : BIOS.obj (.text:ti_sysbios_family_arm_m3_Hwi_excMemFault__I)
                  000022f0    0000013c     rtsv7M4_T_le_v4SPD16_eabi.lib : _printfi.c.obj (.text:_pconv_e)
                  0000242c    00000004                                   : exit.c.obj (.text:abort:abort)
                  00002430    00000138     sysbios.aem4f : BIOS.obj (.text:ti_sysbios_knl_Semaphore_pend__E)
                  00002568    00000138     empty_min_pem4f.oem4f (.text:ti_uia_loggers_LoggerStopMode_writeMemoryRange__E)
                  000026a0    00000136     rtsv7M4_T_le_v4SPD16_eabi.lib : fd_div_t2.asm.obj (.text)
                  000027d6    00000130     driverlib.lib : gpio.obj (.text:GPIOPadConfigSet)
                  00002906    00000002     rtsv7M4_T_le_v4SPD16_eabi.lib : div0.asm.obj (.text)
                  00002908    00000124                                   : _printfi.c.obj (.text:fcvt)
                  00002a2c    00000118     ti.targets.arm.rtsarm.aem4f : Error.oem4f (.text:xdc_runtime_Error_policyDefault__E)
                  00002b44    00000110     rtsv7M4_T_le_v4SPD16_eabi.lib : s_scalbn.c.obj (.text:scalbn)
                  00002c54    0000010c     driverlib.lib : sysctl.obj (.text:SysCtlClockGet)
                  00002d60    0000010c     empty_min_pem4f.oem4f (.text:ti_uia_loggers_LoggerStopMode_write8__E)
                  00002e6c    00000004     empty_min_pem4f.oem4f (.text:ti_sysbios_BIOS_RtsGateProxy_enter__E)
                  00002e70    00000108     sysbios.aem4f : BIOS.obj (.text:ti_sysbios_family_arm_lm4_Timer_start__E)
                  00002f78    00000104                   : BIOS.obj (.text:ti_sysbios_family_arm_lm4_TimestampProvider_get64__E)
                  0000307c    00000100     Boot.aem4f : Boot_sysctl.oem4f (.text:ti_catalog_arm_cortexm4_tiva_ce_Boot_sysCtlClockSetI__I)
                  0000317c    00000100     ti.targets.arm.rtsarm.aem4f : Core-mem.oem4f (.text:xdc_runtime_Core_createObject__I)
                  0000327c    000000fc     rtsv7M4_T_le_v4SPD16_eabi.lib : fd_mul_t2.asm.obj (.text)
                  00003378    000000f8     ti.targets.arm.rtsarm.aem4f : Startup.oem4f (.text:xdc_runtime_Startup_startMods__I)
                  00003470    000000f8     empty_min_pem4f.oem4f (.text:xdc_runtime_System_printfExtend__I)
                  00003568    000000f4     sysbios.aem4f : m3_Hwi_asm.obj (.text:ti_sysbios_family_arm_m3_Hwi_dispatch__I)
                  0000365c    000000f4     empty_min_pem4f.oem4f (.text:ti_uia_loggers_LoggerStopMode_write4__E)
                  00003750    000000f0     drivers_tivaware.aem4f : PWMTiva.oem4f (.text:PWMTiva_setDuty)
                  00003840    000000e8     empty_min_pem4f.oem4f (.text:ti_uia_loggers_LoggerStopMode_write1__E)
                  00003928    000000e8     empty_min_pem4f.oem4f (.text:ti_uia_loggers_LoggerStopMode_write2__E)
                  00003a10    000000d8     empty_min_pem4f.oem4f (.text:ti_uia_loggers_LoggerStopMode_write0__E)
                  00003ae8    000000d4     sysbios.aem4f : BIOS.obj (.text:ti_sysbios_heaps_HeapMem_alloc__E)
                  00003bbc    00000004     empty_min_pem4f.oem4f (.text:ti_sysbios_BIOS_RtsGateProxy_leave__E)
                  00003bc0    000000cc     sysbios.aem4f : BIOS.obj (.text:ti_sysbios_knl_Task_Instance_init__E)
                  00003c8c    000000cc     ti.targets.arm.rtsarm.aem4f : Core-smem.oem4f (.text:xdc_runtime_Core_constructObject__I)
                  00003d58    000000c8     sysbios.aem4f : BIOS.obj (.text:ti_sysbios_knl_Task_sleep__E)
                  00003e20    000000c4     empty_min.obj (.text:echoFxn)
                  00003ee4    000000c4     empty_min.obj (.text:main)
                  00003fa8    000000c4     empty_min.obj (.text:timer2_ISR)
                  0000406c    00000004     sysbios.aem4f : BIOS.obj (.text:ti_sysbios_family_arm_lm4_Timer_masterEnable__I)
                  00004070    000000bc                   : BIOS.obj (.text:ti_sysbios_family_arm_m3_Hwi_excDebugMon__I)
                  0000412c    00000004     empty_min_pem4f.oem4f (.text:ti_sysbios_family_arm_m3_Hwi_destruct)
                  00004130    000000bc     sysbios.aem4f : BIOS.obj (.text:ti_sysbios_family_arm_m3_Hwi_excHardFault__I)
                  000041ec    00000004     empty_min_pem4f.oem4f (.text:ti_sysbios_family_arm_m3_TaskSupport_Module__startupDone__S)
                  000041f0    000000bc     sysbios.aem4f : BIOS.obj (.text:ti_sysbios_knl_Task_Instance_finalize__E)
                  000042ac    000000b1     rtsv7M4_T_le_v4SPD16_eabi.lib : _printfi.c.obj (.text:_ltostr)
                  0000435d    00000001     --HOLE-- [fill = 0]
                  0000435e    000000ac     drivers_tivaware.aem4f : UARTTiva.oem4f (.text:readTaskBlocking)
                  0000440a    00000006     driverlib.lib : gpio.obj (.text:GPIOPinRead)
                  00004410    000000ac     sysbios.aem4f : BIOS.obj (.text:ti_sysbios_family_arm_lm4_Timer_enableTiva__I)
                  000044bc    000000a0     auto_init.aem4f : auto_init.oem4f (.text)
                  0000455c    000000a0     ti.targets.arm.rtsarm.aem4f : Text.oem4f (.text:xdc_runtime_Text_putMod__E)
                  000045fc    0000009c     rtsv7M4_T_le_v4SPD16_eabi.lib : memcpy_t2.asm.obj (.text)
                  00004698    0000009a     ti.targets.arm.rtsarm.aem4f : Text.oem4f (.text:xdc_runtime_Text_putSite__E)
                  00004732    00000098     drivers_tivaware.aem4f : UARTTiva.oem4f (.text:UARTTiva_readPolling)
                  000047ca    00000002     empty_min_pem4f.oem4f (.text:ti_sysbios_BIOS_nullFunc__I)
                  000047cc    00000098     empty_min.obj (.text:hardware_init)
                  00004864    00000098     Boot.aem4f : Boot.oem4f (.text:ti_catalog_arm_cortexm4_tiva_ce_Boot_sysCtlClockSet__E)
                  000048fc    00000096     rtsv7M4_T_le_v4SPD16_eabi.lib : ull_div_t2.asm.obj (.text)
                  00004992    00000094     drivers_tivaware.aem4f : UARTTiva.oem4f (.text:UARTTiva_write)
                  00004a26    00000002     empty_min_pem4f.oem4f (.text:ti_uia_loggers_LoggerStopMode_setFilterLevel__E)
                  00004a28    00000094     sysbios.aem4f : BIOS.obj (.text:ti_sysbios_family_arm_m3_Hwi_Instance_init__E)
                  00004abc    00000004     empty_min_pem4f.oem4f (.text:ti_sysbios_heaps_HeapMem_Module_GateProxy_enter__E)
                  00004ac0    00000094     sysbios.aem4f : BIOS.obj (.text:ti_sysbios_family_arm_m3_Hwi_initNVIC__E)
                  00004b54    00000004     empty_min_pem4f.oem4f (.text:ti_sysbios_heaps_HeapMem_Module_GateProxy_leave__E)
                  00004b58    00000094     sysbios.aem4f : BIOS.obj (.text:ti_sysbios_knl_Task_postInit__I)
                  00004bec    00000090     ti.uia.loggers.aem4f : LoggerStopMode.oem4f (.text:ti_uia_loggers_LoggerStopMode_initQueueDescriptor__E)
                  00004c7c    0000008c     drivers_tivaware.aem4f : GPIOTiva.oem4f (.text:GPIO_init)
                  00004d08    0000008c                            : UARTTiva.oem4f (.text:UARTTiva_control)
                  00004d94    0000008c     sysbios.aem4f : m3_TaskSupport_asm.obj (.text:ti_sysbios_family_arm_m3_TaskSupport_buildTaskStack)
                  00004e20    0000008a     drivers_tivaware.aem4f : UARTTiva.oem4f (.text:readIsrTextBlocking)
                  00004eaa    00000002     ti.uia.loggers.aem4f : LoggerStopMode.oem4f (.text:ti_uia_loggers_LoggerStopMode_setPriority__E)
                  00004eac    00000088     drivers_tivaware.aem4f : PWMTiva.oem4f (.text:PWMTiva_control)
                  00004f34    00000086     rtsv7M4_T_le_v4SPD16_eabi.lib : fd_cmp_t2.asm.obj (.text:__aeabi_cdcmple)
                  00004fba    00000086                                   : fd_cmp_t2.asm.obj (.text:__aeabi_cdrcmple)
                  00005040    00000084     sysbios.aem4f : BIOS.obj (.text:ti_sysbios_family_arm_lm4_Timer_getExpiredCounts__E)
                  000050c4    00000004     empty_min_pem4f.oem4f (.text:ti_sysbios_knl_Clock_TimerProxy_getMaxTicks__E)
                  000050c8    00000084     sysbios.aem4f : BIOS.obj (.text:ti_sysbios_family_arm_m3_Hwi_postInit__I)
                  0000514c    00000082     drivers_tivaware.aem4f : UARTTiva.oem4f (.text:readIsrTextCallback)
                  000051ce    00000002     empty_min_pem4f.oem4f (.text:xdc_runtime_Startup_reset__I)
                  000051d0    00000080     sysbios.aem4f : BIOS.obj (.text:ti_sysbios_utils_Load_updateLoads__E)
                  00005250    0000007c                   : BIOS.obj (.text:ti_sysbios_heaps_HeapMem_free__E)
                  000052cc    0000007a     driverlib.lib : adc.obj (.text:ADCSequenceStepConfigure)
                  00005346    0000007a     drivers_tivaware.aem4f : UARTTiva.oem4f (.text:readTaskCallback)
                  000053c0    0000007a     rtsv7M4_T_le_v4SPD16_eabi.lib : memset_t2.asm.obj (.text)
                  0000543a    00000002     --HOLE-- [fill = 0]
                  0000543c    00000074     ti.uia.runtime.aem4f : QueueDescriptor.oem4f (.text:ti_uia_runtime_QueueDescriptor_addToList__E)
                  000054b0    00000070     sysbios.aem4f : BIOS.obj (.text:ti_sysbios_knl_Clock_workFunc__E)
                  00005520    00000070                   : BIOS.obj (.text:ti_sysbios_knl_Task_exit__E)
                  00005590    0000006e     rtsv7M4_T_le_v4SPD16_eabi.lib : _printfi.c.obj (.text:_mcpy)
                  000055fe    00000002     --HOLE-- [fill = 0]
                  00005600    0000006d     ti.targets.arm.rtsarm.aem4f : System.oem4f (.text:xdc_runtime_System_formatNum__I)
                  0000566d    00000003     --HOLE-- [fill = 0]
                  00005670    0000006c     sysbios.aem4f : BIOS.obj (.text:ti_sysbios_knl_Swi_restoreHwi__E)
                  000056dc    0000006c     drivers_tivaware.aem4f : UARTTiva.oem4f (.text:writeData)
                  00005748    0000006c     ti.targets.arm.rtsarm.aem4f : Error.oem4f (.text:xdc_runtime_Error_print__E)
                  000057b4    0000006c                                 : Memory.oem4f (.text:xdc_runtime_Memory_alloc__E)
                  00005820    0000006a     drivers_tivaware.aem4f : PWMTiva.oem4f (.text:PWMTiva_close)
                  0000588a    00000068     rtsv7M4_T_le_v4SPD16_eabi.lib : copy_decompress_lzss.c.obj (.text:decompress:lzss:__TI_decompress_lzss)
                  000058f2    00000066     ti.uia.loggers.aem4f : LoggerStopMode.oem4f (.text:ti_uia_loggers_LoggerStopMode_flush__E)
                  00005958    00000066     ti.targets.arm.rtsarm.aem4f : Core-mem.oem4f (.text:xdc_runtime_Core_deleteObject__I)
                  000059be    00000002     --HOLE-- [fill = 0]
                  000059c0    00000064     drivers_tivaware.aem4f : GPIOTiva.oem4f (.text:GPIO_hwiIntFxn)
                  00005a24    00000064     rtsv7M4_T_le_v4SPD16_eabi.lib : s_frexp.c.obj (.text:frexp)
                  00005a88    00000064     sysbios.aem4f : BIOS.obj (.text:ti_sysbios_family_arm_lm4_Timer_Module_startup__E)
                  00005aec    00000064     empty_min_pem4f.oem4f (.text:ti_sysbios_family_arm_m3_Hwi_create)
                  00005b50    00000064     sysbios.aem4f : BIOS.obj (.text:ti_sysbios_family_arm_m3_Hwi_dispatchC__I)
                  00005bb4    00000004     empty_min_pem4f.oem4f (.text:ti_sysbios_knl_Clock_TimerProxy_getPeriod__E)
                  00005bb8    00000064     sysbios.aem4f : BIOS.obj (.text:ti_sysbios_knl_Semaphore_post__E)
                  00005c1c    00000004     empty_min_pem4f.oem4f (.text:ti_sysbios_knl_Clock_destruct)
                  00005c20    00000064     sysbios.aem4f : BIOS.obj (.text:ti_sysbios_utils_Load_idleFxn__E)
                  00005c84    00000060     driverlib.lib : timer.obj (.text:TimerConfigure)
                  00005ce4    00000060     empty_min.obj (.text:pwmFxn)
                  00005d44    0000005e     drivers_tivaware.aem4f : UARTTiva.oem4f (.text:readIsrBinaryBlocking)
                  00005da2    00000006     driverlib.lib : gpio.obj (.text:GPIOPinWrite)
                  00005da8    0000005c     sysbios.aem4f : BIOS.obj (.text:ti_sysbios_knl_Swi_run__I)
                  00005e04    00000004     empty_min_pem4f.oem4f (.text:ti_sysbios_knl_Queue_destruct)
                  00005e08    0000005c     sysbios.aem4f : BIOS.obj (.text:ti_sysbios_knl_Swi_schedule__I)
                  00005e64    00000004     empty_min_pem4f.oem4f (.text:ti_sysbios_knl_Semaphore_destruct)
                  00005e68    0000005c     sysbios.aem4f : BIOS.obj (.text:ti_sysbios_knl_Task_Module_startup__E)
                  00005ec4    00000004     ti.uia.loggers.aem4f : LoggerStopMode.oem4f (.text:ti_uia_loggers_LoggerStopMode_getContents__E)
                  00005ec8    0000005c     sysbios.aem4f : BIOS.obj (.text:ti_sysbios_knl_Task_startCore__E)
                  00005f24    0000005b     ti.targets.arm.rtsarm.aem4f : Text.oem4f (.text:xdc_runtime_Text_putLab__E)
                  00005f7f    00000001     --HOLE-- [fill = 0]
                  00005f80    00000058     boot.aem4f : boot.oem4f (.text)
                  00005fd8    00000058     rtsv7M4_T_le_v4SPD16_eabi.lib : hostwrite.c.obj (.text:HOSTwrite)
                  00006030    00000058     sysbios.aem4f : BIOS.obj (.text:ti_sysbios_family_arm_lm4_TimestampProvider_get32__E)
                  00006088    00000058     empty_min_pem4f.oem4f (.text:ti_sysbios_family_arm_m3_Hwi_construct)
                  000060e0    00000058     sysbios.aem4f : m3_Hwi_asm_switch.obj (.text:ti_sysbios_family_arm_m3_Hwi_initStacks__E)
                  00006138    00000056     driverlib.lib : gpio.obj (.text:GPIOIntTypeSet)
                  0000618e    00000056     rtsv7M4_T_le_v4SPD16_eabi.lib : _printfi.c.obj (.text:_pconv_f)
                  000061e4    00000054                                   : _ltoa.c.obj (.text:__TI_ltoa)
                  00006238    00000054     drivers_tivaware.aem4f : UARTTiva.oem4f (.text:readIsrBinaryCallback)
                  0000628c    00000004     empty_min_pem4f.oem4f (.text:ti_uia_loggers_LoggerStopMode_getFilterLevel__E)
                  00006290    00000054     sysbios.aem4f : BIOS.obj (.text:ti_sysbios_family_arm_lm4_Timer_initDevice__I)
                  000062e4    00000054     empty_min_pem4f.oem4f (.text:ti_sysbios_knl_Task_construct)
                  00006338    00000054     ti.targets.arm.rtsarm.aem4f : Assert.oem4f (.text:xdc_runtime_Assert_raise__I)
                  0000638c    00000052     rtsv7M4_T_le_v4SPD16_eabi.lib : _printfi.c.obj (.text:_ecpy)
                  000063de    00000002     --HOLE-- [fill = 0]
                  000063e0    00000050     drivers_tivaware.aem4f : GPIOTiva.oem4f (.text:GPIO_setCallback)
                  00006430    00000050                            : GPIOTiva.oem4f (.text:GPIO_toggle)
                  00006480    00000050                            : UARTTiva.oem4f (.text:UARTTiva_writeCancel)
                  000064d0    00000050     sysbios.aem4f : BIOS.obj (.text:ti_sysbios_family_arm_m3_Hwi_Module_startup__E)
                  00006520    00000050                   : BIOS.obj (.text:ti_sysbios_knl_Clock_Instance_init__E)
                  00006570    00000050     ti.targets.arm.rtsarm.aem4f : Startup.oem4f (.text:xdc_runtime_Startup_exec__E)
                  000065c0    00000050                                 : Text.oem4f (.text:xdc_runtime_Text_visitRope2__I)
                  00006610    0000004c     drivers_tivaware.aem4f : UARTTiva.oem4f (.text:UARTTiva_close)
                  0000665c    0000004c     rtsv7M4_T_le_v4SPD16_eabi.lib : atoi.c.obj (.text:atoi)
                  000066a8    0000004c                                   : cpy_tbl.c.obj (.text:copy_in)
                  000066f4    00000004     ti.uia.loggers.aem4f : LoggerStopMode.oem4f (.text:ti_uia_loggers_LoggerStopMode_getInstanceId__E)
                  000066f8    0000004c     sysbios.aem4f : BIOS.obj (.text:ti_sysbios_heaps_HeapMem_getStats__E)
                  00006744    00000004     ti.uia.loggers.aem4f : LoggerStopMode.oem4f (.text:ti_uia_loggers_LoggerStopMode_getMaxLength__E)
                  00006748    0000004c     sysbios.aem4f : BIOS.obj (.text:ti_sysbios_knl_Swi_runLoop__I)
                  00006794    00000004     ti.uia.loggers.aem4f : LoggerStopMode.oem4f (.text:ti_uia_loggers_LoggerStopMode_getPriority__E)
                  00006798    0000004c     sysbios.aem4f : BIOS.obj (.text:ti_sysbios_knl_Task_allBlockedFunction__I)
                  000067e4    00000004     ti.uia.loggers.aem4f : LoggerStopMode.oem4f (.text:ti_uia_loggers_LoggerStopMode_getTransferType__E)
                  000067e8    0000004c     sysbios.aem4f : BIOS.obj (.text:ti_sysbios_knl_Task_schedule__I)
                  00006834    0000004c     ti.uia.loggers.aem4f : LoggerStopMode.oem4f (.text:ti_uia_loggers_LoggerStopMode_Module_startup__E)
                  00006880    00000048     driverlib.lib : gpio.obj (.text:GPIOPinConfigure)
                  000068c8    00000048     rtsv7M4_T_le_v4SPD16_eabi.lib : fd_toi_t2.asm.obj (.text)
                  00006910    00000048     sysbios.aem4f : BIOS.obj (.text:ti_sysbios_family_arm_lm4_Timer_enableTimers__I)
                  00006958    00000048                   : BIOS.obj (.text:ti_sysbios_family_arm_m3_Hwi_disableInterrupt__E)
                  000069a0    00000048                   : BIOS.obj (.text:ti_sysbios_family_arm_m3_Hwi_enableInterrupt__E)
                  000069e8    00000048                   : BIOS.obj (.text:ti_sysbios_family_arm_m3_Hwi_excReserved__I)
                  00006a30    00000046     drivers_tivaware.aem4f : RingBuf.oem4f (.text:RingBuf_put)
                  00006a76    00000046     ti.targets.arm.rtsarm.aem4f : Core-params.oem4f (.text:xdc_runtime_Core_assignParams__I)
                  00006abc    00000004                                 : Error.oem4f (.text:xdc_runtime_Error_getSite__E)
                  00006ac0    00000044     sysbios.aem4f : BIOS.obj (.text:ti_sysbios_family_arm_lm4_Timer_isrStub__E)
                  00006b04    00000004     empty_min_pem4f.oem4f (.text:xdc_runtime_System_Module_GateProxy_enter__E)
                  00006b08    00000044     sysbios.aem4f : BIOS.obj (.text:ti_sysbios_family_arm_m3_Hwi_getStackInfo__E)
                  00006b4c    00000004     empty_min_pem4f.oem4f (.text:xdc_runtime_System_Module_GateProxy_leave__E)
                  00006b50    00000044     sysbios.aem4f : BIOS.obj (.text:ti_sysbios_knl_Swi_post__E)
                  00006b94    00000044     ti.uia.loggers.aem4f : LoggerStopMode.oem4f (.text:ti_uia_loggers_LoggerStopMode_initBuffer__I)
                  00006bd8    00000044     ti.targets.arm.rtsarm.aem4f : Error.oem4f (.text:xdc_runtime_Error_setX__E)
                  00006c1c    00000044                                 : SysMin.oem4f (.text:xdc_runtime_SysMin_flush__E)
                  00006c60    00000044                                 : Text.oem4f (.text:xdc_runtime_Text_xprintf__I)
                  00006ca4    00000042     driverlib.lib : uart.obj (.text:UARTConfigSetExpClk)
                  00006ce6    00000042     drivers_tivaware.aem4f : UARTTiva.oem4f (.text:UARTTiva_hwiIntFxn)
                  00006d28    00000042                            : UARTTiva.oem4f (.text:UARTTiva_writePolling)
                  00006d6a    00000002     --HOLE-- [fill = 0]
                  00006d6c    00000040     EK_TM4C123GXL.obj (.text:EK_TM4C123GXL_initGeneral)
                  00006dac    00000040     drivers_tivaware.aem4f : RingBuf.oem4f (.text:RingBuf_get)
                  00006dec    00000040                            : UARTTiva.oem4f (.text:UARTTiva_read)
                  00006e2c    00000040     rtsv7M4_T_le_v4SPD16_eabi.lib : u_divt2.asm.obj (.text)
                  00006e6c    00000040                                   : sprintf.c.obj (.text:sprintf)
                  00006eac    00000004     ti.targets.arm.rtsarm.aem4f : System.oem4f (.text:xdc_runtime_System_aprintf_va__F)
                  00006eb0    00000040     sysbios.aem4f : BIOS.obj (.text:ti_sysbios_family_arm_lm4_Timer_startup__E)
                  00006ef0    00000040                   : BIOS.obj (.text:ti_sysbios_heaps_HeapMem_Instance_init__E)
                  00006f30    0000003e     driverlib.lib : adc.obj (.text:ADCSequenceConfigure)
                  00006f6e    0000003e     rtsv7M4_T_le_v4SPD16_eabi.lib : _printfi.c.obj (.text:_fcpy)
                  00006fac    00000004     ti.targets.arm.rtsarm.aem4f : System.oem4f (.text:xdc_runtime_System_printf_va__F)
                  00006fb0    0000003c     sysbios.aem4f : BIOS.obj (.text:ti_sysbios_family_arm_m3_Hwi_excSvCall__I)
                  00006fec    00000004     --HOLE-- [fill = 0]
                  00006ff0    0000003c                   : BIOS.obj (.text:ti_sysbios_heaps_HeapMem_init__I)
                  0000702c    00000004     --HOLE-- [fill = 0]
                  00007030    0000003c                   : BIOS.obj (.text:ti_sysbios_knl_Swi_restore__E)
                  0000706c    00000038     drivers_tivaware.aem4f : PWM.oem4f (.text:PWM_init)
                  000070a4    00000038                            : UART.oem4f (.text:UART_init)
                  000070dc    00000038     rtsv7M4_T_le_v4SPD16_eabi.lib : trgmsg.c.obj (.text:__TI_writemsg)
                  00007114    00000004     --HOLE-- [fill = 0]
                  00007118    00000038     sysbios.aem4f : BIOS.obj (.text:ti_sysbios_family_arm_m3_Hwi_excNoIsr__I)
                  00007150    00000038                   : BIOS.obj (.text:ti_sysbios_knl_Task_processVitalTaskFlag__I)
                  00007188    00000038     ti.targets.arm.rtsarm.aem4f : SysMin.oem4f (.text:xdc_runtime_SysMin_putch__E)
                  000071c0    00000038                                 : System.oem4f (.text:xdc_runtime_System_atexit__E)
                  000071f8    00000036     drivers_tivaware.aem4f : UARTTiva.oem4f (.text:UARTTiva_readCancel)
                  0000722e    00000002     --HOLE-- [fill = 0]
                  00007230    00000034     EK_TM4C123GXL.obj (.text:EK_TM4C123GXL_initPWM)
                  00007264    00000034     driverlib.lib : sysctl.obj (.text:SysCtlPeripheralEnable)
                  00007298    00000034     rtsv7M4_T_le_v4SPD16_eabi.lib : trgmsg.c.obj (.text:__TI_readmsg)
                  000072cc    00000004     --HOLE-- [fill = 0]
                  000072d0    00000034     sysbios.aem4f : BIOS.obj (.text:ti_sysbios_family_arm_m3_Hwi_Instance_finalize__E)
                  00007304    00000004     --HOLE-- [fill = 0]
                  00007308    00000034                   : BIOS.obj (.text:ti_sysbios_family_arm_m3_Hwi_excNmi__I)
                  0000733c    00000034     empty_min_pem4f.oem4f (.text:ti_sysbios_knl_Clock_construct)
                  00007370    00000034     ti.uia.loggers.aem4f : LoggerStopMode.oem4f (.text:ti_uia_loggers_LoggerStopMode_reset__E)
                  000073a4    00000034     ti.targets.arm.rtsarm.aem4f : Core-label.oem4f (.text:xdc_runtime_Core_assignLabel__I)
                  000073d8    00000033                                 : Text.oem4f (.text:xdc_runtime_Text_printVisFxn__I)
                  0000740b    00000005     --HOLE-- [fill = 0]
                  00007410    00000032     sysbios.aem4f : BIOS.obj (.text:ti_sysbios_hal_Hwi_initStack)
                  00007442    00000002     --HOLE-- [fill = 0]
                  00007444    00000030     EK_TM4C123GXL.obj (.text:EK_TM4C123GXL_initGPIO)
                  00007474    00000030     drivers_tivaware.aem4f : GPIOTiva.oem4f (.text:GPIO_enableInt)
                  000074a4    00000030                            : GPIOTiva.oem4f (.text:GPIO_read)
                  000074d4    00000030                            : PWMTiva.oem4f (.text:PWMTiva_init)
                  00007504    00000030                            : PWM.oem4f (.text:PWM_open)
                  00007534    00000030                            : UART.oem4f (.text:UART_open)
                  00007564    00000030     empty_min_pem4f.oem4f (.text:ti_sysbios_BIOS_atExitFunc__I)
                  00007594    00000004     --HOLE-- [fill = 0]
                  00007598    00000030     sysbios.aem4f : BIOS.obj (.text:ti_sysbios_family_arm_lm4_Timer_stop__E)
                  000075c8    00000030                   : BIOS.obj (.text:ti_sysbios_family_arm_m3_TaskSupport_start__E)
                  000075f8    00000030     empty_min_pem4f.oem4f (.text:ti_sysbios_gates_GateHwi_Object__create__S)
                  00007628    00000030     empty_min_pem4f.oem4f (.text:ti_sysbios_gates_GateMutex_Object__create__S)
                  00007658    00000030     sysbios.aem4f : BIOS.obj (.text:ti_sysbios_gates_GateMutex_enter__E)
                  00007688    00000030     empty_min_pem4f.oem4f (.text:ti_sysbios_heaps_HeapMem_Object__create__S)
                  000076b8    00000030     empty_min_pem4f.oem4f (.text:ti_sysbios_knl_Semaphore_construct)
                  000076e8    00000030     sysbios.aem4f : BIOS.obj (.text:ti_sysbios_knl_Semaphore_pendTimeout__I)
                  00007718    00000030                   : BIOS.obj (.text:ti_sysbios_knl_Task_unblockI__E)
                  00007748    00000030                   : BIOS.obj (.text:ti_sysbios_utils_Load_updateCurrentThreadTime__E)
                  00007778    00000030     empty_min_pem4f.oem4f (.text:ti_uia_loggers_LoggerStopMode_Object__create__S)
                  000077a8    00000030     ti.targets.arm.rtsarm.aem4f : SysMin.oem4f (.text:xdc_runtime_SysMin_abort__E)
                  000077d8    00000030                                 : System.oem4f (.text:xdc_runtime_System_processAtExit__E)
                  00007808    0000002e     rtsv7M4_T_le_v4SPD16_eabi.lib : i_tofd_t2.asm.obj (.text)
                  00007836    00000002     --HOLE-- [fill = 0]
                  00007838    0000002c     EK_TM4C123GXL.obj (.text:EK_TM4C123GXL_initUART)
                  00007864    0000002c     empty_min_pem4f.oem4f (.text:ti_sysbios_knl_Clock_doTick__I)
                  00007890    0000002c     empty_min_pem4f.oem4f (.text:ti_sysbios_knl_Queue_construct)
                  000078bc    00000004     --HOLE-- [fill = 0]
                  000078c0    0000002c     sysbios.aem4f : BIOS.obj (.text:ti_sysbios_knl_Task_restore__E)
                  000078ec    0000002c     ti.targets.arm.rtsarm.aem4f : Text.oem4f (.text:xdc_runtime_Text_cordText__E)
                  00007918    0000002a     driverlib.lib : gpio.obj (.text:GPIODirModeSet)
                  00007942    0000002a     ti.targets.arm.rtsarm.aem4f : System.oem4f (.text:xdc_runtime_System_putchar__I)
                  0000796c    00000004     --HOLE-- [fill = 0]
                  00007970    00000028     sysbios.aem4f : BIOS.obj (.text:ti_sysbios_knl_Clock_addI__E)
                  00007998    00000028                   : BIOS.obj (.text:ti_sysbios_knl_Swi_Module_startup__E)
                  000079c0    00000026                   : m3_Hwi_asm.obj (.text:ti_sysbios_family_arm_m3_Hwi_pendSV__I)
                  000079e6    00000026     ti.targets.arm.rtsarm.aem4f : System.oem4f (.text:xdc_runtime_System_avprintf__E)
                  00007a0c    00000024     empty_min_pem4f.oem4f (.text:ti_sysbios_BIOS_registerRTSLock__I)
                  00007a30    00000024     empty_min_pem4f.oem4f (.text:ti_sysbios_BIOS_removeRTSLock__I)
                  00007a54    00000024     empty_min_pem4f.oem4f (.text:ti_sysbios_BIOS_startFunc__I)
                  00007a78    00000024     empty_min_pem4f.oem4f (.text:ti_sysbios_gates_GateMutex_Object__delete__S)
                  00007a9c    00000004     --HOLE-- [fill = 0]
                  00007aa0    00000024     sysbios.aem4f : BIOS.obj (.text:ti_sysbios_knl_Clock_Module_startup__E)
                  00007ac4    00000004     --HOLE-- [fill = 0]
                  00007ac8    00000024                   : BIOS.obj (.text:ti_sysbios_knl_Clock_start__E)
                  00007aec    00000004     --HOLE-- [fill = 0]
                  00007af0    00000024                   : BIOS.obj (.text:ti_sysbios_knl_Semaphore_Instance_init__E)
                  00007b14    00000004     --HOLE-- [fill = 0]
                  00007b18    00000024                   : BIOS.obj (.text:ti_sysbios_knl_Task_restoreHwi__E)
                  00007b3c    00000004     --HOLE-- [fill = 0]
                  00007b40    00000024                   : BIOS.obj (.text:ti_sysbios_utils_Load_updateThreadContexts__E)
                  00007b64    00000024     ti.targets.arm.rtsarm.aem4f : System.oem4f (.text:xdc_runtime_System_vprintf__E)
                  00007b88    00000022     driverlib.lib : pwm.obj (.text:PWMGenConfigure)
                  00007baa    00000022     drivers_tivaware.aem4f : PWMTiva.oem4f (.text:PWMTiva_getPeriodCounts)
                  00007bcc    00000004     --HOLE-- [fill = 0]
                  00007bd0    00000022     sysbios.aem4f : BIOS.obj (.text:ti_sysbios_family_arm_lm4_Timer_write__I)
                  00007bf2    00000022     empty_min_pem4f.oem4f (.text:xdc_runtime_SysMin_output__I)
                  00007c14    00000020     empty_min_pem4f.oem4f (.text:ti_sysbios_BIOS_rtsLock__I)
                  00007c34    00000020     sysbios.aem4f : m3_Hwi_asm.obj (.text:ti_sysbios_family_arm_m3_Hwi_excHandlerAsm__I)
                  00007c54    00000004     --HOLE-- [fill = 0]
                  00007c58    00000020                   : BIOS.obj (.text:ti_sysbios_family_arm_m3_Hwi_excHandler__I)
                  00007c78    00000020     empty_min_pem4f.oem4f (.text:ti_sysbios_gates_GateHwi_Object__delete__S)
                  00007c98    00000020     empty_min_pem4f.oem4f (.text:ti_sysbios_heaps_HeapMem_Object__delete__S)
                  00007cb8    00000020     empty_min_pem4f.oem4f (.text:ti_sysbios_knl_Clock_Object__destruct__S)
                  00007cd8    00000020     sysbios.aem4f : BIOS.obj (.text:ti_sysbios_knl_Idle_run__E)
                  00007cf8    00000020     empty_min_pem4f.oem4f (.text:ti_sysbios_knl_Semaphore_Object__destruct__S)
                  00007d18    00000020     empty_min_pem4f.oem4f (.text:ti_uia_loggers_LoggerStopMode_Object__delete__S)
                  00007d38    00000020     ti.targets.arm.rtsarm.aem4f : Registry.oem4f (.text:xdc_runtime_Registry_findById__E)
                  00007d58    00000020                                 : SysMin.oem4f (.text:xdc_runtime_SysMin_Module_startup__E)
                  00007d78    0000001e     driverlib.lib : adc.obj (.text:ADCSequenceDataGet)
                  00007d96    0000001e                   : pwm.obj (.text:PWMPulseWidthSet)
                  00007db4    0000001e     drivers_tivaware.aem4f : PWMTiva.oem4f (.text:PWMTiva_getPeriodMicroSecs)
                  00007dd2    0000001e     empty_min_pem4f.oem4f (.text:ti_sysbios_BIOS_errorRaiseHook__I)
                  00007df0    0000001e     sysbios.aem4f : m3_Hwi_asm_switch.obj (.text:ti_sysbios_family_xxx_Hwi_switchAndRunFunc)
                  00007e0e    00000002     --HOLE-- [fill = 0]
                  00007e10    0000001c     driverlib.lib : uart.obj (.text:UARTDisable)
                  00007e2c    0000001c     empty_min.obj (.text:buttonFxn)
                  00007e48    0000001c     drivers_tivaware.aem4f : GPIOTiva.oem4f (.text:getGpioIntIndex)
                  00007e64    0000001c     rtsv7M4_T_le_v4SPD16_eabi.lib : memccpy.c.obj (.text:memccpy)
                  00007e80    0000001c     empty_min_pem4f.oem4f (.text:ti_sysbios_family_arm_m3_Hwi_Object__destruct__S)
                  00007e9c    00000004     --HOLE-- [fill = 0]
                  00007ea0    0000001c     sysbios.aem4f : BIOS.obj (.text:ti_sysbios_gates_GateMutex_Instance_init__E)
                  00007ebc    00000004     --HOLE-- [fill = 0]
                  00007ec0    0000001c                   : BIOS.obj (.text:ti_sysbios_knl_Clock_Instance_finalize__E)
                  00007edc    0000001c     empty_min_pem4f.oem4f (.text:ti_sysbios_knl_Queue_Object__destruct__S)
                  00007ef8    0000001c     sysbios.aem4f : BIOS.obj (.text:ti_sysbios_knl_Queue_put__E)
                  00007f14    00000004     --HOLE-- [fill = 0]
                  00007f18    0000001c                   : BIOS.obj (.text:ti_sysbios_knl_Task_enter__I)
                  00007f34    0000001c     ti.uia.loggers.aem4f : LoggerStopMode.oem4f (.text:ti_uia_loggers_LoggerStopMode_Instance_init__E)
                  00007f50    0000001c     ti.targets.arm.rtsarm.aem4f : Error.oem4f (.text:xdc_runtime_Error_raiseX__E)
                  00007f6c    0000001c                                 : Memory.oem4f (.text:xdc_runtime_Memory_valloc__E)
                  00007f88    0000001c                                 : SysMin.oem4f (.text:xdc_runtime_SysMin_exit__E)
                  00007fa4    0000001c                                 : System.oem4f (.text:xdc_runtime_System_abort__E)
                  00007fc0    0000001a     rtsv7M4_T_le_v4SPD16_eabi.lib : s_copysign.c.obj (.text:copysign)
                  00007fda    0000001a     empty_min_pem4f.oem4f (.text:ti_sysbios_family_arm_m3_Hwi_Handle__label__S)
                  00007ff4    0000001a     empty_min_pem4f.oem4f (.text:ti_sysbios_gates_GateHwi_Handle__label__S)
                  0000800e    0000001a     empty_min_pem4f.oem4f (.text:ti_sysbios_gates_GateMutex_Handle__label__S)
                  00008028    0000001a     empty_min_pem4f.oem4f (.text:ti_sysbios_heaps_HeapMem_Handle__label__S)
                  00008042    0000001a     empty_min_pem4f.oem4f (.text:ti_sysbios_knl_Swi_Handle__label__S)
                  0000805c    0000001a     empty_min_pem4f.oem4f (.text:ti_sysbios_knl_Task_Handle__label__S)
                  00008076    0000001a     empty_min_pem4f.oem4f (.text:ti_uia_loggers_LoggerStopMode_Handle__label__S)
                  00008090    0000001a     empty_min_pem4f.oem4f (.text:xdc_runtime_System_aprintf__E)
                  000080aa    0000001a     empty_min_pem4f.oem4f (.text:xdc_runtime_System_printf__E)
                  000080c4    00000018     driverlib.lib : adc.obj (.text:ADCProcessorTrigger)
                  000080dc    00000018     drivers_tivaware.aem4f : UART.oem4f (.text:UART_Params_init)
                  000080f4    00000018     rtsv7M4_T_le_v4SPD16_eabi.lib : args_main.c.obj (.text:_args_main)
                  0000810c    00000018                                   : sprintf.c.obj (.text:_outs)
                  00008124    00000018     empty_min_pem4f.oem4f (.text:ti_sysbios_BIOS_rtsUnlock__I)
                  0000813c    00000018     empty_min_pem4f.oem4f (.text:ti_sysbios_family_arm_lm4_Timer_Module__startupDone__F)
                  00008154    00000018     empty_min_pem4f.oem4f (.text:ti_sysbios_family_arm_m3_Hwi_Module__startupDone__F)
                  0000816c    00000018     sysbios.aem4f : m3_TaskSupport_asm.obj (.text:ti_sysbios_family_arm_m3_TaskSupport_swap__E)
                  00008184    00000004     --HOLE-- [fill = 0]
                  00008188    00000018                   : BIOS.obj (.text:ti_sysbios_gates_GateMutex_leave__E)
                  000081a0    00000018                   : BIOS.obj (.text:ti_sysbios_knl_Task_sleepTimeout__I)
                  000081b8    00000018     ti.targets.arm.rtsarm.aem4f : Error.oem4f (.text:xdc_runtime_Error_check__E)
                  000081d0    00000018                                 : System.oem4f (.text:xdc_runtime_System_exit__E)
                  000081e8    00000018                                 : Text.oem4f (.text:xdc_runtime_Text_ropeText__E)
                  00008200    00000016     rtsv7M4_T_le_v4SPD16_eabi.lib : strchr.c.obj (.text:strchr)
                  00008216    00000016     empty_min_pem4f.oem4f (.text:ti_sysbios_BIOS_exitFunc__I)
                  0000822c    00000016     empty_min.obj (.text:ti_sysbios_knl_Task_Params_init)
                  00008242    00000016     ti.uia.loggers.aem4f : LoggerStopMode.oem4f (.text:ti_uia_loggers_LoggerStopMode_disable__E)
                  00008258    00000016                          : LoggerStopMode.oem4f (.text:ti_uia_loggers_LoggerStopMode_enable__E)
                  0000826e    00000002     --HOLE-- [fill = 0]
                  00008270    00000014     driverlib.lib : pwm.obj (.text:PWMClockSet)
                  00008284    00000014                   : sysctl.obj (.text:SysCtlPWMClockSet)
                  00008298    00000014                   : uart.obj (.text:UARTEnable)
                  000082ac    00000014     empty_min.obj (.text:heartBeatFxn)
                  000082c0    00000014     rtsv7M4_T_le_v4SPD16_eabi.lib : strlen.c.obj (.text:strlen)
                  000082d4    00000014     empty_min_pem4f.oem4f (.text:ti_sysbios_family_arm_m3_Hwi_Object__get__S)
                  000082e8    00000014     sysbios.aem4f : BIOS.obj (.text:ti_sysbios_family_arm_m3_Hwi_switchFromBootStack__E)
                  000082fc    00000014     empty_min_pem4f.oem4f (.text:ti_sysbios_heaps_HeapMem_Object__get__S)
                  00008310    00000014     empty_min_pem4f.oem4f (.text:ti_sysbios_knl_Swi_Object__get__S)
                  00008324    00000012     driverlib.lib : adc.obj (.text:ADCHardwareOversampleConfigure)
                  00008336    00000012                   : gpio.obj (.text:GPIOPinTypeADC)
                  00008348    00000012                   : gpio.obj (.text:GPIOPinTypeGPIOInput)
                  0000835a    00000012                   : gpio.obj (.text:GPIOPinTypePWM)
                  0000836c    00000012                   : gpio.obj (.text:GPIOPinTypeUART)
                  0000837e    00000012                   : pwm.obj (.text:PWMGenPeriodGet)
                  00008390    00000012                   : pwm.obj (.text:PWMOutputInvert)
                  000083a2    00000012                   : pwm.obj (.text:PWMOutputState)
                  000083b4    00000012     drivers_tivaware.aem4f : RingBuf.oem4f (.text:RingBuf_construct)
                  000083c6    00000012     driverlib.lib : timer.obj (.text:TimerLoadSet)
                  000083d8    00000012     sysbios.aem4f : BIOS.obj (.text:ti_sysbios_hal_Hwi_Module_startup__E)
                  000083ea    00000012     rtsv7M4_T_le_v4SPD16_eabi.lib : wcslen.c.obj (.text:wcslen)
                  000083fc    00000012     empty_min_pem4f.oem4f (.text:xdc_runtime_Startup_exec__I)
                  0000840e    00000010     driverlib.lib : adc.obj (.text:ADCIntEnable)
                  0000841e    00000010                   : pwm.obj (.text:PWMGenPeriodSet)
                  0000842e    00000002     --HOLE-- [fill = 0]
                  00008430    00000010     drivers_tivaware.aem4f : PWM.oem4f (.text:PWM_Params_init)
                  00008440    00000010                            : UARTTiva.oem4f (.text:readBlockingTimeout)
                  00008450    00000010     sysbios.aem4f : BIOS.obj (.text:ti_sysbios_BIOS_getCpuFreq__E)
                  00008460    00000010                   : BIOS.obj (.text:ti_sysbios_BIOS_setThreadType__E)
                  00008470    00000010                   : BIOS.obj (.text:ti_sysbios_BIOS_start__E)
                  00008480    00000010                   : BIOS.obj (.text:ti_sysbios_family_arm_lm4_TimestampProvider_rolloverFunc__E)
                  00008490    00000010                   : m3_TaskSupport_asm.obj (.text:ti_sysbios_family_arm_m3_TaskSupport_glue)
                  000084a0    00000010                   : BIOS.obj (.text:ti_sysbios_gates_GateMutex_Instance_finalize__E)
                  000084b0    00000010                   : BIOS.obj (.text:ti_sysbios_knl_Semaphore_Instance_finalize__E)
                  000084c0    00000010                   : BIOS.obj (.text:ti_sysbios_knl_Swi_disable__E)
                  000084d0    00000010                   : BIOS.obj (.text:ti_sysbios_knl_Task_disable__E)
                  000084e0    00000010     empty_min_pem4f.oem4f (.text:ti_uia_loggers_LoggerStopMode_Object__get__S)
                  000084f0    00000010     ti.uia.loggers.aem4f : LoggerStopMode.oem4f (.text:ti_uia_loggers_LoggerStopMode_isEmpty__E)
                  00008500    00000010     ti.targets.arm.rtsarm.aem4f : Gate.oem4f (.text:xdc_runtime_Gate_leaveSystem__E)
                  00008510    00000010                                 : Memory.oem4f (.text:xdc_runtime_Memory_free__E)
                  00008520    00000010                                 : SysMin.oem4f (.text:xdc_runtime_SysMin_ready__E)
                  00008530    00000010                                 : System.oem4f (.text:xdc_runtime_System_vsnprintf__E)
                  00008540    00000010     empty_min_pem4f.oem4f (.text:xdc_runtime_Text_visitRope__I)
                  00008550    0000000e     driverlib.lib : adc.obj (.text:ADCSequenceEnable)
                  0000855e    0000000e                   : gpio.obj (.text:GPIOIntStatus)
                  0000856c    0000000e                   : timer.obj (.text:TimerEnable)
                  0000857a    0000000e                   : uart.obj (.text:UARTCharGetNonBlocking)
                  00008588    0000000e                   : uart.obj (.text:UARTCharPutNonBlocking)
                  00008596    0000000e     rtsv7M4_T_le_v4SPD16_eabi.lib : copy_decompress_none.c.obj (.text:decompress:none:__TI_decompress_none)
                  000085a4    00000004     --HOLE-- [fill = 0]
                  000085a8    0000000e     sysbios.aem4f : BIOS.obj (.text:ti_sysbios_knl_Queue_empty__E)
                  000085b6    0000000e     empty_min_pem4f.oem4f (.text:ti_sysbios_knl_Task_Object__get__S)
                  000085c4    0000000c     empty_min_pem4f.oem4f (.text:.bootCodeSection:ti_catalog_arm_cortexm4_tiva_ce_Boot_init__I)
                  000085d0    0000000c     driverlib.lib : gpio.obj (.text:GPIOIntEnable)
                  000085dc    0000000c                   : pwm.obj (.text:PWMGenDisable)
                  000085e8    0000000c                   : pwm.obj (.text:PWMGenEnable)
                  000085f4    0000000c     drivers_tivaware.aem4f : RingBuf.oem4f (.text:RingBuf_peek)
                  00008600    0000000c     driverlib.lib : uart.obj (.text:UARTFlowControlSet)
                  0000860c    0000000c     drivers_tivaware.aem4f : UARTTiva.oem4f (.text:UARTTiva_init)
                  00008618    0000000c     rtsv7M4_T_le_v4SPD16_eabi.lib : _lock.c.obj (.text:_register_lock)
                  00008624    0000000c                                   : _lock.c.obj (.text:_register_unlock)
                  00008630    0000000c                                   : copy_zero_init.c.obj (.text:decompress:ZI:__TI_zero_init)
                  0000863c    00000004     --HOLE-- [fill = 0]
                  00008640    0000000c     sysbios.aem4f : BIOS.obj (.text:ti_sysbios_family_arm_lm4_Timer_getMaxTicks__E)
                  0000864c    00000004     --HOLE-- [fill = 0]
                  00008650    0000000c                   : BIOS.obj (.text:ti_sysbios_family_arm_lm4_TimestampProvider_startTimer__E)
                  0000865c    0000000c     empty_min_pem4f.oem4f (.text:ti_sysbios_family_arm_m3_Hwi_Params__init__S)
                  00008668    0000000c     sysbios.aem4f : BIOS.obj (.text:ti_sysbios_family_arm_m3_Hwi_disableFxn__E)
                  00008674    00000004     --HOLE-- [fill = 0]
                  00008678    0000000c                   : BIOS.obj (.text:ti_sysbios_family_arm_m3_TaskSupport_getStackAlignment__E)
                  00008684    00000004     --HOLE-- [fill = 0]
                  00008688    0000000c                   : BIOS.obj (.text:ti_sysbios_gates_GateHwi_enter__E)
                  00008694    0000000c     empty_min_pem4f.oem4f (.text:ti_sysbios_knl_Clock_Params__init__S)
                  000086a0    0000000c     sysbios.aem4f : BIOS.obj (.text:ti_sysbios_knl_Clock_getTickPeriod__E)
                  000086ac    0000000c     empty_min_pem4f.oem4f (.text:ti_sysbios_knl_Queue_Object__get__S)
                  000086b8    0000000c     empty_min_pem4f.oem4f (.text:ti_sysbios_knl_Semaphore_Params__init__S)
                  000086c4    0000000c     empty_min_pem4f.oem4f (.text:ti_sysbios_knl_Task_Params__init__S)
                  000086d0    0000000c     empty_min.obj (.text:ti_sysbios_knl_Task_handle)
                  000086dc    0000000c     ti.targets.arm.rtsarm.aem4f : Error.oem4f (.text:xdc_runtime_Error_init__E)
                  000086e8    0000000c                                 : Gate.oem4f (.text:xdc_runtime_Gate_enterSystem__E)
                  000086f4    0000000c                                 : Memory.oem4f (.text:xdc_runtime_Memory_calloc__E)
                  00008700    0000000c                                 : Memory.oem4f (.text:xdc_runtime_Memory_getMaxDefaultTypeAlign__E)
                  0000870c    0000000a     driverlib.lib : adc.obj (.text:ADCIntClear)
                  00008716    0000000a     drivers_tivaware.aem4f : PWM.oem4f (.text:PWM_setDuty)
                  00008720    0000000a     driverlib.lib : uart.obj (.text:UARTCharGet)
                  0000872a    0000000a                   : uart.obj (.text:UARTCharPut)
                  00008734    0000000a                   : uart.obj (.text:UARTIntDisable)
                  0000873e    0000000a                   : uart.obj (.text:UARTIntStatus)
                  00008748    0000000a     drivers_tivaware.aem4f : UART.oem4f (.text:UART_write)
                  00008752    0000000a     rtsv7M4_T_le_v4SPD16_eabi.lib : sprintf.c.obj (.text:_outc)
                  0000875c    0000000a     empty_min_pem4f.oem4f (.text:xdc_runtime_IHeap_alloc)
                  00008766    0000000a     empty_min_pem4f.oem4f (.text:xdc_runtime_IHeap_free)
                  00008770    00000008     driverlib.lib : timer.obj (.text:TimerIntEnable)
                  00008778    00000008                   : uart.obj (.text:UARTIntEnable)
                  00008780    00000008                   : uart.obj (.text:UARTRxErrorGet)
                  00008788    00000008     rtsv7M4_T_le_v4SPD16_eabi.lib : errno.c.obj (.text:__aeabi_errno_addr)
                  00008790    00000008     drivers_tivaware.aem4f : UARTTiva.oem4f (.text:readSemCallback)
                  00008798    00000008     sysbios.aem4f : BIOS.obj (.text:ti_sysbios_family_arm_lm4_Timer_masterDisable__I)
                  000087a0    00000008                   : BIOS.obj (.text:ti_sysbios_family_arm_m3_Hwi_doSwiRestore__I)
                  000087a8    00000008                   : BIOS.obj (.text:ti_sysbios_family_arm_m3_Hwi_startup__E)
                  000087b0    00000008     drivers_tivaware.aem4f : UARTTiva.oem4f (.text:writeSemCallback)
                  000087b8    00000006     driverlib.lib : uart.obj (.text:UARTFIFOLevelSet)
                  000087be    00000006                   : uart.obj (.text:UARTRxErrorClear)
                  000087c4    00000006     Boot.aem4f : Boot_sysctl.oem4f (.text:ti_catalog_arm_cortexm4_tiva_ce_Boot_sysCtlDelayI__I)
                  000087ca    00000006     ti.targets.arm.rtsarm.aem4f : System.oem4f (.text:xdc_runtime_System_Module_startup__E)
                  000087d0    00000006     sysbios.aem4f : BIOS.obj (.text:ti_sysbios_family_arm_lm4_TimestampProvider_Module_startup__E)
                  000087d6    00000002     --HOLE-- [fill = 0]
                  000087d8    00000006                   : BIOS.obj (.text:ti_sysbios_family_arm_m3_Hwi_doTaskRestore__I)
                  000087de    00000002     --HOLE-- [fill = 0]
                  000087e0    00000006                   : BIOS.obj (.text:ti_sysbios_family_arm_m3_Hwi_restoreFxn__E)
                  000087e6    00000002     --HOLE-- [fill = 0]
                  000087e8    00000006                   : BIOS.obj (.text:ti_sysbios_gates_GateHwi_leave__E)
                  000087ee    00000002     --HOLE-- [fill = 0]
                  000087f0    00000006                   : BIOS.obj (.text:ti_sysbios_heaps_HeapMem_isBlocking__E)
                  000087f6    00000002     --HOLE-- [fill = 0]
                  000087f8    00000006                   : BIOS.obj (.text:ti_sysbios_knl_Clock_stop__E)
                  000087fe    00000002     --HOLE-- [fill = 0]
                  00008800    00000006                   : BIOS.obj (.text:ti_sysbios_knl_Queue_Instance_init__E)
                  00008806    00000002     --HOLE-- [fill = 0]
                  00008808    00000006                   : BIOS.obj (.text:ti_sysbios_knl_Swi_startup__E)
                  0000880e    00000002     --HOLE-- [fill = 0]
                  00008810    00000004                   : BIOS.obj (.text:ti_sysbios_family_arm_lm4_Timer_getPeriod__E)
                  00008814    00000004     --HOLE-- [fill = 0]
                  00008818    00000004                   : BIOS.obj (.text:ti_sysbios_gates_GateHwi_query__E)
                  0000881c    00000004     --HOLE-- [fill = 0]
                  00008820    00000004                   : BIOS.obj (.text:ti_sysbios_gates_GateMutex_query__E)
                  00008824    00000004     --HOLE-- [fill = 0]
                  00008828    00000004                   : BIOS.obj (.text:ti_sysbios_knl_Task_startup__E)
                  0000882c    00000004     --HOLE-- [fill = 0]
                  00008830    00000002                   : BIOS.obj (.text:ti_sysbios_gates_GateHwi_Instance_init__E)
                  00008832    00000006     --HOLE-- [fill = 0]
                  00008838    00000002                   : BIOS.obj (.text:ti_sysbios_knl_Clock_logTick__E)

.const     0    0000883c    00002a00     
                  0000883c    00001f93     empty_min_pem4f.oem4f (.const:xdc_runtime_Text_charTab__A)
                  0000a7cf    00000001     empty_min_pem4f.oem4f (.const:xdc_runtime_Error_policy__C)
                  0000a7d0    00000104     empty_min_pem4f.oem4f (.const:xdc_runtime_Text_nodeTab__A)
                  0000a8d4    00000101     rtsv7M4_T_le_v4SPD16_eabi.lib : ctype.c.obj (.const:.string:_ctypes_)
                  0000a9d5    00000001     --HOLE-- [fill = 0]
                  0000a9d6    00000002     empty_min_pem4f.oem4f (.const:ti_catalog_arm_cortexm4_tiva_ce_Boot_Module__id__C)
                  0000a9d8    00000090     driverlib.lib : gpio.obj (.const:g_pui32GPIOBaseAddrs)
                  0000aa68    0000006c                   : sysctl.obj (.const:g_pui32Xtals)
                  0000aad4    00000060     empty_min_pem4f.oem4f (.const:ti_uia_loggers_LoggerStopMode_Module__FXNS__C)
                  0000ab34    00000054     drivers_tivaware.aem4f : GPIOTiva.oem4f (.const:.string)
                  0000ab88    0000004c                            : UARTTiva.oem4f (.const)
                  0000abd4    00000048     empty_min_pem4f.oem4f (.const:.string)
                  0000ac1c    00000048     drivers_tivaware.aem4f : GPIOTiva.oem4f (.const:gpioBaseAddresses)
                  0000ac64    0000003c     empty_min_pem4f.oem4f (.const:ti_sysbios_knl_Task_Object__PARAMS__C)
                  0000aca0    00000030     empty_min_pem4f.oem4f (.const:ti_sysbios_family_arm_m3_Hwi_Object__PARAMS__C)
                  0000acd0    00000028     drivers_tivaware.aem4f : UARTTiva.oem4f (.const:UARTTiva_fxnTable)
                  0000acf8    00000028     empty_min_pem4f.oem4f (.const:ti_sysbios_heaps_HeapMem_Module__FXNS__C)
                  0000ad20    00000028     empty_min_pem4f.oem4f (.const:ti_uia_loggers_LoggerStopMode_Object__PARAMS__C)
                  0000ad48    00000028     empty_min_pem4f.oem4f (.const:xdc_runtime_Startup_sfxnTab__A)
                  0000ad70    00000024     EK_TM4C123GXL.obj (.const:PWM_config)
                  0000ad94    00000024     drivers_tivaware.aem4f : UART.oem4f (.const:UART_defaultParams)
                  0000adb8    00000024     empty_min_pem4f.oem4f (.const:ti_sysbios_gates_GateHwi_Module__FXNS__C)
                  0000addc    00000024     empty_min_pem4f.oem4f (.const:ti_sysbios_gates_GateMutex_Module__FXNS__C)
                  0000ae00    00000024     empty_min_pem4f.oem4f (.const:ti_sysbios_heaps_HeapMem_Object__PARAMS__C)
                  0000ae24    00000024     empty_min_pem4f.oem4f (.const:ti_sysbios_knl_Clock_Object__PARAMS__C)
                  0000ae48    00000024     empty_min_pem4f.oem4f (.const:ti_sysbios_knl_Semaphore_Object__PARAMS__C)
                  0000ae6c    00000020     drivers_tivaware.aem4f : PWMTiva.oem4f (.const)
                  0000ae8c    00000020     empty_min_pem4f.oem4f (.const:ti_sysbios_family_arm_m3_Hwi_Object__DESC__C)
                  0000aeac    00000020     empty_min_pem4f.oem4f (.const:ti_sysbios_gates_GateHwi_Object__DESC__C)
                  0000aecc    00000020     empty_min_pem4f.oem4f (.const:ti_sysbios_gates_GateMutex_Object__DESC__C)
                  0000aeec    00000020     empty_min_pem4f.oem4f (.const:ti_sysbios_heaps_HeapMem_Object__DESC__C)
                  0000af0c    00000020     empty_min_pem4f.oem4f (.const:ti_sysbios_knl_Clock_Object__DESC__C)
                  0000af2c    00000020     empty_min_pem4f.oem4f (.const:ti_sysbios_knl_Queue_Object__DESC__C)
                  0000af4c    00000020     empty_min_pem4f.oem4f (.const:ti_sysbios_knl_Semaphore_Object__DESC__C)
                  0000af6c    00000020     empty_min_pem4f.oem4f (.const:ti_sysbios_knl_Task_Object__DESC__C)
                  0000af8c    00000020     empty_min_pem4f.oem4f (.const:ti_uia_loggers_LoggerStopMode_Object__DESC__C)
                  0000afac    00000018     EK_TM4C123GXL.obj (.const:UART_config)
                  0000afc4    00000018     EK_TM4C123GXL.obj (.const:pwmTivaHWAttrs)
                  0000afdc    00000018     empty_min_pem4f.oem4f (.const:ti_sysbios_gates_GateHwi_Object__PARAMS__C)
                  0000aff4    00000018     empty_min_pem4f.oem4f (.const:ti_sysbios_gates_GateMutex_Object__PARAMS__C)
                  0000b00c    00000018     empty_min_pem4f.oem4f (.const:ti_sysbios_knl_Queue_Object__PARAMS__C)
                  0000b024    00000018     EK_TM4C123GXL.obj (.const:uartTivaHWAttrs)
                  0000b03c    00000016     empty_min.obj (.const:.string:echoPrompt)
                  0000b052    00000002     empty_min_pem4f.oem4f (.const:ti_sysbios_family_arm_lm4_TimestampProvider_useClockTimer__C)
                  0000b054    00000014     EK_TM4C123GXL.obj (.const:GPIOTiva_config)
                  0000b068    00000014     empty_min_pem4f.oem4f (.const:xdc_runtime_Startup_firstFxns__A)
                  0000b07c    00000014     empty_min_pem4f.oem4f (.const:xdc_runtime_Startup_sfxnRts__A)
                  0000b090    0000000c     empty_min.obj (.const:.string:writeDone)
                  0000b09c    0000000c     drivers_tivaware.aem4f : PWM.oem4f (.const)
                  0000b0a8    00000008     empty_min_pem4f.oem4f (.const:ti_sysbios_family_arm_m3_Hwi_excHookFuncs__A)
                  0000b0b0    00000008     empty_min_pem4f.oem4f (.const:ti_sysbios_knl_Idle_funcList__C)
                  0000b0b8    00000008     empty_min_pem4f.oem4f (.const:xdc_runtime_Startup_firstFxns__C)
                  0000b0c0    00000008     empty_min_pem4f.oem4f (.const:xdc_runtime_Startup_lastFxns__C)
                  0000b0c8    00000004     empty_min_pem4f.oem4f (.const:ti_catalog_arm_cortexm4_tiva_ce_Boot_A_mustUseEnhancedClockMode__C)
                  0000b0cc    00000004     empty_min_pem4f.oem4f (.const:ti_catalog_arm_cortexm4_tiva_ce_Boot_Module__diagsEnabled__C)
                  0000b0d0    00000004     empty_min_pem4f.oem4f (.const:ti_catalog_arm_cortexm4_tiva_ce_Boot_Module__diagsIncluded__C)
                  0000b0d4    00000004     empty_min_pem4f.oem4f (.const:ti_catalog_arm_cortexm4_tiva_ce_Boot_Module__diagsMask__C)
                  0000b0d8    00000004     empty_min_pem4f.oem4f (.const:ti_sysbios_family_arm_lm4_Timer_enableFunc__C)
                  0000b0dc    00000004     empty_min_pem4f.oem4f (.const:ti_sysbios_family_arm_lm4_Timer_numTimerDevices__C)
                  0000b0e0    00000004     empty_min_pem4f.oem4f (.const:ti_sysbios_family_arm_lm4_Timer_startupNeeded__C)
                  0000b0e4    00000004     empty_min_pem4f.oem4f (.const:ti_sysbios_family_arm_m3_Hwi_E_NMI__C)
                  0000b0e8    00000004     empty_min_pem4f.oem4f (.const:ti_sysbios_family_arm_m3_Hwi_E_alreadyDefined__C)
                  0000b0ec    00000004     empty_min_pem4f.oem4f (.const:ti_sysbios_family_arm_m3_Hwi_E_busFault__C)
                  0000b0f0    00000004     empty_min_pem4f.oem4f (.const:ti_sysbios_family_arm_m3_Hwi_E_debugMon__C)
                  0000b0f4    00000004     empty_min_pem4f.oem4f (.const:ti_sysbios_family_arm_m3_Hwi_E_hardFault__C)
                  0000b0f8    00000004     empty_min_pem4f.oem4f (.const:ti_sysbios_family_arm_m3_Hwi_E_memFault__C)
                  0000b0fc    00000004     empty_min_pem4f.oem4f (.const:ti_sysbios_family_arm_m3_Hwi_E_noIsr__C)
                  0000b100    00000004     empty_min_pem4f.oem4f (.const:ti_sysbios_family_arm_m3_Hwi_E_reserved__C)
                  0000b104    00000004     empty_min_pem4f.oem4f (.const:ti_sysbios_family_arm_m3_Hwi_E_svCall__C)
                  0000b108    00000004     empty_min_pem4f.oem4f (.const:ti_sysbios_family_arm_m3_Hwi_E_usageFault__C)
                  0000b10c    00000004     empty_min_pem4f.oem4f (.const:ti_sysbios_family_arm_m3_Hwi_NUM_INTERRUPTS__C)
                  0000b110    00000004     empty_min_pem4f.oem4f (.const:ti_sysbios_family_arm_m3_Hwi_Object__count__C)
                  0000b114    00000004     empty_min_pem4f.oem4f (.const:ti_sysbios_family_arm_m3_Hwi_ccr__C)
                  0000b118    00000004     empty_min_pem4f.oem4f (.const:ti_sysbios_family_arm_m3_Hwi_excHandlerFunc__C)
                  0000b11c    00000004     empty_min_pem4f.oem4f (.const:ti_sysbios_family_arm_m3_Hwi_excHookFuncs__C)
                  0000b120    00000004     empty_min_pem4f.oem4f (.const:ti_sysbios_family_arm_m3_Hwi_nullIsrFunc__C)
                  0000b124    00000004     empty_min_pem4f.oem4f (.const:ti_sysbios_family_arm_m3_Hwi_priGroup__C)
                  0000b128    00000004     empty_min_pem4f.oem4f (.const:ti_sysbios_family_arm_m3_TaskSupport_stackAlignment__C)
                  0000b12c    00000004     empty_min_pem4f.oem4f (.const:ti_sysbios_gates_GateMutex_Instance_State_sem__O)
                  0000b130    00000004     empty_min_pem4f.oem4f (.const:ti_sysbios_heaps_HeapMem_E_memory__C)
                  0000b134    00000004     empty_min_pem4f.oem4f (.const:ti_sysbios_heaps_HeapMem_Module__gateObj__C)
                  0000b138    00000004     empty_min_pem4f.oem4f (.const:ti_sysbios_heaps_HeapMem_Object__count__C)
                  0000b13c    00000004     empty_min_pem4f.oem4f (.const:ti_sysbios_heaps_HeapMem_reqAlign__C)
                  0000b140    00000004     empty_min_pem4f.oem4f (.const:ti_sysbios_knl_Clock_Module_State_clockQ__O)
                  0000b144    00000004     empty_min_pem4f.oem4f (.const:ti_sysbios_knl_Idle_funcList__A)
                  0000b148    00000004     empty_min_pem4f.oem4f (.const:ti_sysbios_knl_Semaphore_Instance_State_pendQ__O)
                  0000b14c    00000004     empty_min_pem4f.oem4f (.const:ti_sysbios_knl_Swi_Object__count__C)
                  0000b150    00000004     empty_min_pem4f.oem4f (.const:ti_sysbios_knl_Task_Module_State_inactiveQ__O)
                  0000b154    00000004     empty_min_pem4f.oem4f (.const:ti_sysbios_knl_Task_Object__count__C)
                  0000b158    00000004     empty_min_pem4f.oem4f (.const:ti_sysbios_knl_Task_allBlockedFunc__C)
                  0000b15c    00000004     empty_min_pem4f.oem4f (.const:ti_sysbios_knl_Task_defaultStackHeap__C)
                  0000b160    00000004     empty_min_pem4f.oem4f (.const:ti_sysbios_knl_Task_defaultStackSize__C)
                  0000b164    00000004     empty_min_pem4f.oem4f (.const:ti_sysbios_knl_Task_numConstructedTasks__C)
                  0000b168    00000004     empty_min_pem4f.oem4f (.const:ti_sysbios_utils_Load_postUpdate__C)
                  0000b16c    00000004     empty_min_pem4f.oem4f (.const:ti_sysbios_utils_Load_windowInMs__C)
                  0000b170    00000004     empty_min_pem4f.oem4f (.const:ti_uia_loggers_LoggerStopMode_Module__diagsEnabled__C)
                  0000b174    00000004     empty_min_pem4f.oem4f (.const:ti_uia_loggers_LoggerStopMode_Module__diagsIncluded__C)
                  0000b178    00000004     empty_min_pem4f.oem4f (.const:ti_uia_loggers_LoggerStopMode_Module__diagsMask__C)
                  0000b17c    00000004     empty_min_pem4f.oem4f (.const:ti_uia_loggers_LoggerStopMode_Object__count__C)
                  0000b180    00000004     empty_min_pem4f.oem4f (.const:ti_uia_runtime_ILoggerSnapshot_Interface__BASE__C)
                  0000b184    00000004     empty_min_pem4f.oem4f (.const:ti_uia_runtime_IUIATransfer_Interface__BASE__C)
                  0000b188    00000004     empty_min_pem4f.oem4f (.const:xdc_runtime_Assert_E_assertFailed__C)
                  0000b18c    00000004     empty_min_pem4f.oem4f (.const:xdc_runtime_Core_A_initializedParams__C)
                  0000b190    00000004     empty_min_pem4f.oem4f (.const:xdc_runtime_Core_Module__diagsEnabled__C)
                  0000b194    00000004     empty_min_pem4f.oem4f (.const:xdc_runtime_Core_Module__diagsIncluded__C)
                  0000b198    00000004     empty_min_pem4f.oem4f (.const:xdc_runtime_Core_Module__diagsMask__C)
                  0000b19c    00000004     empty_min_pem4f.oem4f (.const:xdc_runtime_Error_E_memory__C)
                  0000b1a0    00000004     empty_min_pem4f.oem4f (.const:xdc_runtime_Error_Module__diagsEnabled__C)
                  0000b1a4    00000004     empty_min_pem4f.oem4f (.const:xdc_runtime_Error_Module__diagsIncluded__C)
                  0000b1a8    00000004     empty_min_pem4f.oem4f (.const:xdc_runtime_Error_Module__diagsMask__C)
                  0000b1ac    00000004     empty_min_pem4f.oem4f (.const:xdc_runtime_Error_Module__loggerFxn8__C)
                  0000b1b0    00000004     empty_min_pem4f.oem4f (.const:xdc_runtime_Error_Module__loggerObj__C)
                  0000b1b4    00000004     empty_min_pem4f.oem4f (.const:xdc_runtime_Error_policyFxn__C)
                  0000b1b8    00000004     empty_min_pem4f.oem4f (.const:xdc_runtime_Error_raiseHook__C)
                  0000b1bc    00000004     empty_min_pem4f.oem4f (.const:xdc_runtime_IFilterLogger_Interface__BASE__C)
                  0000b1c0    00000004     empty_min_pem4f.oem4f (.const:xdc_runtime_IGateProvider_Interface__BASE__C)
                  0000b1c4    00000004     empty_min_pem4f.oem4f (.const:xdc_runtime_IHeap_Interface__BASE__C)
                  0000b1c8    00000004     empty_min_pem4f.oem4f (.const:xdc_runtime_ILogger_Interface__BASE__C)
                  0000b1cc    00000004     empty_min_pem4f.oem4f (.const:xdc_runtime_IModule_Interface__BASE__C)
                  0000b1d0    00000004     empty_min_pem4f.oem4f (.const:xdc_runtime_Log_L_error__C)
                  0000b1d4    00000004     empty_min_pem4f.oem4f (.const:xdc_runtime_Memory_defaultHeapInstance__C)
                  0000b1d8    00000004     empty_min_pem4f.oem4f (.const:xdc_runtime_Startup_execImpl__C)
                  0000b1dc    00000004     empty_min_pem4f.oem4f (.const:xdc_runtime_Startup_lastFxns__A)
                  0000b1e0    00000004     empty_min_pem4f.oem4f (.const:xdc_runtime_Startup_maxPasses__C)
                  0000b1e4    00000004     empty_min_pem4f.oem4f (.const:xdc_runtime_Startup_sfxnRts__C)
                  0000b1e8    00000004     empty_min_pem4f.oem4f (.const:xdc_runtime_Startup_sfxnTab__C)
                  0000b1ec    00000004     empty_min_pem4f.oem4f (.const:xdc_runtime_SysMin_bufSize__C)
                  0000b1f0    00000004     empty_min_pem4f.oem4f (.const:xdc_runtime_SysMin_outputFunc__C)
                  0000b1f4    00000004     empty_min_pem4f.oem4f (.const:xdc_runtime_System_Module__gateObj__C)
                  0000b1f8    00000004     empty_min_pem4f.oem4f (.const:xdc_runtime_System_abortFxn__C)
                  0000b1fc    00000004     empty_min_pem4f.oem4f (.const:xdc_runtime_System_exitFxn__C)
                  0000b200    00000004     empty_min_pem4f.oem4f (.const:xdc_runtime_System_extendFxn__C)
                  0000b204    00000004     empty_min_pem4f.oem4f (.const:xdc_runtime_System_maxAtexitHandlers__C)
                  0000b208    00000004     empty_min_pem4f.oem4f (.const:xdc_runtime_Text_charTab__C)
                  0000b20c    00000004     empty_min_pem4f.oem4f (.const:xdc_runtime_Text_nameEmpty__C)
                  0000b210    00000004     empty_min_pem4f.oem4f (.const:xdc_runtime_Text_nameStatic__C)
                  0000b214    00000004     empty_min_pem4f.oem4f (.const:xdc_runtime_Text_nameUnknown__C)
                  0000b218    00000004     empty_min_pem4f.oem4f (.const:xdc_runtime_Text_nodeTab__C)
                  0000b21c    00000004     empty_min_pem4f.oem4f (.const:xdc_runtime_Text_visitRopeFxn__C)
                  0000b220    00000002     empty_min_pem4f.oem4f (.const:ti_sysbios_family_arm_m3_Hwi_Module__id__C)
                  0000b222    00000002     empty_min_pem4f.oem4f (.const:ti_sysbios_heaps_HeapMem_Module__id__C)
                  0000b224    00000002     empty_min_pem4f.oem4f (.const:ti_sysbios_utils_Load_updateInIdle__C)
                  0000b226    00000002     empty_min_pem4f.oem4f (.const:ti_uia_loggers_LoggerStopMode_Module__id__C)
                  0000b228    00000002     empty_min_pem4f.oem4f (.const:ti_uia_loggers_LoggerStopMode_isTimestampEnabled__C)
                  0000b22a    00000002     empty_min_pem4f.oem4f (.const:xdc_runtime_Core_Module__id__C)
                  0000b22c    00000002     empty_min_pem4f.oem4f (.const:xdc_runtime_Error_Module__loggerDefined__C)
                  0000b22e    00000002     empty_min_pem4f.oem4f (.const:xdc_runtime_Error_maxDepth__C)
                  0000b230    00000002     empty_min_pem4f.oem4f (.const:xdc_runtime_Memory_Module__id__C)
                  0000b232    00000002     empty_min_pem4f.oem4f (.const:xdc_runtime_SysMin_flushAtExit__C)
                  0000b234    00000002     empty_min_pem4f.oem4f (.const:xdc_runtime_Text_charCnt__C)
                  0000b236    00000002     empty_min_pem4f.oem4f (.const:xdc_runtime_Text_isLoaded__C)
                  0000b238    00000002     empty_min_pem4f.oem4f (.const:xdc_runtime_Text_registryModsLastId__C)
                  0000b23a    00000002     empty_min_pem4f.oem4f (.const:xdc_runtime_Text_unnamedModsLastId__C)

.cinit     0    0000b240    00000278     
                  0000b240    00000242     (.cinit..data.load) [load image, compression = lzss]
                  0000b482    00000002     --HOLE-- [fill = 0]
                  0000b484    0000000c     (__TI_handler_table)
                  0000b490    00000008     (.cinit..bss.load) [load image, compression = zero_init]
                  0000b498    00000008     (.cinit..vecs.load) [load image, compression = zero_init]
                  0000b4a0    00000018     (__TI_cinit_table)

.init_array 
*          0    00000000    00000000     UNINITIALIZED

.resetVecs 
*          0    00000000    0000003c     
                  00000000    0000003c     empty_min_pem4f.oem4f (.resetVecs)

.bss       0    20000380    00001ab0     UNINITIALIZED
                  20000380    00000400     (.common:ti_sysbios_heaps_HeapMem_Instance_State_0_buf__A)
                  20000780    00000400     (.common:ti_uia_loggers_LoggerStopMode_Instance_State_2_packetArray__A)
                  20000b80    00000360     (.common:ti_sysbios_family_arm_m3_Hwi_dispatchTable)
                  20000ee0    00000300     (.common:task2Stack)
                  200011e0    00000200     (.common:task0Stack)
                  200013e0    00000200     (.common:task1Stack)
                  200015e0    00000020     (.common:uartTivaRingBuffer)
                  20001600    00000200     (.common:ti_uia_loggers_LoggerStopMode_Instance_State_1_packetArray__A)
                  20001800    00000120     rtsv7M4_T_le_v4SPD16_eabi.lib : trgmsg.c.obj (.bss:_CIOBUF_)
                  20001920    00000050     (.common:task0Struct)
                  20001970    00000010     (.common:pwmTivaObjects)
                  20001980    00000100     (.common:ti_uia_loggers_LoggerStopMode_Instance_State_0_packetArray__A)
                  20001a80    000000cc     (.common:uartTivaObjects)
                  20001b4c    00000090     drivers_tivaware.aem4f : GPIOTiva.oem4f (.bss:gpioCallbackInfo)
                  20001bdc    00000080     (.common:xdc_runtime_SysMin_Module_State_0_outbuf__A)
                  20001c5c    00000050     (.common:task1Struct)
                  20001cac    00000050     (.common:task2Struct)
                  20001cfc    00000004     (.common:gpioInterruptVectors)
                  20001d00    00000030     (.common:ti_uia_loggers_LoggerStopMode_Instance_State_0_hdr__A)
                  20001d30    00000024     (.common:uartParams)
                  20001d54    00000014     (.common:buffer)
                  20001d68    00000008     (.common:parmbuf)
                  20001d70    00000004     (.common:task)
                  20001d74    00000004     (.common:uart)
                  20001d78    00000004     (.common:ui32ADCValue)
                  20001d7c    00000002     (.common:adcValue)
                  20001d7e    00000002     --HOLE--
                  20001d80    00000030     (.common:ti_uia_loggers_LoggerStopMode_Instance_State_1_hdr__A)
                  20001db0    00000050     --HOLE--
                  20001e00    00000030     (.common:ti_uia_loggers_LoggerStopMode_Instance_State_2_hdr__A)

.data      0    20001e30    000005be     UNINITIALIZED
                  20001e30    0000009c     empty_min_pem4f.oem4f (.data:ti_uia_loggers_LoggerStopMode_Object__table__V)
                  20001ecc    00000098     empty_min_pem4f.oem4f (.data:ti_sysbios_utils_Load_Module__state__V)
                  20001f64    00000080     empty_min_pem4f.oem4f (.data:ti_sysbios_family_arm_lm4_Timer_Object__table__V)
                  20001fe4    00000080     empty_min_pem4f.oem4f (.data:ti_sysbios_knl_Swi_Module_State_0_readyQ__A)
                  20002064    00000080     empty_min_pem4f.oem4f (.data:ti_sysbios_knl_Task_Module_State_0_readyQ__A)
                  200020e4    00000048     empty_min_pem4f.oem4f (.data:ti_sysbios_family_arm_m3_Hwi_Object__table__V)
                  2000212c    00000044     empty_min_pem4f.oem4f (.data:ti_sysbios_knl_Task_Module__state__V)
                  20002170    00000038     empty_min_pem4f.oem4f (.data:ti_sysbios_gates_GateMutex_Object__table__V)
                  200021a8    00000034     empty_min_pem4f.oem4f (.data:ti_sysbios_family_arm_m3_Hwi_Module__state__V)
                  200021dc    00000030     empty_min_pem4f.oem4f (.data:ti_sysbios_family_arm_lm4_Timer_Module_State_0_device__A)
                  2000220c    00000030     empty_min_pem4f.oem4f (.data:ti_sysbios_knl_Swi_Object__table__V)
                  2000223c    0000002c     empty_min_pem4f.oem4f (.data:ti_sysbios_knl_Clock_Module__state__V)
                  20002268    00000024     empty_min_pem4f.oem4f (.data:ti_sysbios_BIOS_Module__state__V)
                  2000228c    0000001c     empty_min_pem4f.oem4f (.data:ti_sysbios_knl_Swi_Module__state__V)
                  200022a8    00000018     drivers_tivaware.aem4f : PWMTiva.oem4f (.data)
                  200022c0    00000018     empty_min_pem4f.oem4f (.data:ti_sysbios_family_arm_lm4_Timer_Module_State_0_handles__A)
                  200022d8    00000018     empty_min_pem4f.oem4f (.data:ti_sysbios_heaps_HeapMem_Object__table__V)
                  200022f0    00000014     EK_TM4C123GXL.obj (.data:gpioPinConfigs)
                  20002304    0000000c     empty_min_pem4f.oem4f (.data:ti_sysbios_family_arm_lm4_Timer_Module__state__V)
                  20002310    0000000c     empty_min_pem4f.oem4f (.data:ti_sysbios_knl_Task_Module__root__V)
                  2000231c    0000000c     empty_min_pem4f.oem4f (.data:ti_uia_runtime_QueueDescriptor_Module__state__V)
                  20002328    0000000c     empty_min_pem4f.oem4f (.data:xdc_runtime_SysMin_Module__state__V)
                  20002334    00000008     rtsv7M4_T_le_v4SPD16_eabi.lib : _lock.c.obj (.data:$O1$$)
                  2000233c    00000008     EK_TM4C123GXL.obj (.data:gpioCallbackFunctions)
                  20002344    00000008     ti.uia.runtime.aem4f : QueueDescriptor.oem4f (.data)
                  2000234c    00000008     empty_min_pem4f.oem4f (.data:ti_sysbios_family_arm_lm4_TimestampProvider_Module__state__V)
                  20002354    00000008     empty_min_pem4f.oem4f (.data:ti_sysbios_family_arm_m3_Hwi_Module__root__V)
                  2000235c    00000008     empty_min_pem4f.oem4f (.data:ti_sysbios_gates_GateHwi_Module__root__V)
                  20002364    00000008     empty_min_pem4f.oem4f (.data:ti_sysbios_gates_GateMutex_Module__root__V)
                  2000236c    00000008     empty_min_pem4f.oem4f (.data:ti_sysbios_heaps_HeapMem_Module__root__V)
                  20002374    00000008     empty_min_pem4f.oem4f (.data:ti_sysbios_knl_Clock_Module__root__V)
                  2000237c    00000008     empty_min_pem4f.oem4f (.data:ti_sysbios_knl_Queue_Module__root__V)
                  20002384    00000008     empty_min_pem4f.oem4f (.data:ti_sysbios_knl_Semaphore_Module__root__V)
                  2000238c    00000008     empty_min_pem4f.oem4f (.data:ti_uia_loggers_LoggerStopMode_Module__root__V)
                  20002394    00000008     empty_min_pem4f.oem4f (.data:xdc_runtime_Registry_Module__state__V)
                  2000239c    00000008     empty_min_pem4f.oem4f (.data:xdc_runtime_Startup_Module__state__V)
                  200023a4    00000008     empty_min_pem4f.oem4f (.data:xdc_runtime_System_Module_State_0_atexitHandlers__A)
                  200023ac    00000008     empty_min_pem4f.oem4f (.data:xdc_runtime_System_Module__state__V)
                  200023b4    00000005     drivers_tivaware.aem4f : GPIOTiva.oem4f (.data)
                  200023b9    00000001     --HOLE--
                  200023ba    00000002     empty_min_pem4f.oem4f (.data:ti_sysbios_family_arm_m3_Hwi_Module_State_0_excActive__A)
                  200023bc    00000004     drivers_tivaware.aem4f : PWM.oem4f (.data)
                  200023c0    00000004                            : UART.oem4f (.data)
                  200023c4    00000004     rtsv7M4_T_le_v4SPD16_eabi.lib : errno.c.obj (.data)
                  200023c8    00000004                                   : stkdepth_vars.c.obj (.data)
                  200023cc    00000004     empty_min_pem4f.oem4f (.data:ti_sysbios_family_arm_m3_Hwi_Module_State_0_excContext__A)
                  200023d0    00000004     empty_min_pem4f.oem4f (.data:ti_sysbios_family_arm_m3_Hwi_Module_State_0_excStack__A)
                  200023d4    00000004     empty_min_pem4f.oem4f (.data:ti_sysbios_gates_GateHwi_Object__table__V)
                  200023d8    00000004     empty_min_pem4f.oem4f (.data:ti_sysbios_knl_Task_Module_State_0_idleTask__A)
                  200023dc    00000004     empty_min_pem4f.oem4f (.data:ti_sysbios_utils_Load_Module_State_0_runningTask__A)
                  200023e0    00000004     empty_min_pem4f.oem4f (.data:ti_sysbios_utils_Load_Module_State_0_taskStartTime__A)
                  200023e4    00000004     empty_min_pem4f.oem4f (.data:xdc_runtime_Memory_Module__state__V)
                  200023e8    00000003     empty_min.obj (.data)
                  200023eb    00000001     --HOLE--
                  200023ec    00000002     empty_min_pem4f.oem4f (.data:xdc_runtime_Error_Module__state__V)

.stack     0    200023f0    00000300     UNINITIALIZED
                  200023f0    00000300     --HOLE--

.bootVecs 
*          0    00000000    00000008     DSECT
                  00000000    00000008     boot.aem4f : boot.oem4f (.bootVecs)

.vecs      0    20000000    00000360     UNINITIALIZED
                  20000000    00000360     empty_min_pem4f.oem4f (.vecs)

[...]
000087f1  ti_sysbios_heaps_HeapMem_isBlocking__E                            
000087f9  ti_sysbios_knl_Clock_stop__E                                      
00008801  ti_sysbios_knl_Queue_Instance_init__E                             
00008809  ti_sysbios_knl_Swi_startup__E                                     
00008811  ti_sysbios_family_arm_lm4_Timer_getPeriod__E                      
00008819  ti_sysbios_gates_GateHwi_query__E                                 
00008819  xdc_runtime_Main_Module_GateProxy_query__E                        
00008819  xdc_runtime_System_Module_GateProxy_query__E                      
00008821  ti_sysbios_BIOS_RtsGateProxy_query__E                             
00008821  ti_sysbios_gates_GateMutex_query__E                               
00008821  ti_sysbios_heaps_HeapMem_Module_GateProxy_query__E                
00008829  ti_sysbios_knl_Task_startup__E                                    
00008831  ti_sysbios_gates_GateHwi_Instance_init__E                         
00008839  ti_sysbios_knl_Clock_logTick__E                                   
0000883c  xdc_runtime_Text_charTab__A                                       
0000a7cf  xdc_runtime_Error_policy__C                                       
0000a7d0  xdc_runtime_Text_nodeTab__A                                       
0000a8d4  _ctypes_                                                          
0000a9d6  ti_catalog_arm_cortexm4_tiva_ce_Boot_Module__id__C                
0000aad4  ti_uia_loggers_LoggerStopMode_Module__FXNS__C                     
0000ac64  ti_sysbios_knl_Task_Object__PARAMS__C                             
0000aca0  ti_sysbios_family_arm_m3_Hwi_Object__PARAMS__C                    
0000acd0  UARTTiva_fxnTable                                                 
0000acf8  ti_sysbios_heaps_HeapMem_Module__FXNS__C                          
0000ad20  ti_uia_loggers_LoggerStopMode_Object__PARAMS__C                   
0000ad48  xdc_runtime_Startup_sfxnTab__A                                    
0000ad70  PWM_config                                                        
0000ad94  UART_defaultParams                                                
0000adb8  ti_sysbios_gates_GateHwi_Module__FXNS__C                          
0000addc  ti_sysbios_gates_GateMutex_Module__FXNS__C                        
0000ae00  ti_sysbios_heaps_HeapMem_Object__PARAMS__C                        
0000ae24  ti_sysbios_knl_Clock_Object__PARAMS__C                            
0000ae48  ti_sysbios_knl_Semaphore_Object__PARAMS__C                        
0000ae6c  PWMTiva_fxnTable                                                  
0000ae88  PWMTiva_MAX_PRESCALAR                                             
0000ae8a  PWMTiva_MAX_MATCH_VALUE                                           
0000ae8c  ti_sysbios_family_arm_m3_Hwi_Object__DESC__C                      
0000aeac  ti_sysbios_gates_GateHwi_Object__DESC__C                          
0000aecc  ti_sysbios_gates_GateMutex_Object__DESC__C                        
0000aeec  ti_sysbios_heaps_HeapMem_Object__DESC__C                          
0000af0c  ti_sysbios_knl_Clock_Object__DESC__C                              
0000af2c  ti_sysbios_knl_Queue_Object__DESC__C                              
0000af4c  ti_sysbios_knl_Semaphore_Object__DESC__C                          
0000af6c  ti_sysbios_knl_Task_Object__DESC__C                               
0000af8c  ti_uia_loggers_LoggerStopMode_Object__DESC__C                     
0000afac  UART_config                                                       
0000afc4  pwmTivaHWAttrs                                                    
0000afdc  ti_sysbios_gates_GateHwi_Object__PARAMS__C                        
0000aff4  ti_sysbios_gates_GateMutex_Object__PARAMS__C                      
0000b00c  ti_sysbios_knl_Queue_Object__PARAMS__C                            
0000b024  uartTivaHWAttrs                                                   
0000b03c  echoPrompt                                                        
0000b052  ti_sysbios_family_arm_lm4_TimestampProvider_useClockTimer__C      
0000b054  GPIOTiva_config                                                   
0000b068  xdc_runtime_Startup_firstFxns__A                                  
0000b07c  xdc_runtime_Startup_sfxnRts__A                                    
0000b090  writeDone                                                         
0000b09c  PWM_defaultParams                                                 
0000b0a8  ti_sysbios_family_arm_m3_Hwi_excHookFuncs__A                      
0000b0b0  ti_sysbios_knl_Idle_funcList__C                                   
0000b0b8  xdc_runtime_Startup_firstFxns__C                                  
0000b0c0  xdc_runtime_Startup_lastFxns__C                                   
0000b0c8  ti_catalog_arm_cortexm4_tiva_ce_Boot_A_mustUseEnhancedClockMode__C
0000b0cc  ti_catalog_arm_cortexm4_tiva_ce_Boot_Module__diagsEnabled__C      
0000b0d0  ti_catalog_arm_cortexm4_tiva_ce_Boot_Module__diagsIncluded__C     
0000b0d4  ti_catalog_arm_cortexm4_tiva_ce_Boot_Module__diagsMask__C         
0000b0d8  ti_sysbios_family_arm_lm4_Timer_enableFunc__C                     
0000b0dc  ti_sysbios_family_arm_lm4_Timer_numTimerDevices__C                
0000b0e0  ti_sysbios_family_arm_lm4_Timer_startupNeeded__C                  
0000b0e4  ti_sysbios_family_arm_m3_Hwi_E_NMI__C                             
0000b0e8  ti_sysbios_family_arm_m3_Hwi_E_alreadyDefined__C                  
0000b0ec  ti_sysbios_family_arm_m3_Hwi_E_busFault__C                        
0000b0f0  ti_sysbios_family_arm_m3_Hwi_E_debugMon__C                        
0000b0f4  ti_sysbios_family_arm_m3_Hwi_E_hardFault__C                       
0000b0f8  ti_sysbios_family_arm_m3_Hwi_E_memFault__C                        
0000b0fc  ti_sysbios_family_arm_m3_Hwi_E_noIsr__C                           
0000b100  ti_sysbios_family_arm_m3_Hwi_E_reserved__C                        
0000b104  ti_sysbios_family_arm_m3_Hwi_E_svCall__C                          
0000b108  ti_sysbios_family_arm_m3_Hwi_E_usageFault__C                      
0000b10c  ti_sysbios_family_arm_m3_Hwi_NUM_INTERRUPTS__C                    
0000b110  ti_sysbios_family_arm_m3_Hwi_Object__count__C                     
0000b114  ti_sysbios_family_arm_m3_Hwi_ccr__C                               
0000b118  ti_sysbios_family_arm_m3_Hwi_excHandlerFunc__C                    
0000b11c  ti_sysbios_family_arm_m3_Hwi_excHookFuncs__C                      
0000b120  ti_sysbios_family_arm_m3_Hwi_nullIsrFunc__C                       
0000b124  ti_sysbios_family_arm_m3_Hwi_priGroup__C                          
0000b128  ti_sysbios_family_arm_m3_TaskSupport_stackAlignment__C            
0000b12c  ti_sysbios_gates_GateMutex_Instance_State_sem__O                  
0000b130  ti_sysbios_heaps_HeapMem_E_memory__C                              
0000b134  ti_sysbios_heaps_HeapMem_Module__gateObj__C                       
0000b138  ti_sysbios_heaps_HeapMem_Object__count__C                         
0000b13c  ti_sysbios_heaps_HeapMem_reqAlign__C                              
0000b140  ti_sysbios_knl_Clock_Module_State_clockQ__O                       
0000b144  ti_sysbios_knl_Idle_funcList__A                                   
0000b148  ti_sysbios_knl_Semaphore_Instance_State_pendQ__O                  
0000b14c  ti_sysbios_knl_Swi_Object__count__C                               
0000b150  ti_sysbios_knl_Task_Module_State_inactiveQ__O                     
0000b154  ti_sysbios_knl_Task_Object__count__C                              
0000b158  ti_sysbios_knl_Task_allBlockedFunc__C                             
0000b15c  ti_sysbios_knl_Task_defaultStackHeap__C                           
0000b160  ti_sysbios_knl_Task_defaultStackSize__C                           
0000b164  ti_sysbios_knl_Task_numConstructedTasks__C                        
0000b168  ti_sysbios_utils_Load_postUpdate__C                               
0000b16c  ti_sysbios_utils_Load_windowInMs__C                               
0000b170  ti_uia_loggers_LoggerStopMode_Module__diagsEnabled__C             
0000b174  ti_uia_loggers_LoggerStopMode_Module__diagsIncluded__C            
0000b178  ti_uia_loggers_LoggerStopMode_Module__diagsMask__C                
0000b17c  ti_uia_loggers_LoggerStopMode_Object__count__C                    
0000b180  ti_uia_runtime_ILoggerSnapshot_Interface__BASE__C                 
0000b184  ti_uia_runtime_IUIATransfer_Interface__BASE__C                    
0000b188  xdc_runtime_Assert_E_assertFailed__C                              
0000b18c  xdc_runtime_Core_A_initializedParams__C                           
0000b190  xdc_runtime_Core_Module__diagsEnabled__C                          
0000b194  xdc_runtime_Core_Module__diagsIncluded__C                         
0000b198  xdc_runtime_Core_Module__diagsMask__C                             
0000b19c  xdc_runtime_Error_E_memory__C                                     
0000b1a0  xdc_runtime_Error_Module__diagsEnabled__C                         
0000b1a4  xdc_runtime_Error_Module__diagsIncluded__C                        
0000b1a8  xdc_runtime_Error_Module__diagsMask__C                            
0000b1ac  xdc_runtime_Error_Module__loggerFxn8__C                           
0000b1b0  xdc_runtime_Error_Module__loggerObj__C                            
0000b1b4  xdc_runtime_Error_policyFxn__C                                    
0000b1b8  xdc_runtime_Error_raiseHook__C                                    
0000b1bc  xdc_runtime_IFilterLogger_Interface__BASE__C                      
0000b1c0  xdc_runtime_IGateProvider_Interface__BASE__C                      
0000b1c4  xdc_runtime_IHeap_Interface__BASE__C                              
0000b1c8  xdc_runtime_ILogger_Interface__BASE__C                            
0000b1cc  xdc_runtime_IModule_Interface__BASE__C                            
0000b1d0  xdc_runtime_Log_L_error__C                                        
0000b1d4  xdc_runtime_Memory_defaultHeapInstance__C                         
0000b1d8  xdc_runtime_Startup_execImpl__C                                   
0000b1dc  xdc_runtime_Startup_lastFxns__A                                   
0000b1e0  xdc_runtime_Startup_maxPasses__C                                  
0000b1e4  xdc_runtime_Startup_sfxnRts__C                                    
0000b1e8  xdc_runtime_Startup_sfxnTab__C                                    
0000b1ec  xdc_runtime_SysMin_bufSize__C                                     
0000b1f0  xdc_runtime_SysMin_outputFunc__C                                  
0000b1f4  xdc_runtime_System_Module__gateObj__C                             
0000b1f8  xdc_runtime_System_abortFxn__C                                    
0000b1fc  xdc_runtime_System_exitFxn__C                                     
0000b200  xdc_runtime_System_extendFxn__C                                   
0000b204  xdc_runtime_System_maxAtexitHandlers__C                           
0000b208  xdc_runtime_Text_charTab__C                                       
0000b20c  xdc_runtime_Text_nameEmpty__C                                     
0000b210  xdc_runtime_Text_nameStatic__C                                    
0000b214  xdc_runtime_Text_nameUnknown__C                                   
0000b218  xdc_runtime_Text_nodeTab__C                                       
0000b21c  xdc_runtime_Text_visitRopeFxn__C                                  
0000b220  ti_sysbios_family_arm_m3_Hwi_Module__id__C                        
0000b222  ti_sysbios_heaps_HeapMem_Module__id__C                            
0000b224  ti_sysbios_utils_Load_updateInIdle__C                             
0000b226  ti_uia_loggers_LoggerStopMode_Module__id__C                       
0000b228  ti_uia_loggers_LoggerStopMode_isTimestampEnabled__C               
0000b22a  xdc_runtime_Core_Module__id__C                                    
0000b22c  xdc_runtime_Error_Module__loggerDefined__C                        
0000b22e  xdc_runtime_Error_maxDepth__C                                     
0000b230  xdc_runtime_Memory_Module__id__C                                  
0000b232  xdc_runtime_SysMin_flushAtExit__C                                 
0000b234  xdc_runtime_Text_charCnt__C                                       
0000b236  xdc_runtime_Text_isLoaded__C                                      
0000b238  xdc_runtime_Text_registryModsLastId__C                            
0000b23a  xdc_runtime_Text_unnamedModsLastId__C                             
0000b240  __TI_static_base__                                                
0000b484  __TI_Handler_Table_Base                                           
0000b490  __TI_Handler_Table_Limit                                          
0000b4a0  __TI_CINIT_Base                                                   
0000b4b8  __TI_CINIT_Limit                                                  
20000000  __start___llvm_prf_cnts                                           
20000000  __stop___llvm_prf_cnts                                            
20000000  ti_sysbios_family_arm_m3_Hwi_ramVectors                           
20000380  ti_sysbios_heaps_HeapMem_Instance_State_0_buf__A                  
20000780  ti_uia_loggers_LoggerStopMode_Instance_State_2_packetArray__A     
20000b80  ti_sysbios_family_arm_m3_Hwi_dispatchTable                        
20000ee0  task2Stack                                                        
200011e0  task0Stack                                                        
200013e0  task1Stack                                                        
200015e0  uartTivaRingBuffer                                                
20001600  ti_uia_loggers_LoggerStopMode_Instance_State_1_packetArray__A     
20001800  __CIOBUF_                                                         
20001920  task0Struct                                                       
20001970  pwmTivaObjects                                                    
20001980  ti_uia_loggers_LoggerStopMode_Instance_State_0_packetArray__A     
20001a80  uartTivaObjects                                                   
20001bdc  xdc_runtime_SysMin_Module_State_0_outbuf__A                       
20001c5c  task1Struct                                                       
20001cac  task2Struct                                                       
20001d00  ti_uia_loggers_LoggerStopMode_Instance_State_0_hdr__A             
20001d30  uartParams                                                        
20001d54  buffer                                                            
20001d68  parmbuf                                                           
20001d70  task                                                              
20001d74  uart                                                              
20001d78  ui32ADCValue                                                      
20001d7c  adcValue                                                          
20001d80  ti_uia_loggers_LoggerStopMode_Instance_State_1_hdr__A             
20001e00  ti_uia_loggers_LoggerStopMode_Instance_State_2_hdr__A             
20001e30  ti_uia_loggers_LoggerStopMode_Object__table__V                    
20001ecc  ti_sysbios_utils_Load_Module__state__V                            
20001f64  ti_sysbios_family_arm_lm4_Timer_Object__table__V                  
20001fe4  ti_sysbios_knl_Swi_Module_State_0_readyQ__A                       
20002064  ti_sysbios_knl_Task_Module_State_0_readyQ__A                      
200020e4  ti_sysbios_family_arm_m3_Hwi_Object__table__V                     
2000212c  ti_sysbios_knl_Task_Module__state__V                              
20002170  ti_sysbios_gates_GateMutex_Object__table__V                       
200021a8  ti_sysbios_family_arm_m3_Hwi_Module__state__V                     
200021dc  ti_sysbios_family_arm_lm4_Timer_Module_State_0_device__A          
2000220c  ti_sysbios_knl_Swi_Object__table__V                               
2000223c  ti_sysbios_knl_Clock_Module__state__V                             
20002268  ti_sysbios_BIOS_Module__state__V                                  
2000228c  ti_sysbios_knl_Swi_Module__state__V                               
200022c0  ti_sysbios_family_arm_lm4_Timer_Module_State_0_handles__A         
200022d8  ti_sysbios_heaps_HeapMem_Object__table__V                         
200022f0  gpioPinConfigs                                                    
20002304  ti_sysbios_family_arm_lm4_Timer_Module__state__V                  
20002310  ti_sysbios_knl_Task_Module__root__V                               
2000231c  ti_uia_runtime_QueueDescriptor_Module__state__V                   
20002328  xdc_runtime_SysMin_Module__state__V                               
20002334  _lock                                                             
20002338  _unlock                                                           
2000233c  gpioCallbackFunctions                                             
20002344  ti_uia_runtime_QueueDescriptor_gPtrToFirstDescriptor              
20002348  ti_uia_runtime_QueueDescriptor_gUpdateCount                       
2000234c  ti_sysbios_family_arm_lm4_TimestampProvider_Module__state__V      
20002354  ti_sysbios_family_arm_m3_Hwi_Module__root__V                      
2000235c  ti_sysbios_gates_GateHwi_Module__root__V                          
20002364  ti_sysbios_gates_GateMutex_Module__root__V                        
2000236c  ti_sysbios_heaps_HeapMem_Module__root__V                          
20002374  ti_sysbios_knl_Clock_Module__root__V                              
2000237c  ti_sysbios_knl_Queue_Module__root__V                              
20002384  ti_sysbios_knl_Semaphore_Module__root__V                          
2000238c  ti_uia_loggers_LoggerStopMode_Module__root__V                     
20002394  xdc_runtime_Registry_Module__state__V                             
2000239c  xdc_runtime_Startup_Module__state__V                              
200023a4  xdc_runtime_System_Module_State_0_atexitHandlers__A               
200023ac  xdc_runtime_System_Module__state__V                               
200023ba  ti_sysbios_family_arm_m3_Hwi_Module_State_0_excActive__A          
200023c4  errno                                                             
200023c8  main_func_sp                                                      
200023cc  ti_sysbios_family_arm_m3_Hwi_Module_State_0_excContext__A         
200023d0  ti_sysbios_family_arm_m3_Hwi_Module_State_0_excStack__A           
200023d4  ti_sysbios_gates_GateHwi_Object__table__V                         
200023d8  ti_sysbios_knl_Task_Module_State_0_idleTask__A                    
200023dc  ti_sysbios_utils_Load_Module_State_0_runningTask__A               
200023e0  ti_sysbios_utils_Load_Module_State_0_taskStartTime__A             
200023e4  xdc_runtime_Memory_Module__state__V                               
200023e8  duty                                                              
200023ea  counter                                                           
200023ec  xdc_runtime_Error_Module__state__V                                
200023f0  __stack                                                           
200026f0  __STACK_END                                                       
e000e000  ti_sysbios_family_arm_m3_Hwi_nvic                                 
ffffffff  __TI_pprof_out_hndl                                               
ffffffff  __TI_prof_data_size                                               
ffffffff  __TI_prof_data_start                                              
ffffffff  __binit__                                                         
ffffffff  __c_args__                                                        
ffffffff  binit                                                             
UNDEFED   SHT$$INIT_ARRAY$$Base                                             
UNDEFED   SHT$$INIT_ARRAY$$Limit                                            

[740 symbols]
