******************************************************************************
                  TI ARM Linker PC v20.2.1                     
******************************************************************************
>> Linked Tue Nov 24 21:17:21 2020

OUTPUT FILE NAME:   <collector_CC1352R1_LAUNCHXL_tirtos_ccs.out>
ENTRY POINT SYMBOL: "ResetISR"  address: 00011b3d


MEMORY CONFIGURATION

         name            origin    length      used     unused   attr    fill
----------------------  --------  ---------  --------  --------  ----  --------
  FLASH                 00000000   0004e000  00016d50  000372b0  R  X
  FLASH_NV              0004e000   00008000  00008000  00000000  RW X
  FLASH_LAST            00056000   00002000  00002000  00000000  R  X
  SRAM                  20000000   00014000  000044ad  0000fb53  RW X


SEGMENT ALLOCATION MAP

run origin  load origin   length   init length attrs members
----------  ----------- ---------- ----------- ----- -------
00000000    00000000    00016d50   00016d50    r-x
  00000000    00000000    0000003c   0000003c    r-- .resetVecs
  0000003c    0000003c    000020c4   000020c4    r-- .const
  00002100    00002100    00014778   00014778    r-x .text.1
  00016878    00016878    000004d8   000004d8    r-- .cinit
0004e000    0004e000    00008000   00000000    rw-
  0004e000    0004e000    00008000   00000000    rw- .TI.bound:flashBuf0
00056000    00056000    00002000   00002000    r-x
  00056000    00056000    00001fa8   00001fa8    r-x .text.2
  00057fa8    00057fa8    00000058   00000058    r-- .ccfg
20000100    20000100    00003e79   00000000    rw-
  20000100    20000100    00000004   00000000    rw- .data:xdcRomConstPtr
  20000104    20000104    00000004   00000000    rw- .data:xdcRomExternFuncPtr
  20000108    20000108    00000004   00000000    rw- .data:xdcRomStatePtr
  2000010c    2000010c    00000010   00000000    rw- .data:RAM_MAC_BASE_ADDR
  20000120    20000120    000028f1   00000000    rw- .data
  20002a18    20002a18    00001561   00000000    rw- .bss
20013aa0    20013aa0    00000560   00000000    rw-
  20013aa0    20013aa0    00000560   00000000    rw- .stack


SECTION ALLOCATION MAP

 output                                  attributes/
section   page    origin      length       input sections
--------  ----  ----------  ----------   ----------------
.const     0    0000003c    000020c4     
                  0000003c    00000568     maclib_secure_cc13x2.a : hmac_rom_init.obj (.const:HMAC_ROM_Flash_JT)
                  000005a4    000003b8     app_pem4f.oem4f (.const:ROM_constStruct)
                  0000095c    00000258     maclib_secure_cc13x2.a : fh_rom_init.obj (.const:FH_ROM_Flash_JT)
                  00000bb4    000001f0     rf_multiMode_cc13x2.aem4f : rf_patch_cpe_prop.c.cc13x2.ccs.o (.const:patchImageProp)
                  00000da4    00000188     <whole-program> (.const:.string)
                  00000f2c    00000101     rtsv7M4_T_le_v4SPD16_eabi.lib : ctype.c.obj (.const:.string:_ctypes_)
                  0000102d    00000100     crc.obj (.const:.string:crc_table$13)
                  0000112d    000000fa     maclib_secure_cc13x2.a : fh_global.obj (.const:FH_stateMatrix)
                  00001227    000000f8     mac_cfg.obj (.const:macPibTbl)
                  0000131f    00000001     ti_drivers_config.obj (.const:aesccmCC26XXHWAttrs)
                  00001320    000000cc     maclib_secure_cc13x2.a : lmac_rom_init.obj (.const:LMAC_ROM_Flash_JT)
                  000013ec    000000ac     ti_radio_config.obj (.const:$O3$$)
                  00001498    0000008c     mac_cfg.obj (.const:FHPIB_defaults)
                  00001524    00000088     mac_cfg.obj (.const:macPibDefaults)
                  000015ac    00000080     drivers_cc13x2.a : Random.oem4f (.const:$P$T0$1)
                  0000162c    00000078     cllc.obj (.const:$O8$$)
                  000016a4    00000072     maclib_secure_cc13x2.a : hmac_global.obj (.const:macAssociatingSt)
                  00001716    00000072                            : hmac_global.obj (.const:macIdleSt)
                  00001788    00000072                            : hmac_global.obj (.const:macPollingSt)
                  000017fa    00000072                            : hmac_global.obj (.const:macScanningSt)
                  0000186c    00000072                            : hmac_global.obj (.const:macStartingSt)
                  000018de    00000002     ti_drivers_config.obj (.const:ButtonHWAttrs)
                  000018e0    0000006c     maclib_secure_cc13x2.a : icall_osal_rom_init.obj (.const:ICALL_OSAL_ROM_Flash_JT)
                  0000194c    0000006c     mac_user_config.obj (.const:macRfDriverTable)
                  000019b8    00000058     mac_cfg.obj (.const:macSecurityPibTbl)
                  00001a10    00000054     drivers_cc13x2.a : PowerCC26X2.oem4f (.const:resourceDB)
                  00001a64    00000050     mac_cfg.obj (.const:macMRFSKStdPhyTable)
                  00001ab4    00000048     app_pem4f.oem4f (.const:.string)
                  00001afc    00000048     app_pem4f.oem4f (.const:ROM_externFuncPtrs)
                  00001b44    00000040     mac_user_config.obj (.const:macCryptoDriverTable)
                  00001b84    00000040     maclib_secure_cc13x2.a : hmac_global.obj (.const:macTimerRolloverValue)
                  00001bc4    00000038     ti_drivers_config.obj (.const:$O1$$)
                  00001bfc    00000038     maclib_secure_cc13x2.a : hmac_global.obj (.const:macCmdIncludeFHIe)
                  00001c34    00000028     drivers_cc13x2.a : NVSCC26XX.oem4f (.const:NVSCC26XX_fxnTable)
                  00001c5c    00000028                      : UARTCC26XX.oem4f (.const:UARTCC26XX_fxnTable)
                  00001c84    00000028     app_pem4f.oem4f (.const:ti_sysbios_heaps_HeapCallback_Module__FXNS__C)
                  00001cac    00000028     ti_drivers_config.obj (.const:uartCC26XXHWAttrs)
                  00001cd4    00000028     app_pem4f.oem4f (.const:xdc_runtime_Startup_sfxnTab__A)
                  00001cfc    00000024     cui.obj (.const:$O10$$)
                  00001d20    00000024     drivers_cc13x2.a : UART.oem4f (.const:UART_defaultParams)
                  00001d44    00000024     app_pem4f.oem4f (.const:ti_sysbios_gates_GateMutexPri_Module__FXNS__C)
                  00001d68    00000020     mac_user_config.obj (.const:$P$T0$1$12)
                  00001d88    00000020     rf_multiMode_cc13x2.aem4f : RFCC26X2_multiMode.c.cc13x2.ccs.o (.const:RF_defaultParams)
                  00001da8    00000020     cllc.obj (.const:keyDeviceList$5)
                  00001dc8    00000020     app_pem4f.oem4f (.const:ti_sysbios_gates_GateMutexPri_Object__DESC__C)
                  00001de8    00000020     app_pem4f.oem4f (.const:ti_sysbios_heaps_HeapCallback_Object__DESC__C)
                  00001e08    0000001c     CC1352R1_LAUNCHXL_fxns.obj (.const:$O1$$)
                  00001e24    0000001c     app_pem4f.oem4f (.const:ti_sysbios_heaps_HeapCallback_Object__PARAMS__C)
                  00001e40    00000018     csf.obj (.const:$O6$$)
                  00001e58    00000018     drivers_cc13x2.a : PWM.oem4f (.const:PWM_defaultParams)
                  00001e70    00000018                      : GPIOCC26XX.oem4f (.const:interruptType)
                  00001e88    00000018     maclib_secure_cc13x2.a : hmac_global.obj (.const:macSendMsgBufSize)
                  00001ea0    00000018     app_pem4f.oem4f (.const:ti_sysbios_gates_GateMutexPri_Object__PARAMS__C)
                  00001eb8    00000014     ti_drivers_config.obj (.const:GPIOCC26XX_config)
                  00001ecc    00000014     ti_drivers_config.obj (.const:PowerCC26X2_config)
                  00001ee0    00000014     drivers_cc13x2.a : UARTCC26XX.oem4f (.const:parityType)
                  00001ef4    00000014     app_pem4f.oem4f (.const:xdc_runtime_Startup_sfxnRts__A)
                  00001f08    00000013     macTask.obj (.const:.string:msacbackSizeTable)
                  00001f1b    00000011     ti_drivers_config.obj (.const)
                  00001f2c    00000010     drivers_cc13x2.a : AESCCM.oem4f (.const:AESCCM_defaultParams)
                  00001f3c    00000010     ti_drivers_config.obj (.const:Button_config)
                  00001f4c    00000010     drivers_cc13x2.a : Button.oem4f (.const:Button_defaultParams)
                  00001f5c    00000010     ti_drivers_config.obj (.const:LED_config)
                  00001f6c    00000010     drivers_cc13x2.a : TRNG.oem4f (.const:TRNG_defaultParams)
                  00001f7c    00000010                      : UARTCC26XX.oem4f (.const:dataLength)
                  00001f8c    00000010     maclib_secure_cc13x2.a : hmac_global.obj (.const:macIEEEPhyTable)
                  00001f9c    00000010     drivers_cc13x2.a : GPIOCC26XX.oem4f (.const:outPinTypes)
                  00001fac    0000000e     maclib_secure_cc13x2.a : hmac_global.obj (.const:.string:macCmdBufSize)
                  00001fba    0000000e                            : hmac_global.obj (.const:.string:macTxFrameFailed)
                  00001fc8    0000000e                            : hmac_global.obj (.const:.string:macTxFrameSuccess)
                  00001fd6    00000002     cllc.obj (.const:keyUsageList$5)
                  00001fd8    0000000c     drivers_cc13x2.a : Random.oem4f (.const:$P$T1$2)
                  00001fe4    0000000c     maclib_secure_cc13x2.a : hmac_global.obj (.const:.string:macCbackEventTbl)
                  00001ff0    0000000c                            : hmac_global.obj (.const:.string:macSendMsgDataSize)
                  00001ffc    0000000c     ti_drivers_config.obj (.const:NVS_config)
                  00002008    0000000c     ti_drivers_config.obj (.const:RFCC26XX_hwAttrs)
                  00002014    0000000c     ti_drivers_config.obj (.const:UART_config)
                  00002020    0000000c     drivers_cc13x2.a : GPIOCC26XX.oem4f (.const:inPinTypes)
                  0000202c    0000000c                      : GPIOCC26XX.oem4f (.const:outPinStrengths)
                  00002038    0000000c     app_pem4f.oem4f (.const:xdc_runtime_Startup_firstFxns__A)
                  00002044    00000009     maclib_secure_cc13x2.a : hmac_global.obj (.const:.string:macCmdLen)
                  0000204d    00000001     app_pem4f.oem4f (.const:xdc_runtime_Text_charTab__A)
                  0000204e    00000002     --HOLE-- [fill = 0]
                  00002050    00000008     maclib_secure_cc13x2.a : mac_rx.obj (.const:$O21$$)
                  00002058    00000008     driverlib.lib : aux_sysif.obj (.const:$O29$$)
                  00002060    00000008     main.obj (.const:.string:dummyExtAddr$7)
                  00002068    00000008     maclib_secure_cc13x2.a : fh_global.obj (.const:.string:fhSupFrameTypes)
                  00002070    00000008                            : hmac_global.obj (.const:.string:macAuthTagLen)
                  00002078    00000008     ti_drivers_config.obj (.const:AESCCM_config)
                  00002080    00000008     drivers_cc13x2.a : LED.oem4f (.const:LED_defaultParams)
                  00002088    00000008     ti_drivers_config.obj (.const:PINCC26XX_hwAttrs)
                  00002090    00000008     rf_multiMode_cc13x2.aem4f : RFCC26X2_multiMode.c.cc13x2.ccs.o (.const:RFCC26XX_schedulerPolicy)
                  00002098    00000008     ti_drivers_config.obj (.const:nvsCC26XXHWAttrs)
                  000020a0    00000008     drivers_cc13x2.a : UARTCC26XX.oem4f (.const:stopBits)
                  000020a8    00000008     app_pem4f.oem4f (.const:ti_sysbios_family_arm_m3_Hwi_excHookFuncs__A)
                  000020b0    00000006     drivers_cc13x2.a : UARTCC26XX.oem4f (.const:.string:rxFifoBytes)
                  000020b6    00000006                      : UARTCC26XX.oem4f (.const:.string:rxFifoThreshold)
                  000020bc    00000006                      : UARTCC26XX.oem4f (.const:.string:txFifoBytes)
                  000020c2    00000006                      : UARTCC26XX.oem4f (.const:.string:txFifoThreshold)
                  000020c8    00000004     maclib_secure_cc13x2.a : hmac_global.obj (.const:.string:macKeySourceLen)
                  000020cc    00000004     ti_drivers_config.obj (.const:LEDHWAttrs)
                  000020d0    00000004     drivers_cc13x2.a : NVS.oem4f (.const:NVS_defaultParams)
                  000020d4    00000004     app_pem4f.oem4f (.const:ti_sysbios_gates_GateMutexPri_Instance_State_pendQ__O)
                  000020d8    00000004     app_pem4f.oem4f (.const:ti_sysbios_heaps_HeapCallback_Object__count__C)
                  000020dc    00000004     app_pem4f.oem4f (.const:ti_sysbios_heaps_HeapCallback_allocInstFxn__C)
                  000020e0    00000004     app_pem4f.oem4f (.const:ti_sysbios_heaps_HeapCallback_createInstFxn__C)
                  000020e4    00000004     app_pem4f.oem4f (.const:ti_sysbios_heaps_HeapCallback_deleteInstFxn__C)
                  000020e8    00000004     app_pem4f.oem4f (.const:ti_sysbios_heaps_HeapCallback_freeInstFxn__C)
                  000020ec    00000004     app_pem4f.oem4f (.const:ti_sysbios_heaps_HeapCallback_getStatsInstFxn__C)
                  000020f0    00000004     app_pem4f.oem4f (.const:ti_sysbios_heaps_HeapCallback_initInstFxn__C)
                  000020f4    00000004     app_pem4f.oem4f (.const:ti_sysbios_heaps_HeapCallback_isBlockingInstFxn__C)
                  000020f8    00000004     app_pem4f.oem4f (.const:ti_sysbios_knl_Clock_tickPeriod__C)
                  000020fc    00000004     app_pem4f.oem4f (.const:ti_sysbios_knl_Idle_funcList__A)

.cinit     0    00016878    000004d8     
                  00016878    0000046f     (.cinit..data.load) [load image, compression = lzss]
                  00016ce7    00000001     --HOLE-- [fill = 0]
                  00016ce8    0000000c     (__TI_handler_table)
                  00016cf4    00000004     --HOLE-- [fill = 0]
                  00016cf8    00000008     (.cinit..bss.load) [load image, compression = zero_init]
                  00016d00    00000008     (.cinit..data:RAM_MAC_BASE_ADDR.load) [load image, compression = zero_init]
                  00016d08    00000008     (.cinit..data:xdcRomConstPtr.load) [load image, compression = lzss]
                  00016d10    00000008     (.cinit..data:xdcRomExternFuncPtr.load) [load image, compression = lzss]
                  00016d18    00000008     (.cinit..data:xdcRomStatePtr.load) [load image, compression = lzss]
                  00016d20    00000030     (__TI_cinit_table)

.init_array 
*          0    00000000    00000000     UNINITIALIZED

.TI.bound:flashBuf0 
*          0    0004e000    00008000     UNINITIALIZED
                  0004e000    00008000     ti_drivers_config.obj (.TI.bound:flashBuf0)

.ccfg      0    00057fa8    00000058     
                  00057fa8    00000058     ti_devices_config.obj (.ccfg:retain)

.data:xdcRomConstPtr 
*          0    20000100    00000004     UNINITIALIZED
                  20000100    00000004     app_pem4f.oem4f (.data:xdcRomConstPtr)

.data:xdcRomExternFuncPtr 
*          0    20000104    00000004     UNINITIALIZED
                  20000104    00000004     app_pem4f.oem4f (.data:xdcRomExternFuncPtr)

.data:xdcRomStatePtr 
*          0    20000108    00000004     UNINITIALIZED
                  20000108    00000004     app_pem4f.oem4f (.data:xdcRomStatePtr)

.data      0    20000120    000028f1     UNINITIALIZED
                  20000120    000008c4     macTask.obj (.data:$O13$$)
                  200009e4    000006c4     main.obj (.data:$O11$$)
                  200010a8    00000504     cui.obj (.data:$O9$$)
                  200015ac    00000338     cllc.obj (.data:$O7$$)
                  200018e4    000001b4     csf.obj (.data:$O5$$)
                  20001a98    000001b0     mac_settings.obj (.data:$O14$$)
                  20001c48    0000018c     maclib_osal_tirtos_cc13x2_26x2.a : osal_port.obj (.data:$O25$$)
                  20001dd4    00000170     drivers_cc13x2.a : PowerCC26X2.oem4f (.data:PowerCC26X2_module)
                  20001f44    0000010c     app_pem4f.oem4f (.data:ROM_stateStruct)
                  20002050    000000c4     collector.obj (.data:$O4$$)
                  20002114    00000004     maclib_secure_cc13x2.a : mac_autopend.obj (.data:$O18$$)
                  20002118    000000a8                            : mac.obj (.data:$O17$$)
                  200021c0    000000a0     mac_cfg.obj (.data:macMRFSKGenPhyTable)
                  20002260    00000078     nvocmp.obj (.data:$O15$$)
                  200022d8    00000074     ti_radio_config.obj (.data:$O2$$)
                  2000234c    0000006c     maclib_secure_cc13x2.a : hmac_global.obj (.data:fhObject)
                  200023b8    00000058     csf.obj (.data:appSubMenu)
                  20002410    00000054     maclib_secure_cc13x2.a : fh_global.obj (.data:FHIE_channelPlan)
                  20002464    0000004c     app_pem4f.oem4f (.data:ti_sysbios_knl_Task_Object__table__V)
                  200024b0    00000048     app_pem4f.oem4f (.data:ti_sysbios_family_arm_cc26xx_Timer_Object__table__V)
                  200024f8    00000040     maclib_secure_cc13x2.a : mac_radio.obj (.data:$O19$$)
                  20002538    00000040     csf.obj (.data:commissionSubMenu)
                  20002578    00000040     csf.obj (.data:configureSubMenu)
                  200025b8    00000040     csf.obj (.data:csfMainMenu)
                  200025f8    00000038     app_pem4f.oem4f (.data:ti_sysbios_gates_GateMutex_Object__table__V)
                  20002630    00000034     api_mac.obj (.data:$O12$$)
                  20002664    00000034     maclib_secure_cc13x2.a : hmac_global.obj (.data:macBeaconPayload)
                  20002698    00000030                            : hmac_global.obj (.data)
                  200026c8    00000030     app_pem4f.oem4f (.data:ti_sysbios_knl_Swi_Module_State_0_readyQ__A)
                  200026f8    00000030     app_pem4f.oem4f (.data:ti_sysbios_knl_Swi_Object__table__V)
                  20002728    00000030     app_pem4f.oem4f (.data:ti_sysbios_knl_Task_Module_State_0_readyQ__A)
                  20002758    00000028     maclib_secure_cc13x2.a : mac_symbol_timer.obj (.data:$O22$$)
                  20002780    00000028     ti_radio_config.obj (.data:pOverrides_2gfsk50kbps154g)
                  200027a8    00000024     maclib_secure_cc13x2.a : mac_tx.obj (.data:$O23$$)
                  200027cc    00000024     driverlib.lib : osc.obj (.data:$O27$$)
                  200027f0    00000024     maclib_secure_cc13x2.a : hmac_global.obj (.data:macActionSet)
                  20002814    00000004     drivers_cc13x2.a : GPIOCC26XX.oem4f (.data:gpioPinTable)
                  20002818    00000020                      : TRNGCC26XX.oem4f (.data:entropyPoolBuffer)
                  20002838    00000020     mac_cfg.obj (.data:macBeaconMargin)
                  20002858    00000020     app_pem4f.oem4f (.data:ti_sysbios_knl_Clock_Object__table__V)
                  20002878    00000020     app_pem4f.oem4f (.data:xdc_runtime_Error_IgnoreBlock)
                  20002898    00000018     app_pem4f.oem4f (.data:ti_sysbios_family_arm_m3_Hwi_Object__table__V)
                  200028b0    00000014     maclib_secure_cc13x2.a : mac_radio_tx.obj (.data:$O24$$)
                  200028c4    00000014                            : hmac_global.obj (.data:macStateTbl)
                  200028d8    00000010     maclib_osal_tirtos_cc13x2_26x2.a : osal_port_timers.obj (.data:$O26$$)
                  200028e8    00000010     ti_drivers_config.obj (.data:gpioCallbackFunctions)
                  200028f8    00000010     ti_drivers_config.obj (.data:gpioPinConfigs)
                  20002908    00000010     mac_cfg.obj (.data:macCfg)
                  20002918    0000000f     maclib_secure_cc13x2.a : mac.obj (.data)
                  20002927    00000001     drivers_cc13x2.a : AESCCMCC26XX.oem4f (.data)
                  20002928    0000000c     maclib_secure_cc13x2.a : mac_hl_patch.obj (.data:$O16$$)
                  20002934    0000000c                            : fh_global.obj (.data:FH_FSM)
                  20002940    0000000c     app_pem4f.oem4f (.data:ti_sysbios_heaps_HeapCallback_Object__table__V)
                  2000294c    00000008     rtsv7M4_T_le_v4SPD16_eabi.lib : _lock.c.obj (.data:$O30$$)
                  20002954    00000008     maclib_secure_cc13x2.a : fh_global.obj (.data:FH_txTiming)
                  2000295c    00000008     drivers_cc13x2.a : PINCC26XX.oem4f (.data)
                  20002964    00000008                      : TRNGCC26XX.oem4f (.data:jobList)
                  2000296c    00000008     app_pem4f.oem4f (.data:ti_sysbios_family_arm_m3_Hwi_Module__root__V)
                  20002974    00000008     app_pem4f.oem4f (.data:ti_sysbios_gates_GateHwi_Module__root__V)
                  2000297c    00000008     app_pem4f.oem4f (.data:ti_sysbios_gates_GateMutexPri_Module__root__V)
                  20002984    00000008     app_pem4f.oem4f (.data:ti_sysbios_gates_GateMutex_Module__root__V)
                  2000298c    00000008     app_pem4f.oem4f (.data:ti_sysbios_hal_Hwi_Module__root__V)
                  20002994    00000008     app_pem4f.oem4f (.data:ti_sysbios_heaps_HeapCallback_Module__root__V)
                  2000299c    00000008     app_pem4f.oem4f (.data:ti_sysbios_heaps_HeapMem_Module__root__V)
                  200029a4    00000008     app_pem4f.oem4f (.data:ti_sysbios_knl_Clock_Module__root__V)
                  200029ac    00000008     app_pem4f.oem4f (.data:ti_sysbios_knl_Event_Module__root__V)
                  200029b4    00000008     app_pem4f.oem4f (.data:ti_sysbios_knl_Mailbox_Module__root__V)
                  200029bc    00000008     app_pem4f.oem4f (.data:ti_sysbios_knl_Queue_Module__root__V)
                  200029c4    00000008     app_pem4f.oem4f (.data:ti_sysbios_knl_Semaphore_Module__root__V)
                  200029cc    00000008     app_pem4f.oem4f (.data:ti_sysbios_knl_Swi_Module__root__V)
                  200029d4    00000008     app_pem4f.oem4f (.data:ti_sysbios_knl_Task_Module__root__V)
                  200029dc    00000005     drivers_cc13x2.a : GPIOCC26XX.oem4f (.data)
                  200029e1    00000001                      : NVS.oem4f (.data)
                  200029e2    00000005                      : TemperatureCC26X2.oem4f (.data)
                  200029e7    00000004     maclib_secure_cc13x2.a : fh_global.obj (.data:macAddrSize)
                  200029eb    00000001     drivers_cc13x2.a : PWM.oem4f (.data)
                  200029ec    00000004     maclib_osal_tirtos_cc13x2_26x2.a : osal_port.obj (.data)
                  200029f0    00000004     maclib_secure_cc13x2.a : lmac_global.obj (.data)
                  200029f4    00000004     rtsv7M4_T_le_v4SPD16_eabi.lib : errno.c.obj (.data)
                  200029f8    00000004                                   : stkdepth_vars.c.obj (.data)
                  200029fc    00000004     app_pem4f.oem4f (.data:ti_sysbios_family_arm_m3_Hwi_Module_State_0_excContext__A)
                  20002a00    00000004     app_pem4f.oem4f (.data:ti_sysbios_family_arm_m3_Hwi_Module_State_0_excStack__A)
                  20002a04    00000004     app_pem4f.oem4f (.data:ti_sysbios_knl_Task_Module_State_0_idleTask__A)
                  20002a08    00000002     drivers_cc13x2.a : CryptoResourceCC26XX.oem4f (.data)
                  20002a0a    00000002                      : TRNGCC26XX.oem4f (.data)
                  20002a0c    00000002     app_pem4f.oem4f (.data:ti_sysbios_family_arm_m3_Hwi_Module_State_0_excActive__A)
                  20002a0e    00000001     drivers_cc13x2.a : UART.oem4f (.data)
                  20002a0f    00000001     maclib_secure_cc13x2.a : mac_sleep.obj (.data)
                  20002a10    00000001     rf_multiMode_cc13x2.aem4f : rf_patch_cpe_prop.c.cc13x2.ccs.o (.data)

.bss       0    20002a18    00001561     UNINITIALIZED
                  20002a18    000004f0     rf_multiMode_cc13x2.aem4f : RFCC26X2_multiMode.c.cc13x2.ccs.o (.bss:$O1$$)
                  20002f08    00000200     app_pem4f.oem4f (.bss:taskStackSection)
                  20003108    000001b4     (.common:uartCC26XXObjects)
                  200032bc    000000fc     (.common:enhancedAckBuf)
                  200033b8    000000f8     maclib_secure_cc13x2.a : mac_radio.obj (.bss:RF_object$20)
                  200034b0    000000d8     (.common:ti_sysbios_family_arm_m3_Hwi_dispatchTable)
                  20003588    000000b8     (.common:LEDObjects)
                  20003640    0000008c     (.common:FHPIB_db)
                  200036cc    00000088     (.common:FH_hnd)
                  20003754    00000088     (.common:macPib)
                  200037dc    0000007c     (.common:pinHandleTable)
                  20003858    0000007a     (.common:FHNT_tableOpt)
                  200038d2    00000001                            : mac_tx.obj (.bss)
                  200038d3    00000001     rf_multiMode_cc13x2.aem4f : RFCC26X2_multiMode.c.cc13x2.ccs.o (.bss)
                  200038d4    00000054     (.common:macScan)
                  20003928    00000050     drivers_cc13x2.a : PINCC26XX.oem4f (.bss:pinSemaphore)
                  20003978    00000050     (.common:ButtonObjects)
                  200039c8    00000050     (.common:CryptoResourceCC26XX_accessSemaphore)
                  20003a18    00000050     (.common:CryptoResourceCC26XX_operationSemaphore)
                  20003a68    0000004c     (.common:cuiMultiMenuData)
                  20003ab4    00000042     (.common:FHFSM_Dbg)
                  20003af6    00000001     (.common:driverlib_release_0_58048)
                  20003af7    00000001     (.common:macMgmt)
                  20003af8    00000040     (.common:macSecurityPib)
                  20003b38    0000003c     (.common:macBeaconCoord)
                  20003b74    00000038     (.common:FHNT_hnd)
                  20003bac    00000038     (.common:macDeviceAction1)
                  20003be4    00000034                      : PINCC26XX.oem4f (.bss:pinSwi)
                  20003c18    00000034     (.common:macBeaconDevice)
                  20003c4c    00000030     (.common:macMgmtAction1)
                  20003c7c    0000002c     (.common:macCoord)
                  20003ca8    0000002c     (.common:macDevice)
                  20003cd4    00000028     maclib_secure_cc13x2.a : mac_rx.obj (.bss:$O20$$)
                  20003cfc    00000020     drivers_cc13x2.a : GPIOCC26XX.oem4f (.bss:gpioCallbackInfo)
                  20003d1c    00000020                      : PINCC26XX.oem4f (.bss:pinGpioConfigTable)
                  20003d3c    00000020     ti_drivers_config.obj (.bss:uartCC26XXRingBuffer0)
                  20003d5c    00000020     (.common:macBeacon)
                  20003d7c    0000001c     drivers_cc13x2.a : TRNGCC26XX.oem4f (.bss:TRNGCC26XX_hwi)
                  20003d98    0000001c                      : TRNGCC26XX.oem4f (.bss:entropyPool)
                  20003db4    0000001c                      : PINCC26XX.oem4f (.bss:pinHwi)
                  20003dd0    0000001c     (.common:CryptoResourceCC26XX_hwi)
                  20003dec    0000001c     (.common:macCoordAction2)
                  20003e08    0000001c     (.common:macReset)
                  20003e24    00000018     (.common:aesccmCC26XXObjects)
                  20003e3c    00000018     (.common:macScanAction)
                  20003e54    00000014     rf_multiMode_cc13x2.aem4f : RFCC26X2_multiMode.c.cc13x2.ccs.o (.bss:RF_ratSyncCmd)
                  20003e68    00000014     drivers_cc13x2.a : Random.oem4f (.bss:state)
                  20003e7c    00000014     (.common:macDeviceAction2)
                  20003e90    00000014     (.common:macMgmtAction2)
                  20003ea4    00000010     (.common:macBeaconDeviceAction)
                  20003eb4    00000010     (.common:macCoordAction3)
                  20003ec4    00000010     (.common:macData)
                  20003ed4    00000010     (.common:macDataTxDelay)
                  20003ee4    0000000c                      : NVSCC26XX.oem4f (.bss)
                  20003ef0    0000000c                      : GPIOCC26XX.oem4f (.bss:gpioPinState)
                  20003efc    0000000c     (.common:FH_PibTbl)
                  20003f08    0000000c     (.common:macMain)
                  20003f14    00000008                      : GPIOCC26XX.oem4f (.bss)
                  20003f1c    00000008                      : TemperatureCC26X2.oem4f (.bss:notificationList)
                  20003f24    00000008     (.common:FHNT_tempTable)
                  20003f2c    00000008     (.common:macBeaconCoordAction1)
                  20003f34    00000008     (.common:macCoordAction1)
                  20003f3c    00000006     (.common:FHNT_Dbg)
                  20003f42    00000001     (.common:macPanCoordinator)
                  20003f43    00000001     (.common:macPhyChannel)
                  20003f44    00000004                      : PINCC26XX.oem4f (.bss)
                  20003f48    00000004     (.common:AESCCM_handle)
                  20003f4c    00000004     (.common:FH_test_var)
                  20003f50    00000004     (.common:PowerCC26XX_swiKey)
                  20003f54    00000004     (.common:PowerCC26XX_taskKey)
                  20003f58    00000004     (.common:macCryptoDrvTblPtr)
                  20003f5c    00000004     (.common:macRxSymbol)
                  20003f60    00000004     (.common:macTimerActive)
                  20003f64    00000004     (.common:nvsCC26XXObjects)
                  20003f68    00000004     (.common:timerAlignedQ)
                  20003f6c    00000004     (.common:timerUnalignedQ)
                  20003f70    00000001     (.common:macPwr)
                  20003f71    00000001     (.common:macRxActive)
                  20003f72    00000001     (.common:macRxEnableFlags)
                  20003f73    00000001     (.common:macRxOutgoingAckFlag)
                  20003f74    00000001     (.common:macSymbolTimerImpending)
                  20003f75    00000001     (.common:macTaskId)
                  20003f76    00000001     (.common:macTxActive)
                  20003f77    00000001     (.common:macUnitBackoffPeriod)
                  20003f78    00000001     (.common:rxFhRsl)

.vtable    0    20003f79    00000000     UNINITIALIZED

.vtable_ram 
*          0    20003f79    00000000     UNINITIALIZED

vtable_ram 
*          0    20003f79    00000000     UNINITIALIZED

.sysmem    0    20003f79    00000000     UNINITIALIZED

.nonretenvar 
*          0    20003f79    00000000     UNINITIALIZED

.stack     0    20013aa0    00000560     UNINITIALIZED
                  20013aa0    00000560     --HOLE--

.bootVecs 
*          0    00000000    00000008     DSECT
                  00000000    00000008     boot.aem4f : boot.oem4f (.bootVecs)

.resetVecs 
*          0    00000000    0000003c     
                  00000000    0000003c     app_pem4f.oem4f (.resetVecs)

.vecs      0    20000000    000000d8     NOLOAD SECTION
                  20000000    000000d8     app_pem4f.oem4f (.vecs)

xdc.meta   0    00000000    000000fd     COPY SECTION
                  00000000    000000fd     app_pem4f.oem4f (xdc.meta)

xdc.noload 
*          0    00000000    00000000     COPY SECTION

.data:RAM_MAC_BASE_ADDR 
*          0    2000010c    00000010     UNINITIALIZED
                  2000010c    00000010     maclib_secure_cc13x2.a : rom_init_154.obj (.data:RAM_MAC_BASE_ADDR)

.text.1    0    00002100    00014778     
                  00002100    00000434     nvocmp.obj (.text:NVOCMP_initNv$14)
                  00002534    000003f4     mac_user_config.obj (.text:rfSelect)
                  00002928    000003ee     csf.obj (.text:Csf_processEvents)
                  00002d16    00000002     rf_multiMode_cc13x2.aem4f : rfc.c.cc13x2.ccs.o (.text:NOROM_RFCCpePatchReset)
                  00002d18    000003b0     csf.obj (.text:Csf_init)
                  000030c8    000003a4     maclib_secure_cc13x2.a : mac.obj (.text:macRxCb)
                  0000346c    000003a0     collector.obj (.text:processSensorData$3)
                  0000380c    0000036e     api_mac.obj (.text:processIncomingICallMsg$8)
                  00003b7a    00000002     rf_multiMode_cc13x2.aem4f : RFCC26X2_multiMode.c.cc13x2.ccs.o (.text:RF_defaultCallback)
                  00003b7c    00000354     maclib_secure_cc13x2.a : mac_rx.obj (.text:rxPayloadIsr$21)
                  00003ed0    00000310                            : mac_radio_tx.obj (.text:macRadioCsmaTxCb)
                  000041e0    000002c0     nvocmp.obj (.text:NVOCMP_compactPage$14)
                  000044a0    00000294     maclib_secure_cc13x2.a : mac_tx.obj (.text:macTxFrame)
                  00004734    00000280                            : mac_pwr.obj (.text:macPwrVote)
                  000049b4    00000274     nvocmp.obj (.text:NVOCMP_compact$14)
                  00004c28    0000025c     maclib_secure_cc13x2.a : mac_tx.obj (.text:txCsmaPrep$24)
                  00004e84    00000244     collector.obj (.text:dataIndCB$3)
                  000050c8    00000230     csf.obj (.text:setChMaskAction$4)
                  000052f8    0000021c     maclib_secure_cc13x2.a : mac.obj (.text:macSendReceiveCmdIeee)
                  00005514    00000218                            : mac_radio.obj (.text:macRadioInitSubG)
                  0000572c    00000210     rf_multiMode_cc13x2.aem4f : RFCC26X2_multiMode.c.cc13x2.ccs.o (.text:RF_scheduleCmd)
                  0000593c    0000020c     maclib_secure_cc13x2.a : mac.obj (.text:macSendReceiveCmdSubG)
                  00005b48    00000208     nvocmp.obj (.text:NVOCMP_addItem$14)
                  00005d50    00000200     rf_multiMode_cc13x2.aem4f : RFCC26X2_multiMode.c.cc13x2.ccs.o (.text:RF_open)
                  00005f50    000001e0     maclib_secure_cc13x2.a : mac_hl_patch.obj (.text:macWrapperAddKeyInitFCtr)
                  00006130    000001d4     rf_multiMode_cc13x2.aem4f : RFCC26X2_multiMode.c.cc13x2.ccs.o (.text:RF_dispatchNextCmd)
                  00006304    000001cc     drivers_cc13x2.a : PINCC26XX.oem4f (.text:PIN_init)
                  000064d0    000001c8     csf.obj (.text:setNwkKeyAction$4)
                  00006698    000001b4     maclib_secure_cc13x2.a : mac_radio_tx.obj (.text:macRadioTxAck$28)
                  0000684c    000001ac                            : mac_hl_patch.obj (.text:macRxBeaconCritical)
                  000069f8    000001a4                            : mac_hl_patch.obj (.text:macWrapperDeleteKeyAndAssociatedDevices)
                  00006b9c    00000198     drivers_cc13x2.a : PowerCC26X2.oem4f (.text:Power_sleep)
                  00006d34    00000198     maclib_secure_cc13x2.a : mac_hl_patch.obj (.text:macWrapperDeleteDevice)
                  00006ecc    00000190     drivers_cc13x2.a : PowerCC26X2_calibrateRCOSC.oem4f (.text:calibrateRcoscHf1)
                  0000705c    0000018c     maclib_secure_cc13x2.a : mac_hl_patch.obj (.text:macIncomingFrameSecurity)
                  000071e8    0000018c     drivers_cc13x2.a : PowerCC26X2_calibrateRCOSC.oem4f (.text:runCalibrateFsm)
                  00007374    00000188     maclib_secure_cc13x2.a : mac_radio_tx.obj (.text:macRadioTxGoIeee$28)
                  000074fc    00000186     drivers_cc13x2.a : Button.oem4f (.text:Button_clockTimeoutHandler)
                  00007682    00000002     rtsv7M4_T_le_v4SPD16_eabi.lib : _lock.c.obj (.text:_nop)
                  00007684    00000180     csf.obj (.text:setPanIdAction$4)
                  00007804    00000174     drivers_cc13x2.a : PowerCC26X2.oem4f (.text:Power_init)
                  00007978    0000016c     maclib_secure_cc13x2.a : mac_radio_tx.obj (.text:macRadioTxPrepCsmaUnslotted)
                  00007ae4    00000164     drivers_cc13x2.a : UARTCC26XX.oem4f (.text:UARTCC26XX_open)
                  00007c48    00000164     maclib_secure_cc13x2.a : mac_hl_patch.obj (.text:macWrapperDeleteAllDevices)
                  00007dac    00000164                            : mac_tx.obj (.text:txCsmaDelay)
                  00007f10    00000160     driverlib.lib : sys_ctrl.obj (.text:NOROM_SysCtrlStandby)
                  00008070    00000154     nvocmp.obj (.text:NVOCMP_findItem$14)
                  000081c4    00000154     rf_multiMode_cc13x2.aem4f : RFCC26X2_multiMode.c.cc13x2.ccs.o (.text:RF_radioOpDoneCb)
                  00008318    00000154     drivers_cc13x2.a : UARTCC26XX.oem4f (.text:UARTCC26XX_hwiIntFxn)
                  0000846c    00000148     rf_multiMode_cc13x2.aem4f : RFCC26X2_multiMode.c.cc13x2.ccs.o (.text:RF_fsmSetupState)
                  000085b4    00000148     collector.obj (.text:dataCnfCB$3)
                  000086fc    00000148     maclib_secure_cc13x2.a : mac_radio_tx.obj (.text:macRadioLbtTxCb)
                  00008844    00000148     csf.obj (.text:sensorSelectAction$4)
                  0000898c    00000144     csf.obj (.text:updateCollectorStatusLine$4)
                  00008ad0    00000140     drivers_cc13x2.a : AESCCMCC26XX.oem4f (.text:AESCCM_startOperation)
                  00008c10    00000140     rf_multiMode_cc13x2.aem4f : RFCC26X2_multiMode.c.cc13x2.ccs.o (.text:RF_close)
                  00008d50    0000013c                               : RFCC26X2_multiMode.c.cc13x2.ccs.o (.text:RF_ratSetupChannel)
                  00008e8c    0000013a     drivers_cc13x2.a : UARTCC26XX.oem4f (.text:UARTCC26XX_read)
                  00008fc6    00000002                      : PowerCC26X2.oem4f (.text:emptyClockFunc)
                  00008fc8    00000138     cui.obj (.text:CUI_dispMenu$6)
                  00009100    00000138     drivers_cc13x2.a : NVSCC26XX.oem4f (.text:NVSCC26XX_write)
                  00009238    00000138     maclib_secure_cc13x2.a : mac_hl_patch.obj (.text:macBuildDataFrame)
                  00009370    00000134     rf_multiMode_cc13x2.aem4f : RFCC26X2_multiMode.c.cc13x2.ccs.o (.text:RF_abortCmd)
                  000094a4    00000134     collector.obj (.text:generateTrackingRequests$3)
                  000095d8    00000130     cui.obj (.text:CUI_init)
                  00009708    00000130     maclib_secure_cc13x2.a : mac_radio.obj (.text:macRadioInitIeee)
                  00009838    00000130     rtsv7M4_T_le_v4SPD16_eabi.lib : strtol.c.obj (.text:strtol)
                  00009968    00000124     cui.obj (.text:CUI_statusLinePrintf)
                  00009a8c    00000120     csf.obj (.text:Csf_deviceUpdate)
                  00009bac    00000120     drivers_cc13x2.a : PowerCC26X2.oem4f (.text:configureXOSCHF)
                  00009ccc    00000118     maclib_secure_cc13x2.a : mac_low_level.obj (.text:macLowLevelBufferInit)
                  00009de4    00000118                            : mac.obj (.text:macSetupRATChanCompare)
                  00009efc    00000118     csf.obj (.text:sensorSetReportInterval$4)
                  0000a014    00000114     macTask.obj (.text:MAC_CbackEvent)
                  0000a128    00000112     rf_multiMode_cc13x2.aem4f : RFCC26X2_multiMode.c.cc13x2.ccs.o (.text:RF_decodeOverridePointers)
                  0000a23a    00000002     drivers_cc13x2.a : CryptoResourceCC26XX.oem4f (.text:errorSpin)
                  0000a23c    00000110     cui.obj (.text:CUI_menuActionHelp)
                  0000a34c    00000110     drivers_cc13x2.a : GPIOCC26XX.oem4f (.text:GPIO_setConfig)
                  0000a45c    00000110                      : LED.oem4f (.text:LED_open)
                  0000a56c    00000110     rf_multiMode_cc13x2.aem4f : RFCC26X2_multiMode.c.cc13x2.ccs.o (.text:RF_initRadioSetup)
                  0000a67c    00000110     maclib_secure_cc13x2.a : mac_hl_patch.obj (.text:macEdScanISR)
                  0000a78c    00000110                            : mac_hl_patch.obj (.text:macScanNextChan)
                  0000a89c    00000106     app_pem4f.oem4f (.text:xdc_runtime_System_printfExtend__I)
                  0000a9a2    00000002     maclib_secure_cc13x2.a : mac_pwr.obj (.text:macApiPwrOnReq)
                  0000a9a4    00000104     rf_multiMode_cc13x2.aem4f : RFCC26X2_multiMode.c.cc13x2.ccs.o (.text:RF_hwiCpe0Active)
                  0000aaa8    00000100     cui.obj (.text:CUI_statusLineResourceRequest)
                  0000aba8    000000fc     collector.obj (.text:Collector_init)
                  0000aca4    000000fc     maclib_secure_cc13x2.a : mac_hl_patch.obj (.text:macOutgoingFrameKeyDescRetrieval)
                  0000ada0    000000f8     drivers_cc13x2.a : PINCC26XX.oem4f (.text:PINCC26XX_setIoCfg)
                  0000ae98    000000f0     rf_multiMode_cc13x2.aem4f : RFCC26X2_multiMode.c.cc13x2.ccs.o (.text:RF_fsmPowerUpState)
                  0000af88    000000f0     maclib_secure_cc13x2.a : mac_hl_patch.obj (.text:macScanRxCoordRealign)
                  0000b078    000000ec     nvocmp.obj (.text:NVOCMP_cleanPage$14)
                  0000b164    000000e8     drivers_cc13x2.a : Button.oem4f (.text:Button_open)
                  0000b24c    000000e8     cui.obj (.text:CUI_writeString$6)
                  0000b334    000000e8     maclib_secure_cc13x2.a : mac.obj (.text:macSetupReceiveCmd)
                  0000b41c    000000e4                            : mac_hl_patch.obj (.text:macOutgoingFrameSecurity)
                  0000b500    000000e4                            : mac_tx.obj (.text:macTxChannelBusyCallback)
                  0000b5e4    000000e4                            : mac_rx.obj (.text:rxPostRxUpdates$21)
                  0000b6c8    000000e0     collector.obj (.text:Collector_sendConfigRequest)
                  0000b7a8    000000e0     drivers_cc13x2.a : UARTCC26XX.oem4f (.text:UARTCC26XX_write)
                  0000b888    000000dc     maclib_secure_cc13x2.a : mac_hl_patch.obj (.text:macBuildHeaderIes)
                  0000b964    000000d8     rf_multiMode_cc13x2.aem4f : RFCC26X2_multiMode.c.cc13x2.ccs.o (.text:RF_control)
                  0000ba3c    000000d8                               : RFCC26X2_multiMode.c.cc13x2.ccs.o (.text:RF_pendCmd)
                  0000bb14    000000d8     driverlib.lib : setup.obj (.text:TrimAfterColdResetWakeupFromShutDown$47)
                  0000bbec    000000d8     maclib_secure_cc13x2.a : mac_hl_patch.obj (.text:macCcmStarTransform)
                  0000bcc4    000000d8     collector.obj (.text:sendMsg$3)
                  0000bd9c    000000d2     rf_multiMode_cc13x2.aem4f : RFCC26X2_multiMode.c.cc13x2.ccs.o (.text:RF_updatePaConfiguration)
                  0000be6e    00000002     maclib_secure_cc13x2.a : mac_mcu.obj (.text:macMcuBitReverse)
                  0000be70    000000d0     rf_multiMode_cc13x2.aem4f : RFCC26X2_multiMode.c.cc13x2.ccs.o (.text:RF_swiHw)
                  0000bf40    000000cc     maclib_secure_cc13x2.a : mac_timer.obj (.text:macSymbolTimerTriggerCallback)
                  0000c00c    000000c8     dpl_cc13x2.a : PowerCC26X2_tirtos.oem4f (.text:PowerCC26XX_standbyPolicy)
                  0000c0d4    000000c4     cllc.obj (.text:Cllc_removeDevice)
                  0000c198    000000c4     drivers_cc13x2.a : GPIOCC26XX.oem4f (.text:GPIO_init)
                  0000c25c    000000c4     maclib_secure_cc13x2.a : mac_hl_patch.obj (.text:macApiStartReq)
                  0000c320    000000c0     nvocmp.obj (.text:NVOCMP_erase$14)
                  0000c3e0    000000c0     drivers_cc13x2.a : PowerCC26X2.oem4f (.text:Power_releaseDependency)
                  0000c4a0    000000c0                      : UARTCC26XX.oem4f (.text:UARTCC26XX_initIO)
                  0000c560    000000c0     maclib_secure_cc13x2.a : mac_hl_patch.obj (.text:macMgmtReset)
                  0000c620    000000bc                            : mac_hl_patch.obj (.text:macAutoPoll)
                  0000c6dc    000000bc                            : mac.obj (.text:macGetRFCmdDuration)
                  0000c798    000000b8     drivers_cc13x2.a : PowerCC26X2.oem4f (.text:Power_setDependency)
                  0000c850    000000b8                      : UARTCC26XX.oem4f (.text:UARTCC26XX_initHw)
                  0000c908    000000b4     maclib_secure_cc13x2.a : mac_pwr.obj (.text:MAC_PwrOffReq)
                  0000c9bc    000000b4     drivers_cc13x2.a : TRNGCC26XX.oem4f (.text:TRNG_generateEntropy)
                  0000ca70    000000b4     cllc.obj (.text:assocIndCb$5)
                  0000cb24    000000b0     maclib_secure_cc13x2.a : mac_autopend.obj (.text:MAC_SrcMatchAddEntry)
                  0000cbd4    000000b0                            : mac.obj (.text:macStopCmd)
                  0000cc84    000000ac     nvocmp.obj (.text:NVOCMP_readContItemApi$14)
                  0000cd30    000000ac     drivers_cc13x2.a : PINCC26XX.oem4f (.text:PIN_open)
                  0000cddc    000000ac     maclib_secure_cc13x2.a : mac_hl_patch.obj (.text:macApiBeaconStartReq)
                  0000ce88    000000ac                            : mac_hl_patch.obj (.text:macBeaconCheckTxTime)
                  0000cf34    000000ac     macTask.obj (.text:macTaskInit)
                  0000cfe0    000000ac     api_mac.obj (.text:processBeaconNotifyInd$8)
                  0000d08c    000000a8     driverlib.lib : setup.obj (.text:NOROM_SetupTrimDevice)
                  0000d134    000000a8     nvocmp.obj (.text:NVOCMP_initNvApi$14)
                  0000d1dc    000000a8     maclib_secure_cc13x2.a : mac_radio_tx.obj (.text:macRadioTxAckCb$28)
                  0000d284    000000a8                            : mac_hl_patch.obj (.text:macTrackTimeoutCallback)
                  0000d32c    000000a4     rf_multiMode_cc13x2.aem4f : RFCC26X2_multiMode.c.cc13x2.ccs.o (.text:RF_ratRestartChannels)
                  0000d3d0    000000a4     maclib_secure_cc13x2.a : mac_hl_patch.obj (.text:macCcmStarInverseTransform)
                  0000d474    000000a4                            : mac_radio_tx.obj (.text:macRadioTxPrepLbt)
                  0000d518    000000a4                            : mac_radio.obj (.text:macRadioUpdateTxPower)
                  0000d5bc    000000a0     rf_multiMode_cc13x2.aem4f : RFCC26X2_multiMode.c.cc13x2.ccs.o (.text:RF_requestAccess)
                  0000d65c    000000a0     auto_init.aem4f : auto_init.oem4f (.text)
                  0000d6fc    000000a0     maclib_secure_cc13x2.a : mac_hl_patch.obj (.text:macBlacklistChecking)
                  0000d79c    000000a0     rom_sysbios.aem4f : rom_sysbios.obj (.text:ti_sysbios_knl_Task_setPri__E)
                  0000d83c    0000009c     cllc.obj (.text:Cllc_init)
                  0000d8d8    0000009c     nvocmp.obj (.text:NVOCMP_readHeader$14)
                  0000d974    0000009c     maclib_secure_cc13x2.a : mac_radio.obj (.text:macRadioStartScan)
                  0000da10    0000009c                            : mac_timer.obj (.text:macTimerRealign)
                  0000daac    0000009c     rtsv7M4_T_le_v4SPD16_eabi.lib : memcpy_t2.asm.obj (.text)
                  0000db48    0000009c     maclib_secure_cc13x2.a : mac_tx.obj (.text:txComplete)
                  0000dbe4    00000098     nvocmp.obj (.text:NVOCMP_updateItemApi$14)
                  0000dc7c    00000098     rf_multiMode_cc13x2.aem4f : RFCC26X2_multiMode.c.cc13x2.ccs.o (.text:RF_calculateDispatchTime)
                  0000dd14    00000098     drivers_cc13x2.a : UARTCC26XX.oem4f (.text:writeTxFifoFlush)
                  0000ddac    00000096     rtsv7M4_T_le_v4SPD16_eabi.lib : ull_div_t2.asm.obj (.text)
                  0000de42    00000002     maclib_secure_cc13x2.a : mac_radio.obj (.text:macRadioSetRE)
                  0000de44    00000094     csf.obj (.text:Csf_updateFrameCounter)
                  0000ded8    00000094     nvocmp.obj (.text:NVOCMP_getDstPage$14)
                  0000df6c    00000094     rf_multiMode_cc13x2.aem4f : RFCC26X2_multiMode.c.cc13x2.ccs.o (.text:RF_getInfo)
                  0000e000    00000094     drivers_cc13x2.a : TRNGCC26XX.oem4f (.text:TRNGCC26XX_hwiFxn)
                  0000e094    00000094     maclib_secure_cc13x2.a : mac_hl_patch.obj (.text:macIncomingSecurityLevelChecking)
                  0000e128    00000094                            : mac_radio.obj (.text:macRadioUpdateChannel)
                  0000e1bc    00000094                            : mac_radio.obj (.text:macRadioUpdateChannelRx)
                  0000e250    00000094                            : mac.obj (.text:macRatCb_A)
                  0000e2e4    00000094                            : mac.obj (.text:macSetupFsCmd)
                  0000e378    00000092     drivers_cc13x2.a : UARTCC26XX.oem4f (.text:UARTCC26XX_writeCancel)
                  0000e40a    00000002     rtsv7M4_T_le_v4SPD16_eabi.lib : div0.asm.obj (.text)
                  0000e40c    00000090     CC1352R1_LAUNCHXL_fxns.obj (.text:CC1352R1_LAUNCHXL_shutDownExtFlash)
                  0000e49c    00000090     maclib_secure_cc13x2.a : mac_hl_patch.obj (.text:MAC_ResumeReq)
                  0000e52c    00000090     rf_multiMode_cc13x2.aem4f : RFCC26X2_multiMode.c.cc13x2.ccs.o (.text:RF_discardPendCmd)
                  0000e5bc    00000090     maclib_secure_cc13x2.a : mac_hl_patch.obj (.text:macCcmDecrypt)
                  0000e64c    00000090                            : mac_hl_patch.obj (.text:macTrackStartCallback)
                  0000e6dc    0000008c     maclib_osal_tirtos_cc13x2_26x2.a : osal_port.obj (.text:OsalPort_heapMalloc$41)
                  0000e768    0000008c                                      : osal_port.obj (.text:OsalPort_setTimer)
                  0000e7f4    0000008c     api_mac.obj (.text:copyDataInd$8)
                  0000e880    0000008c     maclib_secure_cc13x2.a : mac_hl_patch.obj (.text:macCcmEncrypt)
                  0000e90c    0000008c                            : mac_radio_tx.obj (.text:macRadioTxEnhAckCb)
                  0000e998    0000008c     rom_sysbios.aem4f : rom_sysbios.obj (.text:ti_sysbios_gates_GateMutexPri_enter__E)
                  0000ea24    00000088     maclib_secure_cc13x2.a : mac_autopend.obj (.text:MAC_SrcMatchEnable)
                  0000eaac    00000088     driverlib.lib : osc.obj (.text:NOROM_OSCHF_AttemptToSwitchToXosc)
                  0000eb34    00000088     nvocmp.obj (.text:NVOCMP_deleteItemApi$14)
                  0000ebbc    00000088     rf_multiMode_cc13x2.aem4f : RFCC26X2_multiMode.c.cc13x2.ccs.o (.text:RF_cmdDispatchTime)
                  0000ec44    00000088                               : RFCC26X2_multiMode.c.cc13x2.ccs.o (.text:RF_getTxPower)
                  0000eccc    00000088     drivers_cc13x2.a : PowerCC26X2_calibrateRCOSC.oem4f (.text:calibrateRcoscHf2)
                  0000ed54    00000088                      : PowerCC26X2.oem4f (.text:disableLFClockQualifiers)
                  0000eddc    00000088     maclib_secure_cc13x2.a : mac_hl_patch.obj (.text:macKeyDescriptorLookup)
                  0000ee64    00000088                            : mac_mcu.obj (.text:macMcuOverflowSetPeriod)
                  0000eeec    00000088                            : mac_symbol_timer.obj (.text:macSymbolTimerInit)
                  0000ef74    00000088     drivers_cc13x2.a : PowerCC26X2_calibrateRCOSC.oem4f (.text:updateSubSecInc)
                  0000effc    00000084     api_mac.obj (.text:ApiMac_init)
                  0000f080    00000084     cllc.obj (.text:Cllc_securityInit)
                  0000f104    00000084     nvocmp.obj (.text:NVOCMP_createItemApi$14)
                  0000f188    00000084     rf_multiMode_cc13x2.aem4f : RFCC26X2_multiMode.c.cc13x2.ccs.o (.text:RF_issueRadioFreeCb)
                  0000f20c    00000084                               : RFCC26X2_multiMode.c.cc13x2.ccs.o (.text:RF_verifyGap)
                  0000f290    00000084     drivers_cc13x2.a : UARTCC26XX.oem4f (.text:UARTCC26XX_close)
                  0000f314    00000084     maclib_secure_cc13x2.a : mac_rx_onoff.obj (.text:macRxOffRequest)
                  0000f398    00000084                            : mac_timer.obj (.text:macTimerUpdateSymbolTimer)
                  0000f41c    00000080     drivers_cc13x2.a : NVSCC26XX.oem4f (.text:NVSCC26XX_open)
                  0000f49c    00000080     cllc.obj (.text:beaconNotifyIndCb$5)
                  0000f51c    00000080     maclib_secure_cc13x2.a : mac_mcu.obj (.text:macMcuOverflowSetCompare)
                  0000f59c    00000080                            : mac_radio.obj (.text:macRadioWakeupCb)
                  0000f61c    00000080                            : mac_autopend.obj (.text:macSrcMatchCheckSrcAddr$17)
                  0000f69c    00000080     cllc.obj (.text:scanCnfCb$5)
                  0000f71c    00000080     maclib_secure_cc13x2.a : mac_radio.obj (.text:scheduleNopWakeupCmd)
                  0000f79c    00000080     rom_sysbios.aem4f : rom_sysbios.obj (.text:ti_sysbios_family_arm_cc26xx_Timer_start__E)
                  0000f81c    00000080     maclib_secure_cc13x2.a : mac_tx.obj (.text:txGo$24)
                  0000f89c    0000007c     csf.obj (.text:Csf_getDeviceItem)
                  0000f918    0000007c     nvocmp.obj (.text:NVOCMP_readItemApi$14)
                  0000f994    0000007c     rf_multiMode_cc13x2.aem4f : RFCC26X2_multiMode.c.cc13x2.ccs.o (.text:RF_ratFreeChannel)
                  0000fa10    0000007c     maclib_secure_cc13x2.a : mac_rx_onoff.obj (.text:macRxOn)
                  0000fa8c    0000007c     maclib_osal_tirtos_cc13x2_26x2.a : osal_port.obj (.text:osalHeapInitFxn)
                  0000fb08    0000007a     rtsv7M4_T_le_v4SPD16_eabi.lib : memset_t2.asm.obj (.text)
                  0000fb82    00000002     app_pem4f.oem4f (.text:ti_sysbios_BIOS_nullFunc__I)
                  0000fb84    00000078     cllc.obj (.text:Cllc_restoreNetwork)
                  0000fbfc    00000078     nvocmp.obj (.text:NVOCMP_checkItem$14)
                  0000fc74    00000078     maclib_secure_cc13x2.a : mac_timer.obj (.text:macTimerSetRollover)
                  0000fcec    00000074     csf.obj (.text:Csf_getDevice)
                  0000fd60    00000074     nvocmp.obj (.text:NVOCMP_writeItemApi$14)
                  0000fdd4    00000074     drivers_cc13x2.a : PowerCC26X2_calibrateRCOSC.oem4f (.text:PowerCC26X2_auxISR)
                  0000fe48    00000074     rf_multiMode_cc13x2.aem4f : RFCC26X2_multiMode.c.cc13x2.ccs.o (.text:RF_yield)
                  0000febc    00000074     drivers_cc13x2.a : TRNGCC26XX.oem4f (.text:TRNG_construct)
                  0000ff30    00000074     rom_sysbios.aem4f : rom_sysbios.obj (.text:ti_sysbios_gates_GateMutexPri_leave__E)
                  0000ffa4    00000072     rf_multiMode_cc13x2.aem4f : RFCC26X2_multiMode.c.cc13x2.ccs.o (.text:RF_detachOverrides)
                  00010016    00000002     rom_sysbios.aem4f : rom_sysbios.obj (.text:ti_sysbios_heaps_HeapCallback_defaultDelete)
                  00010018    00000070     drivers_cc13x2.a : AESCCMCC26XX.oem4f (.text:AESCCM_cleanup)
                  00010088    00000070     rf_multiMode_cc13x2.aem4f : rfc.c.cc13x2.ccs.o (.text:NOROM_RFCAnaDivTxOverride)
                  000100f8    00000070     nvocmp.obj (.text:NVOCMP_eraseNvApi$14)
                  00010168    00000070     drivers_cc13x2.a : PINCC26XX.oem4f (.text:PIN_add)
                  000101d8    00000070     rf_multiMode_cc13x2.aem4f : RFCC26X2_multiMode.c.cc13x2.ccs.o (.text:RF_ratDisableChannel)
                  00010248    00000070     drivers_cc13x2.a : Random.oem4f (.text:Random_seedAutomatic)
                  000102b8    00000070     collector.obj (.text:cllcStartedCB$3)
                  00010328    00000070     cllc.obj (.text:sendStartReq$5)
                  00010398    0000006e     rf_multiMode_cc13x2.aem4f : RFCC26X2_multiMode.c.cc13x2.ccs.o (.text:RF_attachOverrides)
                  00010406    0000006e                               : RFCC26X2_multiMode.c.cc13x2.ccs.o (.text:RF_howToSchedule)
                  00010474    0000006e     rtsv7M4_T_le_v4SPD16_eabi.lib : ll_div_t2.asm.obj (.text)
                  000104e2    00000002     rom_sysbios.aem4f : rom_sysbios.obj (.text:xdc_runtime_SysCallback_defaultAbort)
                  000104e4    0000006d                       : rom_sysbios.obj (.text:xdc_runtime_System_formatNum__I)
                  00010551    00000001     --HOLE-- [fill = 0]
                  00010552    00000002                       : rom_sysbios.obj (.text:xdc_runtime_SysCallback_defaultExit)
                  00010554    0000006c     csf.obj (.text:Csf_sendDisassociateMsg)
                  000105c0    0000006c     driverlib.lib : chipinfo.obj (.text:NOROM_ChipInfo_GetChipType)
                  0001062c    0000006c     rf_multiMode_cc13x2.aem4f : RFCC26X2_multiMode.c.cc13x2.ccs.o (.text:RF_getCurrentTime)
                  00010698    0000006c     maclib_secure_cc13x2.a : mac_radio_tx.obj (.text:macRadioTxBackoffBoundary)
                  00010704    0000006c                            : mac_hl_patch.obj (.text:macTrackPeriodCallback)
                  00010770    0000006c                            : mac_tx.obj (.text:macTxDoneCallback)
                  000107dc    0000006c     collector.obj (.text:processIdentifyLedRequest$3)
                  00010848    00000068     csf.obj (.text:Csf_getDeviceExtAdd)
                  000108b0    00000068     driverlib.lib : osc.obj (.text:NOROM_OSCHF_SwitchToRcOscTurnOffXosc)
                  00010918    00000068     nvocmp.obj (.text:NVOCMP_getFreeNvApi$14)
                  00010980    00000068     maclib_osal_tirtos_cc13x2_26x2.a : osal_port.obj (.text:OsalPort_registerTask)
                  000109e8    00000068     rf_multiMode_cc13x2.aem4f : RFCC26X2_multiMode.c.cc13x2.ccs.o (.text:RF_hwiHw)
                  00010a50    00000068     rtsv7M4_T_le_v4SPD16_eabi.lib : copy_decompress_lzss.c.obj (.text:decompress:lzss:__TI_decompress_lzss)
                  00010ab8    00000068     csf.obj (.text:findDeviceListIndex$4)
                  00010b20    00000068     maclib_secure_cc13x2.a : mac_rx.obj (.text:macRxHaltCleanup)
                  00010b88    00000068     cllc.obj (.text:orphanIndCb$5)
                  00010bf0    00000064     drivers_cc13x2.a : AESCCMCC26XX.oem4f (.text:AESCCM_waitForResult)
                  00010c54    00000064                      : Button.oem4f (.text:Button_gpioCallbackFxn)
                  00010cb8    00000064     nvocmp.obj (.text:NVOCMP_findSignature$14)
                  00010d1c    00000064     maclib_osal_tirtos_cc13x2_26x2.a : osal_port.obj (.text:OsalPort_clearEvent)
                  00010d80    00000064                                      : osal_port.obj (.text:OsalPort_pwrmgrTaskState)
                  00010de4    00000064     rf_multiMode_cc13x2.aem4f : RFCC26X2_multiMode.c.cc13x2.ccs.o (.text:RF_dispatchNextEvent)
                  00010e48    00000064     drivers_cc13x2.a : UARTCC26XX.oem4f (.text:UARTCC26XX_control)
                  00010eac    00000064     csf.obj (.text:getTheFirstDevice$4)
                  00010f10    00000064     maclib_secure_cc13x2.a : mac.obj (.text:macRequestBackoff)
                  00010f74    00000064                            : mac_timer.obj (.text:macSymbolTimerRolloverCallback)
                  00010fd8    00000064                            : mac_timer.obj (.text:macTimerAddTimer)
                  0001103c    00000064     main.obj (.text:main)
                  000110a0    00000062     ti_drivers_config.obj (.text:Board_sendExtFlashByte)
                  00011102    00000062     rf_multiMode_cc13x2.aem4f : RFCC26X2_multiMode.c.cc13x2.ccs.o (.text:RF_syncCb)
                  00011164    00000062     drivers_cc13x2.a : UARTCC26XX.oem4f (.text:UARTCC26XX_swiIntFxn)
                  000111c6    00000002     rom_sysbios.aem4f : rom_sysbios.obj (.text:xdc_runtime_SysCallback_defaultFlush)
                  000111c8    00000060     drivers_cc13x2.a : AESCCMCC26XX.oem4f (.text:AESCCM_hwiFxn)
                  00011228    00000060                      : CryptoResourceCC26XX.oem4f (.text:CryptoResourceCC26XX_constructRTOSObjects)
                  00011288    00000060                      : GPIOCC26XX.oem4f (.text:GPIO_write)
                  000112e8    00000060     rf_multiMode_cc13x2.aem4f : RFCC26X2_multiMode.c.cc13x2.ccs.o (.text:RF_applyRfCorePatch)
                  00011348    00000060     drivers_cc13x2.a : TRNGCC26XX.oem4f (.text:TRNGCC26XX_startTrng)
                  000113a8    00000060     maclib_secure_cc13x2.a : mac_radio.obj (.text:macGetRadioTxPowerReg)
                  00011408    00000060                            : mac_timer.obj (.text:macTimerCancel)
                  00011468    00000060                            : mac_timer.obj (.text:macTimerGetNextTimer)
                  000114c8    00000060     collector.obj (.text:orphanIndCb$3)
                  00011528    00000060     collector.obj (.text:processDataRetry$3)
                  00011588    00000060     cllc.obj (.text:sendScanReq$5)
                  000115e8    0000005e     api_mac.obj (.text:convertTxOptions)
                  00011646    00000002     rom_sysbios.aem4f : rom_sysbios.obj (.text:xdc_runtime_SysCallback_defaultPutch)
                  00011648    0000005c     nvocmp.obj (.text:NVOCMP_readItem$14)
                  000116a4    0000005c     maclib_osal_tirtos_cc13x2_26x2.a : osal_port.obj (.text:OsalPort_msgReceive)
                  00011700    0000005c                                      : osal_port.obj (.text:OsalPort_setEvent)
                  0001175c    0000005c     drivers_cc13x2.a : PINCC26XX.oem4f (.text:PIN_remove)
                  000117b8    0000005c                      : NVSCC26XX.oem4f (.text:doErase)
                  00011814    0000005c     maclib_secure_cc13x2.a : mac_hl_patch.obj (.text:macSetDefaultsByPatch)
                  00011870    0000005c     collector.obj (.text:sendBroadcastMsg$3)
                  000118cc    0000005c     drivers_cc13x2.a : UARTCC26XX.oem4f (.text:startTxFifoEmptyClk)
                  00011928    0000005c     app_pem4f.oem4f (.text:xdc_runtime_Startup_getState__I)
                  00011984    00000058     nvocmp.obj (.text:NVOCMP_getItemLenApi$14)
                  000119dc    00000058     drivers_cc13x2.a : PowerCC26X2_calibrateRCOSC.oem4f (.text:PowerCC26X2_initiateCalibration)
                  00011a34    00000058     rf_multiMode_cc13x2.aem4f : RFCC26X2_multiMode.c.cc13x2.ccs.o (.text:RF_TxPowerTable_findValue)
                  00011a8c    00000058                               : RFCC26X2_multiMode.c.cc13x2.ccs.o (.text:RF_hwiCpe0PowerFsm)
                  00011ae4    00000058     drivers_cc13x2.a : TRNGCC26XX.oem4f (.text:TRNG_init)
                  00011b3c    00000058     boot.aem4f : boot.oem4f (.text)
                  00011b94    00000058     maclib_secure_cc13x2.a : mac_radio_tx.obj (.text:macRadioTxRequestTxAck)
                  00011bec    00000056     drivers_cc13x2.a : LED.oem4f (.text:LED_startBlinking)
                  00011c42    00000056     rf_multiMode_cc13x2.aem4f : RFCC26X2_multiMode.c.cc13x2.ccs.o (.text:RF_defaultSubmitPolicy)
                  00011c98    00000054     drivers_cc13x2.a : AESCCMCC26XX.oem4f (.text:AESCCM_construct)
                  00011cec    00000054     cllc.obj (.text:Cllc_addSecDevice)
                  00011d40    00000054     driverlib.lib : prcm.obj (.text:NOROM_PRCMPowerDomainsAllOff)
                  00011d94    00000054     nvocmp.obj (.text:NVOCMP_doNVCRC$14)
                  00011de8    00000054     drivers_cc13x2.a : NVSCC26XX.oem4f (.text:NVSCC26XX_init)
                  00011e3c    00000054     rf_multiMode_cc13x2.aem4f : RFCC26X2_multiMode.c.cc13x2.ccs.o (.text:RF_fsmXOSCState)
                  00011e90    00000054     drivers_cc13x2.a : StructRingBuf.oem4f (.text:StructRingBuf_put)
                  00011ee4    00000054     dpl_cc13x2.a : SwiP_tirtos.oem4f (.text:SwiP_construct)
                  00011f38    00000054     maclib_secure_cc13x2.a : mac_hl_patch.obj (.text:macIncomingKeyUsagePolicyChecking)
                  00011f8c    00000054                            : mac_radio.obj (.text:macRadioSetChannel)
                  00011fe0    00000054                            : mac_radio.obj (.text:macRadioSetChannelRx)
                  00012034    00000054                            : mac_tx.obj (.text:macTxAckReceivedCallback)
                  00012088    00000054     api_mac.obj (.text:processScanCnf$8)
                  000120dc    00000054     csf.obj (.text:sendToggleAndUpdateUser$4)
                  00012130    00000054     collector.obj (.text:sendTrackingRequest$3)
                  00012184    00000050     drivers_cc13x2.a : GPIOCC26XX.oem4f (.text:GPIO_enableInt)
                  000121d4    00000050     nvocmp.obj (.text:NVOCMP_compactNvApi$14)
                  00012224    00000050     drivers_cc13x2.a : TRNGCC26XX.oem4f (.text:TRNGCC26XX_waitForResult)
                  00012274    00000050                      : TemperatureCC26X2.oem4f (.text:degreesToCode)
                  000122c4    00000050     maclib_secure_cc13x2.a : mac_sleep.obj (.text:macCanSleep)
                  00012314    00000050                            : mac_radio.obj (.text:macRadioSetPanCoordinator)
                  00012364    00000050                            : mac_rx_onoff.obj (.text:macRxDisable)
                  000123b4    00000050                            : mac_timer.obj (.text:macTimerStart)
                  00012404    00000050     cllc.obj (.text:maintainAssocTable$5)
                  00012454    0000004c     cui.obj (.text:CUI_updateCursor$6)
                  000124a0    0000004c     driverlib.lib : prcm.obj (.text:NOROM_PRCMPowerDomainsAllOn)
                  000124ec    0000004c     nvocmp.obj (.text:NVOCMP_setItemInactive$14)
                  00012538    0000004c     maclib_osal_tirtos_cc13x2_26x2.a : osal_port.obj (.text:OsalPort_msgSend)
                  00012584    0000004c     rf_multiMode_cc13x2.aem4f : RFCC26X2_multiMode.c.cc13x2.ccs.o (.text:RF_wakeupNotification)
                  000125d0    0000004c     drivers_cc13x2.a : StructRingBuf.oem4f (.text:StructRingBuf_get)
                  0001261c    0000004c                      : UARTCC26XX.oem4f (.text:UARTCC26XX_readCancel)
                  00012668    0000004c     rtsv7M4_T_le_v4SPD16_eabi.lib : atoi.c.obj (.text:atoi)
                  000126b4    0000004c                                   : cpy_tbl.c.obj (.text:copy_in)
                  00012700    0000004c     maclib_secure_cc13x2.a : mac_radio_tx.obj (.text:macRadioTxHandleAck)
                  0001274c    0000004c                            : mac.obj (.text:macSendFsCmd)
                  00012798    0000004c     maclib_osal_tirtos_cc13x2_26x2.a : osal_port.obj (.text:osalHeapGetStatsFxn)
                  000127e4    00000048     ti_drivers_config.obj (.text:Board_wakeUpExtFlash)
                  0001282c    00000048     CC1352R1_LAUNCHXL_fxns.obj (.text:CC1352R1_LAUNCHXL_wakeUpExtFlash)
                  00012874    00000048     csf.obj (.text:Csf_getNumDeviceListEntries)
                  000128bc    00000048     rf_multiMode_cc13x2.aem4f : rfc.c.cc13x2.ccs.o (.text:NOROM_RFCSynthPowerDown)
                  00012904    00000048     nvocmp.obj (.text:NVOCMP_write$14)
                  0001294c    00000048     drivers_cc13x2.a : NVS.oem4f (.text:NVS_open)
                  00012994    00000048                      : PINCC26XX.oem4f (.text:PIN_setOutputEnable)
                  000129dc    00000048                      : PowerCC26X2_calibrateRCOSC.oem4f (.text:PowerCC26X2_RCOSC_clockFunc)
                  00012a24    00000048                      : PowerCC26X2.oem4f (.text:PowerCC26XX_switchXOSC_HF)
                  00012a6c    00000048     cui.obj (.text:UartReadCallback$6)
                  00012ab4    00000048     maclib_osal_tirtos_cc13x2_26x2.a : util_timer.obj (.text:UtilTimer_construct)
                  00012afc    00000048     drivers_cc13x2.a : NVSCC26XX.oem4f (.text:disableFlashCache)
                  00012b44    00000048     csf.obj (.text:formNwkAndUpdateUser$4)
                  00012b8c    00000048     maclib_secure_cc13x2.a : mac_radio.obj (.text:macRadioNeedAdjustPower)
                  00012bd4    00000048                            : mac_radio.obj (.text:macRadioStopScan)
                  00012c1c    00000048                            : mac_timer.obj (.text:macTimerUpdActive)
                  00012c64    00000048     drivers_cc13x2.a : PowerCC26X2.oem4f (.text:switchXOSCHF)
                  00012cac    00000048     csf.obj (.text:uintToString$4)
                  00012cf4    00000048     drivers_cc13x2.a : UARTCC26XX.oem4f (.text:writeFinishedDoCallback)
                  00012d3c    00000046                      : RingBuf.oem4f (.text:RingBuf_put)
                  00012d82    00000046     maclib_secure_cc13x2.a : mac_hl_patch.obj (.text:macDeviceDescriptorLookup)
                  00012dc8    00000044     cllc.obj (.text:Cllc_sendDisassociationRequest)
                  00012e0c    00000044     drivers_cc13x2.a : GPIOCC26XX.oem4f (.text:GPIO_disableInt)
                  00012e50    00000044     maclib_secure_cc13x2.a : mac_timer.obj (.text:MAC_PwrNextTimeout)
                  00012e94    00000044     driverlib.lib : chipinfo.obj (.text:NOROM_ChipInfo_GetHwRevision)
                  00012ed8    00000044     drivers_cc13x2.a : NVSCC26XX.oem4f (.text:NVSCC26XX_read)
                  00012f1c    00000044                      : PINCC26XX.oem4f (.text:PIN_swi)
                  00012f60    00000044                      : PWM.oem4f (.text:PWM_init)
                  00012fa4    00000044                      : UART.oem4f (.text:UART_init)
                  00012fe8    00000044     maclib_secure_cc13x2.a : mac_tx.obj (.text:macTxTimestampCallback)
                  0001302c    00000042     api_mac.obj (.text:copyMacPanDescToApiMacPanDesc$8)
                  0001306e    00000040     dpl_cc13x2.a : ClockP_tirtos.oem4f (.text:ClockP_construct)
                  000130ae    00000002     --HOLE-- [fill = 0]
                  000130b0    00000040                  : ClockP_tirtos.oem4f (.text:ClockP_create)
                  000130f0    00000040     csf.obj (.text:Csf_getNetworkInformation)
                  00013130    00000040     driverlib.lib : osc.obj (.text:NOROM_OSC_HPOSCRelativeFrequencyOffsetGet)
                  00013170    00000040     maclib_osal_tirtos_cc13x2_26x2.a : osal_port.obj (.text:OsalPort_heapFree$41)
                  000131b0    00000040     drivers_cc13x2.a : PWM.oem4f (.text:PWM_open)
                  000131f0    00000040                      : PowerCC26X2.oem4f (.text:PowerCC26XX_isStableXOSC_HF)
                  00013230    00000040                      : Random.oem4f (.text:Random_getNumber)
                  00013270    00000040                      : RingBuf.oem4f (.text:RingBuf_get)
                  000132b0    00000040                      : TRNGCC26XX.oem4f (.text:TRNGCC26XX_copyToClient)
                  000132f0    00000040                      : UART.oem4f (.text:UART_open)
                  00013330    00000040     collector.obj (.text:cllcStateChangedCB$3)
                  00013370    00000040     rf_multiMode_cc13x2.aem4f : rf_patch_cpe_prop.c.cc13x2.ccs.o (.text:configurePropPatch)
                  000133b0    00000040     maclib_secure_cc13x2.a : mac_low_level.obj (.text:macLowLevelYield)
                  000133f0    00000040                            : mac.obj (.text:macRatCb_B)
                  00013430    00000040                            : mac_rx.obj (.text:macRxNokIsr)
                  00013470    00000040                            : mac_autopend.obj (.text:macSrcMatchSetEnableBit$17)
                  000134b0    00000040                            : mac_symbol_timer.obj (.text:macSymbolTimerSetTrigger)
                  000134f0    00000040                            : mac_tx.obj (.text:macTxUpdateIE)
                  00013530    00000040     rtsv7M4_T_le_v4SPD16_eabi.lib : u_divt2.asm.obj (.text)
                  00013570    00000040     drivers_cc13x2.a : TemperatureCC26X2.oem4f (.text:setNextThresholds)
                  000135b0    00000040     rom_sysbios.aem4f : rom_sysbios.obj (.text:ti_sysbios_family_arm_cc26xx_Timer_setThreshold__I)
                  000135f0    00000040                       : rom_sysbios.obj (.text:ti_sysbios_heaps_HeapCallback_Module_startup__E)
                  00013630    0000003e     dpl_cc13x2.a : HwiP_tirtos.oem4f (.text:HwiP_construct)
                  0001366e    0000003e     drivers_cc13x2.a : LED.oem4f (.text:LED_setBrightnessLevel)
                  000136ac    0000003e     maclib_osal_tirtos_cc13x2_26x2.a : osal_port.obj (.text:OsalPort_msgEnqueueMax)
                  000136ea    0000003e     drivers_cc13x2.a : LED.oem4f (.text:clockTimeoutHandler)
                  00013728    0000003c                      : LED.oem4f (.text:LED_setOff)
                  00013764    0000003c     maclib_secure_cc13x2.a : mac_pwr.obj (.text:MAC_PwrOnReq)
                  000137a0    0000003c     nvocmp.obj (.text:NVOCMP_disableCache$14)
                  000137dc    0000003c     drivers_cc13x2.a : PINCC26XX.oem4f (.text:PIN_setInterrupt)
                  00013818    0000003c                      : PINCC26XX.oem4f (.text:PIN_setOutputValue)
                  00013854    0000003c     rf_multiMode_cc13x2.aem4f : RFCC26X2_multiMode.c.cc13x2.ccs.o (.text:RF_cmdGet)
                  00013890    0000003c                               : RFCC26X2_multiMode.c.cc13x2.ccs.o (.text:RF_cmdStoreEvents)
                  000138cc    0000003c     cui.obj (.text:UartWriteCallback$6)
                  00013908    0000003c     drivers_cc13x2.a : NVSCC26XX.oem4f (.text:checkEraseRange)
                  00013944    0000003c     collector.obj (.text:cllcDeviceJoiningCB$3)
                  00013980    0000003c     maclib_secure_cc13x2.a : mac_timer.obj (.text:macTimerRecalcUnaligned)
                  000139bc    0000003c                            : mac_tx.obj (.text:macTxDecrypt)
                  000139f8    0000003c     rom_sysbios.aem4f : rom_sysbios.obj (.text:ti_sysbios_family_arm_m3_Hwi_construct2__E)
                  00013a34    00000038     ti_drivers_config.obj (.text:Board_shutDownExtFlash)
                  00013a6c    00000038     cllc.obj (.text:Cllc_setJoinPermit)
                  00013aa4    00000038     collector.obj (.text:Collector_sendDeviceTypeRequest)
                  00013adc    00000038     collector.obj (.text:Collector_sendToggleLedRequest)
                  00013b14    00000038     nvocmp.obj (.text:NVOCMP_findPage$14)
                  00013b4c    00000038     drivers_cc13x2.a : PINCC26XX.oem4f (.text:PIN_setConfig)
                  00013b84    00000038     rf_multiMode_cc13x2.aem4f : RFCC26X2_multiMode.c.cc13x2.ccs.o (.text:RF_checkCmdFsError)
                  00013bbc    00000038                               : RFCC26X2_multiMode.c.cc13x2.ccs.o (.text:RF_powerConstraintRelease)
                  00013bf4    00000038     collector.obj (.text:findDevice$3)
                  00013c2c    00000038     maclib_secure_cc13x2.a : mac_timer.obj (.text:macTimerAligned)
                  00013c64    00000038                            : mac_timer.obj (.text:macTimerInit)
                  00013c9c    00000038                            : mac_tx.obj (.text:macTxAckNotReceivedCallback)
                  00013cd4    00000038                            : mac_tx.obj (.text:macTxFrameIsr)
                  00013d0c    00000038     drivers_cc13x2.a : PowerCC26X2.oem4f (.text:notify)
                  00013d44    00000038                      : UARTCC26XX.oem4f (.text:readData)
                  00013d7c    00000038     rom_sysbios.aem4f : rom_sysbios.obj (.text:ti_sysbios_family_arm_cc26xx_Timer_getCurrentTick__E)
                  00013db4    00000038     drivers_cc13x2.a : UARTCC26XX.oem4f (.text:writeData)
                  00013dec    00000036     api_mac.obj (.text:ApiMac_convertCapabilityInfo)
                  00013e22    00000036     drivers_cc13x2.a : LED.oem4f (.text:LED_setOn)
                  00013e58    00000036     rom_sysbios.aem4f : rom_sysbios.obj (.text:ti_sysbios_family_arm_cc26xx_Timer_setNextTick__E)
                  00013e8e    00000002     --HOLE-- [fill = 0]
                  00013e90    00000034     csf.obj (.text:Csf_setTrackingClock)
                  00013ec4    00000034     driverlib.lib : sys_ctrl.obj (.text:NOROM_SysCtrlIdle)
                  00013ef8    00000034     nvocmp.obj (.text:NVOCMP_verifyCRC$14)
                  00013f2c    00000034     rf_multiMode_cc13x2.aem4f : RFCC26X2_multiMode.c.cc13x2.ccs.o (.text:RF_runDirectImmediateCmd)
                  00013f60    00000034     maclib_secure_cc13x2.a : mac_hl_patch.obj (.text:macCheckPhyRate)
                  00013f94    00000034                            : mac_low_level.obj (.text:macLowLevelDiags)
                  00013fc8    00000034                            : mac_radio.obj (.text:macRadioSetIEEEAddr)
                  00013ffc    00000034                            : mac.obj (.text:macRatDisableChannelB)
                  00014030    00000034                            : mac_symbol_timer.obj (.text:macSymbolTimerCount)
                  00014064    00000034     drivers_cc13x2.a : UARTCC26XX.oem4f (.text:readData2RingBuf)
                  00014098    00000034     csf.obj (.text:saveNumDeviceListEntries$4)
                  000140cc    00000034     rtsv7M4_T_le_v4SPD16_eabi.lib : strncpy.c.obj (.text:strncpy)
                  00014100    00000034     rom_sysbios.aem4f : rom_sysbios.obj (.text:ti_sysbios_knl_Swi_setPri__E)
                  00014134    00000034     drivers_cc13x2.a : TemperatureCC26X2.oem4f (.text:updateThresholds)
                  00014168    00000032     maclib_osal_tirtos_cc13x2_26x2.a : osal_port.obj (.text:OsalPort_msgExtract)
                  0001419a    00000032     rom_sysbios.aem4f : rom_sysbios.obj (.text:ti_sysbios_gates_GateMutexPri_insertPri__I)
                  000141cc    00000030     cllc.obj (.text:Cllc_getFormingPanId)
                  000141fc    00000030     csf.obj (.text:Csf_setConfigClock)
                  0001422c    00000030     drivers_cc13x2.a : GPIOCC26XX.oem4f (.text:GPIO_hwiIntFxn)
                  0001425c    00000030                      : GPIOCC26XX.oem4f (.text:GPIO_setCallback)
                  0001428c    00000030     nvocmp.obj (.text:NVOCMP_changePageState$14)
                  000142bc    00000030     drivers_cc13x2.a : NVSCC26XX.oem4f (.text:NVSCC26XX_erase)
                  000142ec    00000030                      : PINCC26XX.oem4f (.text:PINCC26XX_setMux)
                  0001431c    00000030                      : PowerCC26X2.oem4f (.text:Power_releaseConstraint)
                  0001434c    00000030                      : PowerCC26X2.oem4f (.text:Power_setConstraint)
                  0001437c    00000030                      : TRNGCC26XX.oem4f (.text:TRNGCC26XX_fillEntropyPool)
                  000143ac    00000030                      : TemperatureCC26X2.oem4f (.text:Temperature_unregisterNotify)
                  000143dc    00000030     collector.obj (.text:getMsduHandle$3)
                  0001440c    00000030     csf.obj (.text:getNumActiveDevices$4)
                  0001443c    00000030     maclib_secure_cc13x2.a : mac_rx_onoff.obj (.text:macRxHardDisable)
                  0001446c    00000030                            : mac_rx_onoff.obj (.text:macRxSoftDisable)
[...]
2000168c  Cllc_associatedDevList                                          
200018e5  savedCllcState                                                  
200018e6  permitJoining                                                   
200018ec  Csf_events                                                      
2000191c  collectorStatusLine                                             
20001920  deviceStatusLine                                                
20001924  numJoinDevStatusLine                                            
20001928  genericStatusLine                                               
2000192c  Csf_keys                                                        
20001940  csfCuiHndl                                                      
20001a98  RF_cmdNop                                                       
20001aa8  RF_cmdNopFg                                                     
20001ab8  RF_cmdRxAckCmd                                                  
20001acc  RF_cmdFsRx                                                      
20001ae4  RF_cmdFsTx                                                      
20001afc  RF_cmdIEEETx                                                    
20001b14  RF_cmdPropCs                                                    
20001b30  RF_cmdPropCsSlotted                                             
20001b4c  RF_cmdRadioSetup                                                
20001b6c  RF_cmdIEEECsma                                                  
20001b8c  RF_cmdPropTxAdv                                                 
20001bac  RF_cmdPropRadioDivSetup                                         
20001bdc  RF_cmdPropRxAdv                                                 
20001c0c  RF_cmdIEEERx                                                    
20001c48  taskCnt                                                         
20001c58  heapmgrMemFreeTotal                                             
20001c5c  heapmgrMemFreeError                                             
20001c68  HEAPMGR_SIZE                                                    
20001c6c  taskTbl                                                         
20001dd4  PowerCC26X2_module                                              
20001f44  ROM_stateStruct                                                 
20001f44  ti_sysbios_knl_Clock_Module__state__V                           
20001f70  ti_sysbios_family_arm_cc26xx_TimestampProvider_Module__state__V 
20001f74  xdc_runtime_Startup_Module__state__V                            
20001f7c  xdc_runtime_Registry_Module__state__V                           
20001f84  ti_sysbios_BIOS_Module__state__V                                
20001fa8  ti_sysbios_knl_Swi_Module__state__V                             
20001fc4  ti_sysbios_knl_Task_Module__state__V                            
20002008  xdc_runtime_Memory_Module__state__V                             
2000200c  xdc_runtime_System_Module__state__V                             
20002014  ti_sysbios_family_arm_m3_Hwi_Module__state__V                   
20002048  ti_sysbios_family_arm_cc26xx_Timer_Module__state__V             
20002056  Collector_events                                                
20002090  Collector_statistics                                            
200020cc  Collector_macCallbacks                                          
20002114  macSrcMatchIsAckAllPending                                      
20002115  macSrcResIndex                                                  
20002118  reqAccessAlloc                                                  
2000211a  rxCmdHandle                                                     
20002120  macRfDrvTblPtr                                                  
20002124  lastPostCmd                                                     
20002128  macSfdDetectCback                                               
2000212c  macTxTimestamp                                                  
20002130  pMacRadioConfig                                                 
20002148  macRxOutputSubG                                                 
20002154  macRxOutputIeee                                                 
20002164  macFrmFilter                                                    
20002174  macSrcShortAddrList                                             
20002190  macSrcExtAddrList                                               
200021c0  macMRFSKGenPhyTable                                             
20002262  gAction                                                         
20002263  NVOCMP_size                                                     
20002290  NVOCMP_nvHandle                                                 
200022d8  RF_prop_2gfsk50kbps154g                                         
200022e8  txPowerTable_868_pa13                                           
2000234c  fhObject                                                        
200023b8  appSubMenu                                                      
20002410  FHIE_channelPlan                                                
20002464  ti_sysbios_knl_Task_Object__table__V                            
200024b0  ti_sysbios_family_arm_cc26xx_Timer_Object__table__V             
20002500  pRfMode                                                         
20002504  pRfPowerTable                                                   
20002508  pMaxPower                                                       
2000250c  RF_handle                                                       
20002510  macPhyTxPower                                                   
20002518  RF_params                                                       
20002538  commissionSubMenu                                               
20002578  configureSubMenu                                                
200025b8  csfMainMenu                                                     
200025f8  ti_sysbios_gates_GateMutex_Object__table__V                     
20002631  appTaskId                                                       
20002638  appEvents                                                       
20002640  ApiMac_extAddr                                                  
20002648  appSem                                                          
20002664  macBeaconPayload                                                
20002698  pMacDataTx                                                      
2000269c  macDataTxIndirect                                               
200026a0  macDataRequeueIndirect                                          
200026a4  macDataRxBeaconCritical                                         
200026a8  macDataTxBeaconComplete                                         
200026ac  macDataSetSched                                                 
200026b0  macDataCheckSched                                               
200026b4  macDataCheckTxTime                                              
200026b8  macDataBeaconRequeue                                            
200026bc  csmPhy                                                          
200026c0  macTimerRollover                                                
200026c4  macTimerNewRollover                                             
200026c8  ti_sysbios_knl_Swi_Module_State_0_readyQ__A                     
200026f8  ti_sysbios_knl_Swi_Object__table__V                             
20002728  ti_sysbios_knl_Task_Module_State_0_readyQ__A                    
20002758  macSpecUsecsPerSymbol                                           
2000275c  macPrevPeriodRatCount                                           
20002760  macSymbolTimerRollover                                          
20002764  macSymbolTimerTrigger                                           
20002780  pOverrides_2gfsk50kbps154g                                      
200027a8  macTxSlottedDelayFactor                                         
200027a9  macTxType                                                       
200027aa  macTxBe                                                         
200027ab  macTxGpInterframeDelay                                          
200027ac  txAckReq                                                        
200027af  txSeqn                                                          
200027b1  numTx                                                           
200027b2  macTxCsmaBackoffDelay                                           
200027b4  macCsmaRtcTimerId                                               
200027b8  macAckDbg                                                       
200027cc  _hposcCoeffs                                                    
200027f0  macActionSet                                                    
20002838  macBeaconMargin                                                 
20002858  ti_sysbios_knl_Clock_Object__table__V                           
20002878  xdc_runtime_Error_IgnoreBlock                                   
20002898  ti_sysbios_family_arm_m3_Hwi_Object__table__V                   
200028b0  txCmdHandle                                                     
200028b2  macRadioAckIeeeFrame                                            
200028b8  pMacEnhancedAck                                                 
200028bc  macRadioAckFrame                                                
200028c4  macStateTbl                                                     
200028e8  gpioCallbackFunctions                                           
200028f8  gpioPinConfigs                                                  
20002908  macCfg                                                          
20002918  lastRatChanA                                                    
20002919  lastRatChanB                                                    
2000291a  macRxCmdActive                                                  
2000291b  macTxCmdActive                                                  
2000291c  macFsCmdActive                                                  
2000291d  macRxPreempted                                                  
2000291e  macReqAccessCnt                                                 
20002920  macReqAccessTimeCnt                                             
20002922  macReqAccErrCnt                                                 
20002924  numRfCmd                                                        
20002925  numRxCmd                                                        
20002926  numRxPostCmd                                                    
20002930  pClockHandleEDScan                                              
20002934  FH_FSM                                                          
20002940  ti_sysbios_heaps_HeapCallback_Object__table__V                  
2000294c  _lock                                                           
20002950  _unlock                                                         
20002954  FH_txTiming                                                     
2000295c  pinUpperBound                                                   
20002960  pinLowerBound                                                   
2000296c  ti_sysbios_family_arm_m3_Hwi_Module__root__V                    
20002974  ti_sysbios_gates_GateHwi_Module__root__V                        
2000297c  ti_sysbios_gates_GateMutexPri_Module__root__V                   
20002984  ti_sysbios_gates_GateMutex_Module__root__V                      
2000298c  ti_sysbios_hal_Hwi_Module__root__V                              
20002994  ti_sysbios_heaps_HeapCallback_Module__root__V                   
2000299c  ti_sysbios_heaps_HeapMem_Module__root__V                        
200029a4  ti_sysbios_knl_Clock_Module__root__V                            
200029ac  ti_sysbios_knl_Event_Module__root__V                            
200029b4  ti_sysbios_knl_Mailbox_Module__root__V                          
200029bc  ti_sysbios_knl_Queue_Module__root__V                            
200029c4  ti_sysbios_knl_Semaphore_Module__root__V                        
200029cc  ti_sysbios_knl_Swi_Module__root__V                              
200029d4  ti_sysbios_knl_Task_Module__root__V                             
200029e7  macAddrSize                                                     
200029ec  macTasksEvents                                                  
200029f0  macTxSlottedDelay                                               
200029f1  bInSwi                                                          
200029f2  macSrcMatchIsEnabled                                            
200029f3  macRadioYielded                                                 
200029f4  errno                                                           
200029f8  main_func_sp                                                    
200029fc  ti_sysbios_family_arm_m3_Hwi_Module_State_0_excContext__A       
20002a00  ti_sysbios_family_arm_m3_Hwi_Module_State_0_excStack__A         
20002a04  ti_sysbios_knl_Task_Module_State_0_idleTask__A                  
20002a08  CryptoResourceCC26XX_pollingFlag                                
20002a0c  ti_sysbios_family_arm_m3_Hwi_Module_State_0_excActive__A        
20002a0f  macSleepState                                                   
20002f08  ti_sysbios_knl_Task_Instance_State_0_stack__A                   
20003108  uartCC26XXObjects                                               
200032bc  enhancedAckBuf                                                  
200034b0  ti_sysbios_family_arm_m3_Hwi_dispatchTable                      
20003588  LEDObjects                                                      
20003640  FHPIB_db                                                        
200036cc  FH_hnd                                                          
20003754  macPib                                                          
200037dc  pinHandleTable                                                  
20003858  FHNT_tableOpt                                                   
200038d4  macScan                                                         
20003978  ButtonObjects                                                   
200039c8  CryptoResourceCC26XX_accessSemaphore                            
20003a18  CryptoResourceCC26XX_operationSemaphore                         
20003a68  cuiMultiMenuData                                                
20003ab4  FHFSM_Dbg                                                       
20003af6  driverlib_release_0_58048                                       
20003af7  macMgmt                                                         
20003af8  macSecurityPib                                                  
20003b38  macBeaconCoord                                                  
20003b74  FHNT_hnd                                                        
20003bac  macDeviceAction1                                                
20003c18  macBeaconDevice                                                 
20003c4c  macMgmtAction1                                                  
20003c7c  macCoord                                                        
20003ca8  macDevice                                                       
20003cd4  macRxFilter                                                     
20003cd5  rxPromiscuousMode                                               
20003cd8  rxSeqNum                                                        
20003ce0  macRxDataEntryOffset                                            
20003ce4  rxRadioBufferPtr                                                
20003cf4  macRxDataEntryQueue                                             
20003d5c  macBeacon                                                       
20003dd0  CryptoResourceCC26XX_hwi                                        
20003dec  macCoordAction2                                                 
20003e08  macReset                                                        
20003e24  aesccmCC26XXObjects                                             
20003e3c  macScanAction                                                   
20003e7c  macDeviceAction2                                                
20003e90  macMgmtAction2                                                  
20003ea4  macBeaconDeviceAction                                           
20003eb4  macCoordAction3                                                 
20003ec4  macData                                                         
20003ed4  macDataTxDelay                                                  
20003efc  FH_PibTbl                                                       
20003f08  macMain                                                         
20003f24  FHNT_tempTable                                                  
20003f2c  macBeaconCoordAction1                                           
20003f34  macCoordAction1                                                 
20003f3c  FHNT_Dbg                                                        
20003f42  macPanCoordinator                                               
20003f43  macPhyChannel                                                   
20003f48  AESCCM_handle                                                   
20003f4c  FH_test_var                                                     
20003f50  PowerCC26XX_swiKey                                              
20003f54  PowerCC26XX_taskKey                                             
20003f58  macCryptoDrvTblPtr                                              
20003f5c  macRxSymbol                                                     
20003f60  macTimerActive                                                  
20003f64  nvsCC26XXObjects                                                
20003f68  timerAlignedQ                                                   
20003f6c  timerUnalignedQ                                                 
20003f70  macPwr                                                          
20003f71  macRxActive                                                     
20003f72  macRxEnableFlags                                                
20003f73  macRxOutgoingAckFlag                                            
20003f74  macSymbolTimerImpending                                         
20003f75  macTaskId                                                       
20003f76  macTxActive                                                     
20003f77  macUnitBackoffPeriod                                            
20003f78  rxFhRsl                                                         
20003f79  heapStart                                                       
20013aa0  __stack                                                         
20013aa0  heapEnd                                                         
20014000  __STACK_END                                                     
20014000  __STACK_TOP                                                     
e000e000  ti_sysbios_family_arm_m3_Hwi_nvic                               
ffffffff  __TI_pprof_out_hndl                                             
ffffffff  __TI_prof_data_size                                             
ffffffff  __TI_prof_data_start                                            
ffffffff  __binit__                                                       
ffffffff  __c_args__                                                      
ffffffff  binit                                                           
UNDEFED   ITM_flush                                                       
UNDEFED   ITM_restore                                                     
UNDEFED   PWM_config                                                      
UNDEFED   PWM_count                                                       
UNDEFED   SHT$$INIT_ARRAY$$Base                                           
UNDEFED   SHT$$INIT_ARRAY$$Limit                                          

[1884 symbols]
