******************************************************************************
                  TI ARM Linker PC v20.2.1                     
******************************************************************************
>> Linked Thu Sep 24 19:09:39 2020

OUTPUT FILE NAME:   <Assignment1_Task1.out>
ENTRY POINT SYMBOL: "_c_int00_noargs"  address: 00000eb9


MEMORY CONFIGURATION

         name            origin    length      used     unused   attr    fill
----------------------  --------  ---------  --------  --------  ----  --------
  FLASH                 00000000   00040000  0000140c  0003ebf4  R  X
  SRAM                  20000000   00008000  00000392  00007c6e  RW X


SEGMENT ALLOCATION MAP

run origin  load origin   length   init length attrs members
----------  ----------- ---------- ----------- ----- -------
00000000    00000000    00001410   00001410    r-x
  00000000    00000000    0000026c   0000026c    r-- .intvecs
  0000026c    0000026c    00000e44   00000e44    r-x .text
  000010b0    000010b0    0000031c   0000031c    r-- .const
  000013d0    000013d0    00000040   00000040    r-- .cinit
20000000    20000000    00000396   00000000    rw-
  20000000    20000000    0000026c   00000000    rw- .vtable
  20000270    20000270    00000100   00000000    rw- .stack
  20000370    20000370    00000020   00000000    rw- .bss
  20000390    20000390    00000006   00000000    rw- .data


SECTION ALLOCATION MAP

 output                                  attributes/
section   page    origin      length       input sections
--------  ----  ----------  ----------   ----------------
.intvecs   0    00000000    0000026c     
                  00000000    0000026c     startup_ccs.obj (.intvecs)

.text      0    0000026c    00000e44     
                  0000026c    000001ee     uartstdio.obj (.text:UARTvprintf)
                  0000045a    00000002     startup_ccs.obj (.text:FaultISR)
                  0000045c    00000164     main.obj (.text:main)
                  000005c0    00000132     driverlib.lib : gpio.obj (.text:GPIOPadConfigSet)
                  000006f2    00000002     startup_ccs.obj (.text:IntDefaultHandler)
                  000006f4    00000110     driverlib.lib : sysctl.obj (.text:SysCtlClockGet)
                  00000804    000000f4                   : sysctl.obj (.text:SysCtlClockSet)
                  000008f8    000000b0     main.obj (.text:Timer1IntHandler)
                  000009a8    0000009c     rtsv7M4_T_le_v4SPD16_eabi.lib : memcpy_t2.asm.obj (.text)
                  00000a44    0000007a     driverlib.lib : adc.obj (.text:ADCSequenceStepConfigure)
                  00000abe    00000002     startup_ccs.obj (.text:NmiSR)
                  00000ac0    00000068     driverlib.lib : interrupt.obj (.text:IntEnable)
                  00000b28    00000068     rtsv7M4_T_le_v4SPD16_eabi.lib : copy_decompress_lzss.c.obj (.text:decompress:lzss:__TI_decompress_lzss)
                  00000b90    00000060     driverlib.lib : timer.obj (.text:TimerConfigure)
                  00000bf0    00000060     uartstdio.obj (.text:UARTStdioConfig)
                  00000c50    00000056     driverlib.lib : gpio.obj (.text:GPIOIntTypeSet)
                  00000ca6    00000050                   : adc.obj (.text:ADCSequenceConfigure)
                  00000cf6    00000002     rtsv7M4_T_le_v4SPD16_eabi.lib : div0.asm.obj (.text)
                  00000cf8    00000048     driverlib.lib : gpio.obj (.text:GPIOPinConfigure)
                  00000d40    00000048     uartstdio.obj (.text:UARTwrite)
                  00000d88    00000044     driverlib.lib : gpio.obj (.text:_GPIOIntNumberGet)
                  00000dcc    00000044     rtsv7M4_T_le_v4SPD16_eabi.lib : autoinit.c.obj (.text:__TI_auto_init_nobinit_nopinit:__TI_auto_init_nobinit_nopinit)
                  00000e10    00000040                                   : u_divt2.asm.obj (.text)
                  00000e50    00000034     driverlib.lib : interrupt.obj (.text:IntRegister)
                  00000e84    00000034                   : sysctl.obj (.text:SysCtlPeripheralEnable)
                  00000eb8    00000034     rtsv7M4_T_le_v4SPD16_eabi.lib : boot_cortex_m.c.obj (.text:_c_int00_noargs:_c_int00_noargs)
                  00000eec    0000002c     main.obj (.text:GPIOF4IntHandler)
                  00000f18    0000002a     driverlib.lib : gpio.obj (.text:GPIODirModeSet)
                  00000f42    0000001e                   : adc.obj (.text:ADCSequenceDataGet)
                  00000f60    0000001c     rtsv7M4_T_le_v4SPD16_eabi.lib : copy_zero_init.c.obj (.text:decompress:ZI:__TI_zero_init_nomemset:__TI_zero_init_nomemset)
                  00000f7c    0000001a     uartstdio.obj (.text:UARTprintf)
                  00000f96    00000018     driverlib.lib : adc.obj (.text:ADCProcessorTrigger)
                  00000fae    00000018                   : gpio.obj (.text:GPIOIntRegister)
                  00000fc6    00000018                   : gpio.obj (.text:GPIOPinTypeGPIOOutput)
                  00000fde    00000012                   : gpio.obj (.text:GPIOPinTypeGPIOInput)
                  00000ff0    00000012                   : gpio.obj (.text:GPIOPinTypeUART)
                  00001002    00000012                   : timer.obj (.text:TimerLoadSet)
                  00001014    00000010                   : interrupt.obj (.text:IntMasterEnable)
                  00001024    0000000e                   : adc.obj (.text:ADCHardwareOversampleConfigure)
                  00001032    0000000e                   : adc.obj (.text:ADCSequenceEnable)
                  00001040    0000000e                   : timer.obj (.text:TimerEnable)
                  0000104e    0000000e     rtsv7M4_T_le_v4SPD16_eabi.lib : copy_decompress_none.c.obj (.text:decompress:none:__TI_decompress_none)
                  0000105c    0000000c     driverlib.lib : cpu.obj (.text:CPUcpsie)
                  00001068    0000000c                   : gpio.obj (.text:GPIOIntEnable)
                  00001074    0000000a                   : adc.obj (.text:ADCIntClear)
                  0000107e    00000008                   : timer.obj (.text:TimerIntEnable)
                  00001086    00000006                   : gpio.obj (.text:GPIOIntClear)
                  0000108c    00000006                   : gpio.obj (.text:GPIOPinWrite)
                  00001092    00000006     startup_ccs.obj (.text:ResetISR)
                  00001098    00000006     driverlib.lib : sysctl.obj (.text:SysCtlDelay)
                  0000109e    00000006                   : uart.obj (.text:UARTClockSourceSet)
                  000010a4    00000004                   : timer.obj (.text:TimerIntClear)
                  000010a8    00000004     rtsv7M4_T_le_v4SPD16_eabi.lib : pre_init.c.obj (.text:_system_pre_init)
                  000010ac    00000004                                   : exit.c.obj (.text:abort:abort)

.const     0    000010b0    0000031c     
                  000010b0    000000d8     driverlib.lib : gpio.obj (.const:g_ppui32GPIOIntMapSnowflake)
                  00001188    000000c0                   : gpio.obj (.const:g_ppui32GPIOIntMapBlizzard)
                  00001248    00000090                   : gpio.obj (.const:g_pui32GPIOBaseAddrs)
                  000012d8    00000070                   : interrupt.obj (.const)
                  00001348    0000006c                   : sysctl.obj (.const:g_pui32Xtals)
                  000013b4    0000000c     uartstdio.obj (.const:g_ui32UARTBase)
                  000013c0    0000000c     uartstdio.obj (.const:g_ui32UARTPeriph)

.cinit     0    000013d0    00000040     
                  000013d0    0000000c     (__TI_handler_table)
                  000013dc    00000004     --HOLE-- [fill = 0]
                  000013e0    00000008     (.cinit..bss.load) [load image, compression = zero_init]
                  000013e8    00000008     (.cinit..data.load) [load image, compression = lzss]
                  000013f0    00000008     (.cinit..vtable.load) [load image, compression = zero_init]
                  000013f8    00000018     (__TI_cinit_table)

.init_array 
*          0    00000000    00000000     UNINITIALIZED

.vtable    0    20000000    0000026c     UNINITIALIZED
                  20000000    0000026c     driverlib.lib : interrupt.obj (.vtable)

.bss       0    20000370    00000020     UNINITIALIZED
                  20000370    00000010     (.common:ui32ADC0Value)
                  20000380    00000004     (.common:ui32Period)
                  20000384    00000004     (.common:ui32TempAvg)
                  20000388    00000004     (.common:ui32TempValueC)
                  2000038c    00000004     (.common:ui32TempValueF)

.data      0    20000390    00000006     UNINITIALIZED
                  20000390    00000005     uartstdio.obj (.data)
                  20000395    00000001     main.obj (.data)

.stack     0    20000270    00000100     UNINITIALIZED
                  20000270    00000004     rtsv7M4_T_le_v4SPD16_eabi.lib : boot_cortex_m.c.obj (.stack)
                  20000274    000000fc     --HOLE--

__llvm_prf_cnts 
*          0    20000000    00000000     UNINITIALIZED

MODULE SUMMARY

       Module                       code   ro data   rw data
       ------                       ----   -------   -------
    .\
       uartstdio.obj                688    24        5      
       startup_ccs.obj              12     620       0      
       main.obj                     576    0         33     
    +--+----------------------------+------+---------+---------+
       Total:                       1276   644       38     
                                                            
    C:/ti/tivaware_c_series_2_1_4_178/driverlib/ccs/Debug/driverlib.lib
       gpio.obj                     682    552       0      
       interrupt.obj                172    112       620    
       sysctl.obj                   574    108       0      
       adc.obj                      294    0         0      
       timer.obj                    140    0         0      
       cpu.obj                      12     0         0      
       uart.obj                     6      0         0      
    +--+----------------------------+------+---------+---------+
       Total:                       1880   772       620    
                                                            
    C:\ti\ccs1010\ccs\tools\compiler\ti-cgt-arm_20.2.1.LTS\lib\rtsv7M4_T_le_v4SPD16_eabi.lib
       memcpy_t2.asm.obj            156    0         0      
       copy_decompress_lzss.c.obj   104    0         0      
       autoinit.c.obj               68     0         0      
       u_divt2.asm.obj              64     0         0      
       boot_cortex_m.c.obj          52     0         0      
       copy_zero_init.c.obj         28     0         0      
       copy_decompress_none.c.obj   14     0         0      
       exit.c.obj                   4      0         0      
       pre_init.c.obj               4      0         0      
       div0.asm.obj                 2      0         0      
    +--+----------------------------+------+---------+---------+
       Total:                       496    0         0      
                                                            
       Stack:                       0      0         256    
       Linker Generated:            0      60        0      
    +--+----------------------------+------+---------+---------+
       Grand Total:                 3652   1476      914    


LINKER GENERATED COPY TABLES

__TI_cinit_table @ 000013f8 records: 3, size/record: 8, table size: 24
	.bss: load addr=000013e0, load size=00000008 bytes, run addr=20000370, run size=00000020 bytes, compression=zero_init
	.data: load addr=000013e8, load size=00000008 bytes, run addr=20000390, run size=00000006 bytes, compression=lzss
	.vtable: load addr=000013f0, load size=00000008 bytes, run addr=20000000, run size=0000026c bytes, compression=zero_init


LINKER GENERATED HANDLER TABLE

__TI_handler_table @ 000013d0 records: 3, size/record: 4, table size: 12
	index: 0, handler: __TI_zero_init
	index: 1, handler: __TI_decompress_lzss
	index: 2, handler: __TI_decompress_none


GLOBAL SYMBOLS: SORTED ALPHABETICALLY BY Name 

address   name                          
-------   ----                          
00001025  ADCHardwareOversampleConfigure
00001075  ADCIntClear                   
00000f97  ADCProcessorTrigger           
00000ca7  ADCSequenceConfigure          
00000f43  ADCSequenceDataGet            
00001033  ADCSequenceEnable             
00000a45  ADCSequenceStepConfigure      
000010ad  C$$EXIT                       
0000105d  CPUcpsie                      
00000f19  GPIODirModeSet                
00000eed  GPIOF4IntHandler              
00001087  GPIOIntClear                  
00001069  GPIOIntEnable                 
00000faf  GPIOIntRegister               
00000c51  GPIOIntTypeSet                
000005c1  GPIOPadConfigSet              
00000cf9  GPIOPinConfigure              
00000fdf  GPIOPinTypeGPIOInput          
00000fc7  GPIOPinTypeGPIOOutput         
00000ff1  GPIOPinTypeUART               
0000108d  GPIOPinWrite                  
00000ac1  IntEnable                     
00001015  IntMasterEnable               
00000e51  IntRegister                   
00001093  ResetISR                      
000006f5  SysCtlClockGet                
00000805  SysCtlClockSet                
00001099  SysCtlDelay                   
00000e85  SysCtlPeripheralEnable        
000008f9  Timer1IntHandler              
00000b91  TimerConfigure                
00001041  TimerEnable                   
000010a5  TimerIntClear                 
0000107f  TimerIntEnable                
00001003  TimerLoadSet                  
0000109f  UARTClockSourceSet            
00000bf1  UARTStdioConfig               
00000f7d  UARTprintf                    
0000026d  UARTvprintf                   
00000d41  UARTwrite                     
20000370  __STACK_END                   
00000100  __STACK_SIZE                  
20000370  __STACK_TOP                   
000013f8  __TI_CINIT_Base               
00001410  __TI_CINIT_Limit              
000013d0  __TI_Handler_Table_Base       
000013dc  __TI_Handler_Table_Limit      
00000dcd  __TI_auto_init_nobinit_nopinit
00000b29  __TI_decompress_lzss          
0000104f  __TI_decompress_none          
ffffffff  __TI_pprof_out_hndl           
ffffffff  __TI_prof_data_size           
ffffffff  __TI_prof_data_start          
00000000  __TI_static_base__            
00000f61  __TI_zero_init_nomemset       
00000cf7  __aeabi_idiv0                 
00000cf7  __aeabi_ldiv0                 
000009a9  __aeabi_memcpy                
000009a9  __aeabi_memcpy4               
000009a9  __aeabi_memcpy8               
00000e11  __aeabi_uidiv                 
00000e11  __aeabi_uidivmod              
ffffffff  __binit__                     
ffffffff  __c_args__                    
UNDEFED   __mpu_init                    
20000270  __stack                       
20000000  __start___llvm_prf_cnts       
20000000  __stop___llvm_prf_cnts        
00000eb9  _c_int00_noargs               
UNDEFED   _system_post_cinit            
000010a9  _system_pre_init              
000010ad  abort                         
ffffffff  binit                         
20000000  g_pfnRAMVectors               
00000000  g_pfnVectors                  
0000045d  main                          
000009a9  memcpy                        
20000395  status                        
20000370  ui32ADC0Value                 
20000380  ui32Period                    
20000384  ui32TempAvg                   
20000388  ui32TempValueC                
2000038c  ui32TempValueF                


GLOBAL SYMBOLS: SORTED BY Symbol Address 

address   name                          
-------   ----                          
00000000  __TI_static_base__            
00000000  g_pfnVectors                  
00000100  __STACK_SIZE                  
0000026d  UARTvprintf                   
0000045d  main                          
000005c1  GPIOPadConfigSet              
000006f5  SysCtlClockGet                
00000805  SysCtlClockSet                
000008f9  Timer1IntHandler              
000009a9  __aeabi_memcpy                
000009a9  __aeabi_memcpy4               
000009a9  __aeabi_memcpy8               
000009a9  memcpy                        
00000a45  ADCSequenceStepConfigure      
00000ac1  IntEnable                     
00000b29  __TI_decompress_lzss          
00000b91  TimerConfigure                
00000bf1  UARTStdioConfig               
00000c51  GPIOIntTypeSet                
00000ca7  ADCSequenceConfigure          
00000cf7  __aeabi_idiv0                 
00000cf7  __aeabi_ldiv0                 
00000cf9  GPIOPinConfigure              
00000d41  UARTwrite                     
00000dcd  __TI_auto_init_nobinit_nopinit
00000e11  __aeabi_uidiv                 
00000e11  __aeabi_uidivmod              
00000e51  IntRegister                   
00000e85  SysCtlPeripheralEnable        
00000eb9  _c_int00_noargs               
00000eed  GPIOF4IntHandler              
00000f19  GPIODirModeSet                
00000f43  ADCSequenceDataGet            
00000f61  __TI_zero_init_nomemset       
00000f7d  UARTprintf                    
00000f97  ADCProcessorTrigger           
00000faf  GPIOIntRegister               
00000fc7  GPIOPinTypeGPIOOutput         
00000fdf  GPIOPinTypeGPIOInput          
00000ff1  GPIOPinTypeUART               
00001003  TimerLoadSet                  
00001015  IntMasterEnable               
00001025  ADCHardwareOversampleConfigure
00001033  ADCSequenceEnable             
00001041  TimerEnable                   
0000104f  __TI_decompress_none          
0000105d  CPUcpsie                      
00001069  GPIOIntEnable                 
00001075  ADCIntClear                   
0000107f  TimerIntEnable                
00001087  GPIOIntClear                  
0000108d  GPIOPinWrite                  
00001093  ResetISR                      
00001099  SysCtlDelay                   
0000109f  UARTClockSourceSet            
000010a5  TimerIntClear                 
000010a9  _system_pre_init              
000010ad  C$$EXIT                       
000010ad  abort                         
000013d0  __TI_Handler_Table_Base       
000013dc  __TI_Handler_Table_Limit      
000013f8  __TI_CINIT_Base               
00001410  __TI_CINIT_Limit              
20000000  __start___llvm_prf_cnts       
20000000  __stop___llvm_prf_cnts        
20000000  g_pfnRAMVectors               
20000270  __stack                       
20000370  __STACK_END                   
20000370  __STACK_TOP                   
20000370  ui32ADC0Value                 
20000380  ui32Period                    
20000384  ui32TempAvg                   
20000388  ui32TempValueC                
2000038c  ui32TempValueF                
20000395  status                        
ffffffff  __TI_pprof_out_hndl           
ffffffff  __TI_prof_data_size           
ffffffff  __TI_prof_data_start          
ffffffff  __binit__                     
ffffffff  __c_args__                    
ffffffff  binit                         
UNDEFED   __mpu_init                    
UNDEFED   _system_post_cinit            

[83 symbols]
