******************************************************************************
                  TI ARM Linker PC v20.2.1                     
******************************************************************************
>> Linked Mon Sep 28 19:06:11 2020

OUTPUT FILE NAME:   <Assignment1_Task3.out>
ENTRY POINT SYMBOL: "_c_int00_noargs"  address: 00000f75


MEMORY CONFIGURATION

         name            origin    length      used     unused   attr    fill
----------------------  --------  ---------  --------  --------  ----  --------
  FLASH                 00000000   00040000  0000124e  0003edb2  R  X
  SRAM                  20000000   00008000  00000614  000079ec  RW X


SEGMENT ALLOCATION MAP

run origin  load origin   length   init length attrs members
----------  ----------- ---------- ----------- ----- -------
00000000    00000000    00001250   00001250    r-x
  00000000    00000000    0000026c   0000026c    r-- .intvecs
  0000026c    0000026c    00000ebe   00000ebe    r-x .text
  0000112c    0000112c    000000f4   000000f4    r-- .const
  00001220    00001220    00000030   00000030    r-- .cinit
20000000    20000000    00000614   00000000    rw-
  20000000    20000000    00000508   00000000    rw- .bss
  20000508    20000508    00000100   00000000    rw- .stack
  20000608    20000608    0000000c   00000000    rw- .data


SECTION ALLOCATION MAP

 output                                  attributes/
section   page    origin      length       input sections
--------  ----  ----------  ----------   ----------------
.intvecs   0    00000000    0000026c     
                  00000000    0000026c     startup_ccs.obj (.intvecs)

.text      0    0000026c    00000ebe     
                  0000026c    000001ee     uartstdio.obj (.text:UARTvprintf)
                  0000045a    00000002     startup_ccs.obj (.text:FaultISR)
                  0000045c    0000019c     main.obj (.text:main)
                  000005f8    00000110     driverlib.lib : sysctl.obj (.text:SysCtlClockGet)
                  00000708    000000f4                   : sysctl.obj (.text:SysCtlClockSet)
                  000007fc    0000009c     rtsv7M4_T_le_v4SPD16_eabi.lib : memcpy_t2.asm.obj (.text)
                  00000898    00000084     driverlib.lib : udma.obj (.text:uDMAChannelTransferSet)
                  0000091c    00000080     main.obj (.text:init_ADC)
                  0000099c    0000007a     driverlib.lib : adc.obj (.text:ADCSequenceStepConfigure)
                  00000a16    0000007a     rtsv7M4_T_le_v4SPD16_eabi.lib : memset_t2.asm.obj (.text)
                  00000a90    00000068     driverlib.lib : interrupt.obj (.text:IntDisable)
                  00000af8    00000068                   : interrupt.obj (.text:IntEnable)
                  00000b60    00000068     rtsv7M4_T_le_v4SPD16_eabi.lib : copy_decompress_lzss.c.obj (.text:decompress:lzss:__TI_decompress_lzss)
                  00000bc8    00000068     main.obj (.text:init_DMA)
                  00000c30    00000064     main.obj (.text:ConfigureUART)
                  00000c94    00000060     uartstdio.obj (.text:UARTStdioConfig)
                  00000cf4    00000058     main.obj (.text:init_TIMER)
                  00000d4c    00000050     driverlib.lib : adc.obj (.text:ADCSequenceConfigure)
                  00000d9c    00000048     main.obj (.text:ADCseq0Handler)
                  00000de4    00000048     uartstdio.obj (.text:UARTwrite)
                  00000e2c    00000048     driverlib.lib : udma.obj (.text:uDMAChannelAttributeDisable)
                  00000e74    00000048                   : udma.obj (.text:uDMAChannelAttributeEnable)
                  00000ebc    00000044     rtsv7M4_T_le_v4SPD16_eabi.lib : autoinit.c.obj (.text:__TI_auto_init_nobinit_nopinit:__TI_auto_init_nobinit_nopinit)
                  00000f00    00000040                                   : u_divt2.asm.obj (.text)
                  00000f40    00000034     driverlib.lib : sysctl.obj (.text:SysCtlPeripheralEnable)
                  00000f74    00000034     rtsv7M4_T_le_v4SPD16_eabi.lib : boot_cortex_m.c.obj (.text:_c_int00_noargs:_c_int00_noargs)
                  00000fa8    00000028     driverlib.lib : udma.obj (.text:uDMAChannelModeGet)
                  00000fd0    00000024                   : udma.obj (.text:uDMAChannelControlSet)
                  00000ff4    00000024     main.obj (.text:uDMAErrorHandler)
                  00001018    0000001a     uartstdio.obj (.text:UARTprintf)
                  00001032    00000018     driverlib.lib : adc.obj (.text:ADCClockConfigSet)
                  0000104a    00000002     startup_ccs.obj (.text:IntDefaultHandler)
                  0000104c    00000018     driverlib.lib : udma.obj (.text:uDMAChannelEnable)
                  00001064    00000010                   : adc.obj (.text:ADCSequenceDMAEnable)
                  00001074    00000010     main.obj (.text:SysTickIntHandler)
                  00001084    00000010     driverlib.lib : udma.obj (.text:uDMAEnable)
                  00001094    0000000e                   : adc.obj (.text:ADCHardwareOversampleConfigure)
                  000010a2    0000000e                   : adc.obj (.text:ADCIntDisable)
                  000010b0    0000000e                   : adc.obj (.text:ADCSequenceDisable)
                  000010be    0000000e                   : adc.obj (.text:ADCSequenceEnable)
                  000010cc    0000000e     rtsv7M4_T_le_v4SPD16_eabi.lib : copy_decompress_none.c.obj (.text:decompress:none:__TI_decompress_none)
                  000010da    00000002     startup_ccs.obj (.text:NmiSR)
                  000010dc    0000000c     main.obj (.text:Timer0AIntHandler)
                  000010e8    0000000c     rtsv7M4_T_le_v4SPD16_eabi.lib : copy_zero_init.c.obj (.text:decompress:ZI:__TI_zero_init)
                  000010f4    0000000c     driverlib.lib : udma.obj (.text:uDMAControlBaseSet)
                  00001100    0000000a                   : adc.obj (.text:ADCIntClear)
                  0000110a    00000006     startup_ccs.obj (.text:ResetISR)
                  00001110    00000006     driverlib.lib : sysctl.obj (.text:SysCtlDelay)
                  00001116    00000006                   : uart.obj (.text:UARTClockSourceSet)
                  0000111c    00000004                   : timer.obj (.text:TimerIntClear)
                  00001120    00000004     rtsv7M4_T_le_v4SPD16_eabi.lib : pre_init.c.obj (.text:_system_pre_init)
                  00001124    00000004                                   : exit.c.obj (.text:abort:abort)
                  00001128    00000002                                   : div0.asm.obj (.text)

.const     0    0000112c    000000f4     
                  0000112c    00000070     driverlib.lib : interrupt.obj (.const)
                  0000119c    0000006c                   : sysctl.obj (.const:g_pui32Xtals)
                  00001208    0000000c     uartstdio.obj (.const:g_ui32UARTBase)
                  00001214    0000000c     uartstdio.obj (.const:g_ui32UARTPeriph)

.cinit     0    00001220    00000030     
                  00001220    0000000c     (__TI_handler_table)
                  0000122c    00000004     --HOLE-- [fill = 0]
                  00001230    00000008     (.cinit..bss.load) [load image, compression = zero_init]
                  00001238    00000007     (.cinit..data.load) [load image, compression = lzss]
                  0000123f    00000001     --HOLE-- [fill = 0]
                  00001240    00000010     (__TI_cinit_table)

.init_array 
*          0    00000000    00000000     UNINITIALIZED

.bss       0    20000000    00000508     UNINITIALIZED
                  20000000    00000400     (.common:ucControlTable)
                  20000400    00000080     main.obj (.bss:ADC_Out1)
                  20000480    00000080     main.obj (.bss:ADC_Out2)
                  20000500    00000004     main.obj (.bss:BufferStatus)
                  20000504    00000004     main.obj (.bss)

.data      0    20000608    0000000c     UNINITIALIZED
                  20000608    00000005     uartstdio.obj (.data)
                  2000060d    00000003     --HOLE--
                  20000610    00000004     main.obj (.data)

.stack     0    20000508    00000100     UNINITIALIZED
                  20000508    00000004     rtsv7M4_T_le_v4SPD16_eabi.lib : boot_cortex_m.c.obj (.stack)
                  2000050c    000000fc     --HOLE--

__llvm_prf_cnts 
*          0    20000000    00000000     UNINITIALIZED

MODULE SUMMARY

       Module                       code   ro data   rw data
       ------                       ----   -------   -------
    .\
       main.obj                     968    0         1292   
       uartstdio.obj                688    24        5      
       startup_ccs.obj              12     620       0      
    +--+----------------------------+------+---------+---------+
       Total:                       1668   644       1297   
                                                            
    C:/ti/tivaware_c_series_2_1_4_178/driverlib/ccs/Debug/driverlib.lib
       sysctl.obj                   574    108       0      
       udma.obj                     404    0         0      
       interrupt.obj                208    112       0      
       adc.obj                      308    0         0      
       uart.obj                     6      0         0      
       timer.obj                    4      0         0      
    +--+----------------------------+------+---------+---------+
       Total:                       1504   220       0      
                                                            
    C:\ti\ccs1010\ccs\tools\compiler\ti-cgt-arm_20.2.1.LTS\lib\rtsv7M4_T_le_v4SPD16_eabi.lib
       memcpy_t2.asm.obj            156    0         0      
       memset_t2.asm.obj            122    0         0      
       copy_decompress_lzss.c.obj   104    0         0      
       autoinit.c.obj               68     0         0      
       u_divt2.asm.obj              64     0         0      
       boot_cortex_m.c.obj          52     0         0      
       copy_decompress_none.c.obj   14     0         0      
       copy_zero_init.c.obj         12     0         0      
       exit.c.obj                   4      0         0      
       pre_init.c.obj               4      0         0      
       div0.asm.obj                 2      0         0      
    +--+----------------------------+------+---------+---------+
       Total:                       602    0         0      
                                                            
       Stack:                       0      0         256    
       Linker Generated:            0      43        0      
    +--+----------------------------+------+---------+---------+
       Grand Total:                 3774   907       1553   


LINKER GENERATED COPY TABLES

__TI_cinit_table @ 00001240 records: 2, size/record: 8, table size: 16
	.bss: load addr=00001230, load size=00000008 bytes, run addr=20000000, run size=00000508 bytes, compression=zero_init
	.data: load addr=00001238, load size=00000007 bytes, run addr=20000608, run size=0000000c bytes, compression=lzss


LINKER GENERATED HANDLER TABLE

__TI_handler_table @ 00001220 records: 3, size/record: 4, table size: 12
	index: 0, handler: __TI_decompress_lzss
	index: 1, handler: __TI_decompress_none
	index: 2, handler: __TI_zero_init


GLOBAL SYMBOLS: SORTED ALPHABETICALLY BY Name 

address   name                          
-------   ----                          
00001033  ADCClockConfigSet             
00001095  ADCHardwareOversampleConfigure
00001101  ADCIntClear                   
000010a3  ADCIntDisable                 
00000d4d  ADCSequenceConfigure          
00001065  ADCSequenceDMAEnable          
000010b1  ADCSequenceDisable            
000010bf  ADCSequenceEnable             
0000099d  ADCSequenceStepConfigure      
00000d9d  ADCseq0Handler                
00001125  C$$EXIT                       
00000c31  ConfigureUART                 
00000a91  IntDisable                    
00000af9  IntEnable                     
0000110b  ResetISR                      
000005f9  SysCtlClockGet                
00000709  SysCtlClockSet                
00001111  SysCtlDelay                   
00000f41  SysCtlPeripheralEnable        
00001075  SysTickIntHandler             
000010dd  Timer0AIntHandler             
0000111d  TimerIntClear                 
00001117  UARTClockSourceSet            
00000c95  UARTStdioConfig               
00001019  UARTprintf                    
0000026d  UARTvprintf                   
00000de5  UARTwrite                     
20000608  __STACK_END                   
00000100  __STACK_SIZE                  
20000608  __STACK_TOP                   
00001240  __TI_CINIT_Base               
00001250  __TI_CINIT_Limit              
00001220  __TI_Handler_Table_Base       
0000122c  __TI_Handler_Table_Limit      
00000ebd  __TI_auto_init_nobinit_nopinit
00000b61  __TI_decompress_lzss          
000010cd  __TI_decompress_none          
ffffffff  __TI_pprof_out_hndl           
ffffffff  __TI_prof_data_size           
ffffffff  __TI_prof_data_start          
00000000  __TI_static_base__            
000010e9  __TI_zero_init                
00001129  __aeabi_idiv0                 
00001129  __aeabi_ldiv0                 
00000a17  __aeabi_memclr                
00000a17  __aeabi_memclr4               
00000a17  __aeabi_memclr8               
000007fd  __aeabi_memcpy                
000007fd  __aeabi_memcpy4               
000007fd  __aeabi_memcpy8               
00000a19  __aeabi_memset                
00000a19  __aeabi_memset4               
00000a19  __aeabi_memset8               
00000f01  __aeabi_uidiv                 
00000f01  __aeabi_uidivmod              
ffffffff  __binit__                     
ffffffff  __c_args__                    
UNDEFED   __mpu_init                    
20000508  __stack                       
20000000  __start___llvm_prf_cnts       
20000000  __stop___llvm_prf_cnts        
00000f75  _c_int00_noargs               
UNDEFED   _system_post_cinit            
00001121  _system_pre_init              
00001125  abort                         
ffffffff  binit                         
00000000  g_pfnVectors                  
0000091d  init_ADC                      
00000bc9  init_DMA                      
00000cf5  init_TIMER                    
0000045d  main                          
000007fd  memcpy                        
00000a1f  memset                        
00000e2d  uDMAChannelAttributeDisable   
00000e75  uDMAChannelAttributeEnable    
00000fd1  uDMAChannelControlSet         
0000104d  uDMAChannelEnable             
00000fa9  uDMAChannelModeGet            
00000899  uDMAChannelTransferSet        
000010f5  uDMAControlBaseSet            
00001085  uDMAEnable                    
00000ff5  uDMAErrorHandler              
20000000  ucControlTable                


GLOBAL SYMBOLS: SORTED BY Symbol Address 

address   name                          
-------   ----                          
00000000  __TI_static_base__            
00000000  g_pfnVectors                  
00000100  __STACK_SIZE                  
0000026d  UARTvprintf                   
0000045d  main                          
000005f9  SysCtlClockGet                
00000709  SysCtlClockSet                
000007fd  __aeabi_memcpy                
000007fd  __aeabi_memcpy4               
000007fd  __aeabi_memcpy8               
000007fd  memcpy                        
00000899  uDMAChannelTransferSet        
0000091d  init_ADC                      
0000099d  ADCSequenceStepConfigure      
00000a17  __aeabi_memclr                
00000a17  __aeabi_memclr4               
00000a17  __aeabi_memclr8               
00000a19  __aeabi_memset                
00000a19  __aeabi_memset4               
00000a19  __aeabi_memset8               
00000a1f  memset                        
00000a91  IntDisable                    
00000af9  IntEnable                     
00000b61  __TI_decompress_lzss          
00000bc9  init_DMA                      
00000c31  ConfigureUART                 
00000c95  UARTStdioConfig               
00000cf5  init_TIMER                    
00000d4d  ADCSequenceConfigure          
00000d9d  ADCseq0Handler                
00000de5  UARTwrite                     
00000e2d  uDMAChannelAttributeDisable   
00000e75  uDMAChannelAttributeEnable    
00000ebd  __TI_auto_init_nobinit_nopinit
00000f01  __aeabi_uidiv                 
00000f01  __aeabi_uidivmod              
00000f41  SysCtlPeripheralEnable        
00000f75  _c_int00_noargs               
00000fa9  uDMAChannelModeGet            
00000fd1  uDMAChannelControlSet         
00000ff5  uDMAErrorHandler              
00001019  UARTprintf                    
00001033  ADCClockConfigSet             
0000104d  uDMAChannelEnable             
00001065  ADCSequenceDMAEnable          
00001075  SysTickIntHandler             
00001085  uDMAEnable                    
00001095  ADCHardwareOversampleConfigure
000010a3  ADCIntDisable                 
000010b1  ADCSequenceDisable            
000010bf  ADCSequenceEnable             
000010cd  __TI_decompress_none          
000010dd  Timer0AIntHandler             
000010e9  __TI_zero_init                
000010f5  uDMAControlBaseSet            
00001101  ADCIntClear                   
0000110b  ResetISR                      
00001111  SysCtlDelay                   
00001117  UARTClockSourceSet            
0000111d  TimerIntClear                 
00001121  _system_pre_init              
00001125  C$$EXIT                       
00001125  abort                         
00001129  __aeabi_idiv0                 
00001129  __aeabi_ldiv0                 
00001220  __TI_Handler_Table_Base       
0000122c  __TI_Handler_Table_Limit      
00001240  __TI_CINIT_Base               
00001250  __TI_CINIT_Limit              
20000000  __start___llvm_prf_cnts       
20000000  __stop___llvm_prf_cnts        
20000000  ucControlTable                
20000508  __stack                       
20000608  __STACK_END                   
20000608  __STACK_TOP                   
ffffffff  __TI_pprof_out_hndl           
ffffffff  __TI_prof_data_size           
ffffffff  __TI_prof_data_start          
ffffffff  __binit__                     
ffffffff  __c_args__                    
ffffffff  binit                         
UNDEFED   __mpu_init                    
UNDEFED   _system_post_cinit            

[83 symbols]
