******************************************************************************
                  TI ARM Linker PC v20.2.1                     
******************************************************************************
>> Linked Fri Oct  9 19:09:31 2020

OUTPUT FILE NAME:   <Assignment2_Task1.out>
ENTRY POINT SYMBOL: "_c_int00_noargs"  address: 00001cfd


MEMORY CONFIGURATION

         name            origin    length      used     unused   attr    fill
----------------------  --------  ---------  --------  --------  ----  --------
  FLASH                 00000000   00040000  00001fe8  0003e018  R  X
  SRAM                  20000000   00008000  00000130  00007ed0  RW X


SEGMENT ALLOCATION MAP

run origin  load origin   length   init length attrs members
----------  ----------- ---------- ----------- ----- -------
00000000    00000000    00001fe8   00001fe8    r-x
  00000000    00000000    00001e70   00001e70    r-x .text
  00001e70    00001e70    00000148   00000148    r-- .const
  00001fb8    00001fb8    00000030   00000030    r-- .cinit
20000000    20000000    00000130   00000000    rw-
  20000000    20000000    00000100   00000000    rw- .stack
  20000100    20000100    00000024   00000000    rw- .bss
  20000124    20000124    0000000c   00000000    rw- .data


SECTION ALLOCATION MAP

 output                                  attributes/
section   page    origin      length       input sections
--------  ----  ----------  ----------   ----------------
.text      0    00000000    00001e70     
                  00000000    000009c0     rtsv7M4_T_le_v4SPD16_eabi.lib : e_pow.c.obj (.text:pow)
                  000009c0    000001ee     uartstdio.obj (.text:UARTvprintf)
                  00000bae    00000002     rtsv7M4_T_le_v4SPD16_eabi.lib : div0.asm.obj (.text)
                  00000bb0    000001ec     main.obj (.text:main)
                  00000d9c    000001b6     rtsv7M4_T_le_v4SPD16_eabi.lib : fd_add_t2.asm.obj (.text)
                  00000f52    00000002     --HOLE-- [fill = 0]
                  00000f54    00000158                                   : e_sqrt.c.obj (.text:sqrt)
                  000010ac    00000136                                   : fd_div_t2.asm.obj (.text)
                  000011e2    00000132     driverlib.lib : gpio.obj (.text:GPIOPadConfigSet)
                  00001314    00000110                   : sysctl.obj (.text:SysCtlClockGet)
                  00001424    00000110     rtsv7M4_T_le_v4SPD16_eabi.lib : s_scalbn.c.obj (.text:scalbn)
                  00001534    000000fc                                   : fd_mul_t2.asm.obj (.text)
                  00001630    000000f4     driverlib.lib : sysctl.obj (.text:SysCtlClockSet)
                  00001724    000000c0     main.obj (.text:I2C_Init)
                  000017e4    0000009c     rtsv7M4_T_le_v4SPD16_eabi.lib : memcpy_t2.asm.obj (.text)
                  00001880    00000086                                   : fd_cmp_t2.asm.obj (.text:__aeabi_cdcmple)
                  00001906    00000086                                   : fd_cmp_t2.asm.obj (.text:__aeabi_cdrcmple)
                  0000198c    00000078     main.obj (.text:I2C_Read)
                  00001a04    00000068     rtsv7M4_T_le_v4SPD16_eabi.lib : copy_decompress_lzss.c.obj (.text:decompress:lzss:__TI_decompress_lzss)
                  00001a6c    00000060     uartstdio.obj (.text:UARTStdioConfig)
                  00001acc    00000050     driverlib.lib : sysctl.obj (.text:SysCtlPeripheralReset)
                  00001b1c    0000004c     main.obj (.text:ConfigureUART0)
                  00001b68    0000004c     driverlib.lib : i2c.obj (.text:I2CMasterInitExpClk)
                  00001bb4    00000048                   : gpio.obj (.text:GPIOPinConfigure)
                  00001bfc    00000048     uartstdio.obj (.text:UARTwrite)
                  00001c44    00000044     rtsv7M4_T_le_v4SPD16_eabi.lib : autoinit.c.obj (.text:__TI_auto_init_nobinit_nopinit:__TI_auto_init_nobinit_nopinit)
                  00001c88    00000040                                   : u_divt2.asm.obj (.text)
                  00001cc8    00000034     driverlib.lib : sysctl.obj (.text:SysCtlPeripheralEnable)
                  00001cfc    00000034     rtsv7M4_T_le_v4SPD16_eabi.lib : boot_cortex_m.c.obj (.text:_c_int00_noargs:_c_int00_noargs)
                  00001d30    0000002e                                   : i_tofd_t2.asm.obj (.text)
                  00001d5e    0000002a     driverlib.lib : gpio.obj (.text:GPIODirModeSet)
                  00001d88    0000001c     rtsv7M4_T_le_v4SPD16_eabi.lib : copy_zero_init.c.obj (.text:decompress:ZI:__TI_zero_init_nomemset:__TI_zero_init_nomemset)
                  00001da4    0000001a     uartstdio.obj (.text:UARTprintf)
                  00001dbe    0000001a     rtsv7M4_T_le_v4SPD16_eabi.lib : s_copysign.c.obj (.text:copysign)
                  00001dd8    00000012     driverlib.lib : gpio.obj (.text:GPIOPinTypeI2C)
                  00001dea    00000012                   : gpio.obj (.text:GPIOPinTypeI2CSCL)
                  00001dfc    00000012                   : gpio.obj (.text:GPIOPinTypeUART)
                  00001e0e    00000002     --HOLE-- [fill = 0]
                  00001e10    00000010     IQmathLib.lib : IQNmpy.obj (.text:_IQ24mpy)
                  00001e20    0000000e     rtsv7M4_T_le_v4SPD16_eabi.lib : copy_decompress_none.c.obj (.text:decompress:none:__TI_decompress_none)
                  00001e2e    0000000a     driverlib.lib : i2c.obj (.text:I2CMasterEnable)
                  00001e38    00000008                   : i2c.obj (.text:I2CMasterBusy)
                  00001e40    00000008                   : i2c.obj (.text:I2CMasterSlaveAddrSet)
                  00001e48    00000008     rtsv7M4_T_le_v4SPD16_eabi.lib : errno.c.obj (.text:__aeabi_errno_addr)
                  00001e50    00000006     driverlib.lib : sysctl.obj (.text:SysCtlDelay)
                  00001e56    00000006                   : uart.obj (.text:UARTClockSourceSet)
                  00001e5c    00000004                   : i2c.obj (.text:I2CMasterControl)
                  00001e60    00000004                   : i2c.obj (.text:I2CMasterDataGet)
                  00001e64    00000004                   : i2c.obj (.text:I2CMasterDataPut)
                  00001e68    00000004     rtsv7M4_T_le_v4SPD16_eabi.lib : pre_init.c.obj (.text:_system_pre_init)
                  00001e6c    00000004                                   : exit.c.obj (.text:abort:abort)

.const     0    00001e70    00000148     
                  00001e70    00000090     driverlib.lib : gpio.obj (.const:g_pui32GPIOBaseAddrs)
                  00001f00    0000006c                   : sysctl.obj (.const:g_pui32Xtals)
                  00001f6c    00000004     --HOLE-- [fill = 0]
                  00001f70    00000030     rtsv7M4_T_le_v4SPD16_eabi.lib : e_pow.c.obj (.const:$O1$$)
                  00001fa0    0000000c     uartstdio.obj (.const:g_ui32UARTBase)
                  00001fac    0000000c     uartstdio.obj (.const:g_ui32UARTPeriph)

.cinit     0    00001fb8    00000030     
                  00001fb8    0000000c     (__TI_handler_table)
                  00001fc4    0000000b     (.cinit..data.load) [load image, compression = lzss]
                  00001fcf    00000001     --HOLE-- [fill = 0]
                  00001fd0    00000008     (.cinit..bss.load) [load image, compression = zero_init]
                  00001fd8    00000010     (__TI_cinit_table)

.init_array 
*          0    00000000    00000000     UNINITIALIZED

.bss       0    20000100    00000024     UNINITIALIZED
                  20000100    00000008     (.common:F)
                  20000108    00000008     (.common:S)
                  20000110    00000008     (.common:TDIE)
                  20000118    00000008     (.common:temp)
                  20000120    00000002     (.common:TMP006_Temp)
                  20000122    00000002     (.common:TMP006_Voltage)

.data      0    20000124    0000000c     UNINITIALIZED
                  20000124    00000005     uartstdio.obj (.data)
                  20000129    00000001     --HOLE--
                  2000012a    00000002     main.obj (.data)
                  2000012c    00000004     rtsv7M4_T_le_v4SPD16_eabi.lib : errno.c.obj (.data)

.stack     0    20000000    00000100     UNINITIALIZED
                  20000000    00000004     rtsv7M4_T_le_v4SPD16_eabi.lib : boot_cortex_m.c.obj (.stack)
                  20000004    000000fc     --HOLE--

__llvm_prf_cnts 
*          0    20000000    00000000     UNINITIALIZED

MODULE SUMMARY

       Module                       code   ro data   rw data
       ------                       ----   -------   -------
    .\
       main.obj                     880    0         38     
       uartstdio.obj                688    24        5      
    +--+----------------------------+------+---------+---------+
       Total:                       1568   24        43     
                                                            
    C:/ti/tivaware_c_series_2_1_4_178/IQmath/ccs/IQmathLib/Debug/IQmathLib.lib
       IQNmpy.obj                   16     0         0      
    +--+----------------------------+------+---------+---------+
       Total:                       16     0         0      
                                                            
    C:/ti/tivaware_c_series_2_1_4_178/driverlib/ccs/Debug/driverlib.lib
       sysctl.obj                   654    108       0      
       gpio.obj                     474    144       0      
       i2c.obj                      114    0         0      
       uart.obj                     6      0         0      
    +--+----------------------------+------+---------+---------+
       Total:                       1248   252       0      
                                                            
    C:\ti\ccs1010\ccs\tools\compiler\ti-cgt-arm_20.2.1.LTS\lib\rtsv7M4_T_le_v4SPD16_eabi.lib
       e_pow.c.obj                  2496   48        0      
       fd_add_t2.asm.obj            438    0         0      
       e_sqrt.c.obj                 344    0         0      
       fd_div_t2.asm.obj            310    0         0      
       s_scalbn.c.obj               272    0         0      
       fd_cmp_t2.asm.obj            268    0         0      
       fd_mul_t2.asm.obj            252    0         0      
       memcpy_t2.asm.obj            156    0         0      
       copy_decompress_lzss.c.obj   104    0         0      
       autoinit.c.obj               68     0         0      
       u_divt2.asm.obj              64     0         0      
       boot_cortex_m.c.obj          52     0         0      
       i_tofd_t2.asm.obj            46     0         0      
       copy_zero_init.c.obj         28     0         0      
       s_copysign.c.obj             26     0         0      
       copy_decompress_none.c.obj   14     0         0      
       errno.c.obj                  8      0         4      
       exit.c.obj                   4      0         0      
       pre_init.c.obj               4      0         0      
       div0.asm.obj                 2      0         0      
    +--+----------------------------+------+---------+---------+
       Total:                       4956   48        4      
                                                            
       Stack:                       0      0         256    
       Linker Generated:            0      47        0      
    +--+----------------------------+------+---------+---------+
       Grand Total:                 7788   371       303    


LINKER GENERATED COPY TABLES

__TI_cinit_table @ 00001fd8 records: 2, size/record: 8, table size: 16
	.data: load addr=00001fc4, load size=0000000b bytes, run addr=20000124, run size=0000000c bytes, compression=lzss
	.bss: load addr=00001fd0, load size=00000008 bytes, run addr=20000100, run size=00000024 bytes, compression=zero_init


LINKER GENERATED HANDLER TABLE

__TI_handler_table @ 00001fb8 records: 3, size/record: 4, table size: 12
	index: 0, handler: __TI_decompress_lzss
	index: 1, handler: __TI_decompress_none
	index: 2, handler: __TI_zero_init


GLOBAL SYMBOLS: SORTED ALPHABETICALLY BY Name 

address   name                          
-------   ----                          
00001e6d  C$$EXIT                       
00001b1d  ConfigureUART0                
20000100  F                             
00001d5f  GPIODirModeSet                
000011e3  GPIOPadConfigSet              
00001bb5  GPIOPinConfigure              
00001dd9  GPIOPinTypeI2C                
00001deb  GPIOPinTypeI2CSCL             
00001dfd  GPIOPinTypeUART               
00001e39  I2CMasterBusy                 
00001e5d  I2CMasterControl              
00001e61  I2CMasterDataGet              
00001e65  I2CMasterDataPut              
00001e2f  I2CMasterEnable               
00001b69  I2CMasterInitExpClk           
00001e41  I2CMasterSlaveAddrSet         
00001725  I2C_Init                      
0000198d  I2C_Read                      
20000108  S                             
00001315  SysCtlClockGet                
00001631  SysCtlClockSet                
00001e51  SysCtlDelay                   
00001cc9  SysCtlPeripheralEnable        
00001acd  SysCtlPeripheralReset         
20000110  TDIE                          
20000120  TMP006_Temp                   
20000122  TMP006_Voltage                
00001e57  UARTClockSourceSet            
00001a6d  UARTStdioConfig               
00001da5  UARTprintf                    
000009c1  UARTvprintf                   
00001bfd  UARTwrite                     
2000012a  XOR                           
00001e11  _IQ24mpy                      
20000100  __STACK_END                   
00000100  __STACK_SIZE                  
20000100  __STACK_TOP                   
00001fd8  __TI_CINIT_Base               
00001fe8  __TI_CINIT_Limit              
00001fb8  __TI_Handler_Table_Base       
00001fc4  __TI_Handler_Table_Limit      
00001c45  __TI_auto_init_nobinit_nopinit
00001a05  __TI_decompress_lzss          
00001e21  __TI_decompress_none          
ffffffff  __TI_pprof_out_hndl           
ffffffff  __TI_prof_data_size           
ffffffff  __TI_prof_data_start          
00000000  __TI_static_base__            
00001d89  __TI_zero_init_nomemset       
00001881  __aeabi_cdcmpeq               
00001881  __aeabi_cdcmple               
00001907  __aeabi_cdrcmple              
00000da7  __aeabi_dadd                  
000010ad  __aeabi_ddiv                  
00001535  __aeabi_dmul                  
00000d9d  __aeabi_dsub                  
00001e49  __aeabi_errno_addr            
00001d31  __aeabi_i2d                   
00000baf  __aeabi_idiv0                 
00000baf  __aeabi_ldiv0                 
000017e5  __aeabi_memcpy                
000017e5  __aeabi_memcpy4               
000017e5  __aeabi_memcpy8               
00001c89  __aeabi_uidiv                 
00001c89  __aeabi_uidivmod              
ffffffff  __binit__                     
ffffffff  __c_args__                    
UNDEFED   __mpu_init                    
20000000  __stack                       
20000000  __start___llvm_prf_cnts       
20000000  __stop___llvm_prf_cnts        
00001cfd  _c_int00_noargs               
UNDEFED   _system_post_cinit            
00001e69  _system_pre_init              
00001e6d  abort                         
ffffffff  binit                         
00001dbf  copysign                      
00001dbf  copysignl                     
2000012c  errno                         
00001425  ldexp                         
00001425  ldexpl                        
00000bb1  main                          
000017e5  memcpy                        
00000001  pow                           
00000001  powl                          
00001425  scalbn                        
00001425  scalbnl                       
00000f55  sqrt                          
00000f55  sqrtl                         
20000118  temp                          


GLOBAL SYMBOLS: SORTED BY Symbol Address 

address   name                          
-------   ----                          
00000000  __TI_static_base__            
00000001  pow                           
00000001  powl                          
00000100  __STACK_SIZE                  
000009c1  UARTvprintf                   
00000baf  __aeabi_idiv0                 
00000baf  __aeabi_ldiv0                 
00000bb1  main                          
00000d9d  __aeabi_dsub                  
00000da7  __aeabi_dadd                  
00000f55  sqrt                          
00000f55  sqrtl                         
000010ad  __aeabi_ddiv                  
000011e3  GPIOPadConfigSet              
00001315  SysCtlClockGet                
00001425  ldexp                         
00001425  ldexpl                        
00001425  scalbn                        
00001425  scalbnl                       
00001535  __aeabi_dmul                  
00001631  SysCtlClockSet                
00001725  I2C_Init                      
000017e5  __aeabi_memcpy                
000017e5  __aeabi_memcpy4               
000017e5  __aeabi_memcpy8               
000017e5  memcpy                        
00001881  __aeabi_cdcmpeq               
00001881  __aeabi_cdcmple               
00001907  __aeabi_cdrcmple              
0000198d  I2C_Read                      
00001a05  __TI_decompress_lzss          
00001a6d  UARTStdioConfig               
00001acd  SysCtlPeripheralReset         
00001b1d  ConfigureUART0                
00001b69  I2CMasterInitExpClk           
00001bb5  GPIOPinConfigure              
00001bfd  UARTwrite                     
00001c45  __TI_auto_init_nobinit_nopinit
00001c89  __aeabi_uidiv                 
00001c89  __aeabi_uidivmod              
00001cc9  SysCtlPeripheralEnable        
00001cfd  _c_int00_noargs               
00001d31  __aeabi_i2d                   
00001d5f  GPIODirModeSet                
00001d89  __TI_zero_init_nomemset       
00001da5  UARTprintf                    
00001dbf  copysign                      
00001dbf  copysignl                     
00001dd9  GPIOPinTypeI2C                
00001deb  GPIOPinTypeI2CSCL             
00001dfd  GPIOPinTypeUART               
00001e11  _IQ24mpy                      
00001e21  __TI_decompress_none          
00001e2f  I2CMasterEnable               
00001e39  I2CMasterBusy                 
00001e41  I2CMasterSlaveAddrSet         
00001e49  __aeabi_errno_addr            
00001e51  SysCtlDelay                   
00001e57  UARTClockSourceSet            
00001e5d  I2CMasterControl              
00001e61  I2CMasterDataGet              
00001e65  I2CMasterDataPut              
00001e69  _system_pre_init              
00001e6d  C$$EXIT                       
00001e6d  abort                         
00001fb8  __TI_Handler_Table_Base       
00001fc4  __TI_Handler_Table_Limit      
00001fd8  __TI_CINIT_Base               
00001fe8  __TI_CINIT_Limit              
20000000  __stack                       
20000000  __start___llvm_prf_cnts       
20000000  __stop___llvm_prf_cnts        
20000100  F                             
20000100  __STACK_END                   
20000100  __STACK_TOP                   
20000108  S                             
20000110  TDIE                          
20000118  temp                          
20000120  TMP006_Temp                   
20000122  TMP006_Voltage                
2000012a  XOR                           
2000012c  errno                         
ffffffff  __TI_pprof_out_hndl           
ffffffff  __TI_prof_data_size           
ffffffff  __TI_prof_data_start          
ffffffff  __binit__                     
ffffffff  __c_args__                    
ffffffff  binit                         
UNDEFED   __mpu_init                    
UNDEFED   _system_post_cinit            

[90 symbols]
